[static-debug] PUBLIC_DIR=C:\vbe-final\artifacts\api-server\dist\public staticDir=C:\vbe-final\artifacts\api-server\dist\public exists=true
{"level":30,"time":1791689376376,"pid":38300,"hostname":"Beast","tablesChecked":57,"columnsChecked":730,"msg":"schema check: save is up to date, 0 missing columns"}
[migrate] could not drop players.outfit_id: Failed to run the query 'ALTER TABLE players DROP COLUMN outfit_id'
[migrate] could not drop staff.team_id: Failed to run the query 'ALTER TABLE staff DROP COLUMN team_id'
{"level":30,"time":1791689376377,"pid":38300,"hostname":"Beast","starterDbPath":null,"reason":"STARTER_DB_PATH not set","msg":"reference data backfill skipped"}
{"level":30,"time":1791689376395,"pid":38300,"hostname":"Beast","port":4211,"msg":"Server listening"}
{"level":30,"time":1791689376717,"pid":38300,"hostname":"Beast","req":{"id":1,"method":"GET","url":"/api/healthz"},"res":{"statusCode":200},"responseTime":3,"msg":"request completed"}
{"level":30,"time":1791689376728,"pid":38300,"hostname":"Beast","req":{"id":2,"method":"POST","url":"/api/profiles"},"res":{"statusCode":201},"responseTime":6,"msg":"request completed"}
{"level":30,"time":1791689376731,"pid":38300,"hostname":"Beast","req":{"id":3,"method":"POST","url":"/api/profiles/1d334344-379e-4fe2-9603-27c80c60514f/select"},"res":{"statusCode":200},"responseTime":1,"msg":"request completed"}
{"level":30,"time":1791689376743,"pid":38300,"hostname":"Beast","req":{"id":4,"method":"GET","url":"/api/club-templates"},"res":{"statusCode":200},"responseTime":3,"msg":"request completed"}
{"level":30,"time":1791689376815,"pid":38300,"hostname":"Beast","req":{"id":5,"method":"POST","url":"/api/careers"},"res":{"statusCode":200},"responseTime":62,"msg":"request completed"}
{"level":30,"time":1791689378085,"pid":38300,"hostname":"Beast","req":{"id":6,"method":"GET","url":"/"},"res":{"statusCode":200},"responseTime":3,"msg":"request completed"}
{"level":30,"time":1791689378094,"pid":38300,"hostname":"Beast","req":{"id":7,"method":"GET","url":"/assets/index-BFTloZe0.css"},"res":{"statusCode":200},"responseTime":3,"msg":"request completed"}
{"level":30,"time":1791689378112,"pid":38300,"hostname":"Beast","req":{"id":8,"method":"GET","url":"/assets/index-DF3UacLk.js"},"res":{"statusCode":200},"responseTime":20,"msg":"request completed"}
{"level":30,"time":1791689378453,"pid":38300,"hostname":"Beast","req":{"id":9,"method":"GET","url":"/api/auth/user"},"res":{"statusCode":200},"responseTime":1,"msg":"request completed"}
{"level":30,"time":1791689378454,"pid":38300,"hostname":"Beast","req":{"id":10,"method":"GET","url":"/api/seasons/current"},"res":{"statusCode":200},"responseTime":1,"msg":"request completed"}
{"level":30,"time":1791689378459,"pid":38300,"hostname":"Beast","req":{"id":11,"method":"GET","url":"/images/brand/bve-title-large.png"},"res":{"statusCode":200},"responseTime":4,"msg":"request completed"}
{"level":30,"time":1791689378472,"pid":38300,"hostname":"Beast","req":{"id":13,"method":"GET","url":"/favicon.svg"},"res":{"statusCode":200},"responseTime":1,"msg":"request completed"}
{"level":30,"time":1791689378475,"pid":38300,"hostname":"Beast","req":{"id":14,"method":"GET","url":"/api/team"},"res":{"statusCode":200},"responseTime":1,"msg":"request completed"}
{"level":30,"time":1791689378488,"pid":38300,"hostname":"Beast","req":{"id":12,"method":"GET","url":"/audio/music/beach-volleyball-empire.mp3"},"res":{"statusCode":206},"responseTime":19,"msg":"request completed"}
{"level":30,"time":1791689378539,"pid":38300,"hostname":"Beast","req":{"id":15,"method":"GET","url":"/favicon.svg"},"res":{"statusCode":304},"responseTime":1,"msg":"request completed"}
{"level":30,"time":1791689380605,"pid":38300,"hostname":"Beast","req":{"id":16,"method":"GET","url":"/api/achievements"},"res":{"statusCode":200},"responseTime":2,"msg":"request completed"}
{"level":30,"time":1791689380609,"pid":38300,"hostname":"Beast","req":{"id":17,"method":"GET","url":"/api/calendar"},"res":{"statusCode":200},"responseTime":4,"msg":"request completed"}
{"level":30,"time":1791689380611,"pid":38300,"hostname":"Beast","req":{"id":18,"method":"GET","url":"/api/calendar/round-names"},"res":{"statusCode":200},"responseTime":1,"msg":"request completed"}
{"level":30,"time":1791689380614,"pid":38300,"hostname":"Beast","req":{"id":19,"method":"GET","url":"/api/attention-items"},"res":{"statusCode":200},"responseTime":3,"msg":"request completed"}
{"level":30,"time":1791689380619,"pid":38300,"hostname":"Beast","req":{"id":20,"method":"GET","url":"/api/dashboard"},"res":{"statusCode":200},"responseTime":5,"msg":"request completed"}
{"level":30,"time":1791689380620,"pid":38300,"hostname":"Beast","req":{"id":21,"method":"GET","url":"/api/auth/user"},"res":{"statusCode":304},"responseTime":1,"msg":"request completed"}
{"level":30,"time":1791689380621,"pid":38300,"hostname":"Beast","req":{"id":22,"method":"GET","url":"/api/seasons/1/ladder"},"res":{"statusCode":200},"responseTime":1,"msg":"request completed"}
{"level":30,"time":1791689380624,"pid":38300,"hostname":"Beast","req":{"id":23,"method":"GET","url":"/api/club-rating"},"res":{"statusCode":200},"responseTime":3,"msg":"request completed"}
{"level":30,"time":1791689380626,"pid":38300,"hostname":"Beast","req":{"id":24,"method":"GET","url":"/api/facilities"},"res":{"statusCode":200},"responseTime":2,"msg":"request completed"}
{"level":30,"time":1791689380635,"pid":38300,"hostname":"Beast","req":{"id":25,"method":"GET","url":"/api/news"},"res":{"statusCode":200},"responseTime":9,"msg":"request completed"}
{"level":30,"time":1791689380637,"pid":38300,"hostname":"Beast","req":{"id":26,"method":"GET","url":"/api/seasons/current"},"res":{"statusCode":304},"responseTime":1,"msg":"request completed"}
{"level":30,"time":1791689380640,"pid":38300,"hostname":"Beast","req":{"id":27,"method":"GET","url":"/api/events/upcoming"},"res":{"statusCode":200},"responseTime":3,"msg":"request completed"}
{"level":30,"time":1791689380642,"pid":38300,"hostname":"Beast","req":{"id":28,"method":"GET","url":"/api/board-confidence"},"res":{"statusCode":200},"responseTime":2,"msg":"request completed"}
{"level":30,"time":1791689380644,"pid":38300,"hostname":"Beast","req":{"id":29,"method":"GET","url":"/images/hero-women-volleyball.webp"},"res":{"statusCode":200},"responseTime":2,"msg":"request completed"}
{"level":30,"time":1791689382892,"pid":38300,"hostname":"Beast","req":{"id":30,"method":"POST","url":"/api/calendar/next-match"},"res":{"statusCode":200},"responseTime":1862,"msg":"request completed"}
{"level":30,"time":1791689382897,"pid":38300,"hostname":"Beast","req":{"id":31,"method":"GET","url":"/api/auth/user"},"res":{"statusCode":304},"responseTime":1,"msg":"request completed"}
{"level":30,"time":1791689382898,"pid":38300,"hostname":"Beast","req":{"id":32,"method":"GET","url":"/api/team"},"res":{"statusCode":200},"responseTime":1,"msg":"request completed"}
{"level":30,"time":1791689382899,"pid":38300,"hostname":"Beast","req":{"id":33,"method":"GET","url":"/api/seasons/current"},"res":{"statusCode":200},"responseTime":1,"msg":"request completed"}
{"level":30,"time":1791689382900,"pid":38300,"hostname":"Beast","req":{"id":34,"method":"GET","url":"/api/achievements"},"res":{"statusCode":304},"responseTime":1,"msg":"request completed"}
{"level":30,"time":1791689382904,"pid":38300,"hostname":"Beast","req":{"id":35,"method":"GET","url":"/api/calendar"},"res":{"statusCode":200},"responseTime":4,"msg":"request completed"}
{"level":30,"time":1791689382905,"pid":38300,"hostname":"Beast","req":{"id":36,"method":"GET","url":"/api/calendar/round-names"},"res":{"statusCode":304},"responseTime":1,"msg":"request completed"}
{"level":30,"time":1791689382907,"pid":38300,"hostname":"Beast","req":{"id":37,"method":"GET","url":"/api/attention-items"},"res":{"statusCode":200},"responseTime":2,"msg":"request completed"}
{"level":30,"time":1791689382911,"pid":38300,"hostname":"Beast","req":{"id":38,"method":"GET","url":"/api/dashboard"},"res":{"statusCode":200},"responseTime":4,"msg":"request completed"}
{"level":30,"time":1791689382913,"pid":38300,"hostname":"Beast","req":{"id":39,"method":"GET","url":"/api/seasons/1/ladder"},"res":{"statusCode":200},"responseTime":2,"msg":"request completed"}
{"level":30,"time":1791689382915,"pid":38300,"hostname":"Beast","req":{"id":40,"method":"GET","url":"/api/club-rating"},"res":{"statusCode":304},"responseTime":2,"msg":"request completed"}
{"level":30,"time":1791689382916,"pid":38300,"hostname":"Beast","req":{"id":41,"method":"GET","url":"/api/facilities"},"res":{"statusCode":304},"responseTime":1,"msg":"request completed"}
{"level":30,"time":1791689382918,"pid":38300,"hostname":"Beast","req":{"id":42,"method":"GET","url":"/api/news"},"res":{"statusCode":304},"responseTime":2,"msg":"request completed"}
{"level":30,"time":1791689382920,"pid":38300,"hostname":"Beast","req":{"id":43,"method":"GET","url":"/api/events/upcoming"},"res":{"statusCode":200},"responseTime":2,"msg":"request completed"}
{"level":30,"time":1791689382925,"pid":38300,"hostname":"Beast","req":{"id":44,"method":"GET","url":"/api/board-confidence"},"res":{"statusCode":200},"responseTime":5,"msg":"request completed"}
{"level":30,"time":1791689383085,"pid":38300,"hostname":"Beast","req":{"id":45,"method":"POST","url":"/api/matches/1/watch"},"res":{"statusCode":200},"responseTime":5,"msg":"request completed"}
{"level":30,"time":1791689383093,"pid":38300,"hostname":"Beast","req":{"id":46,"method":"GET","url":"/api/careers"},"res":{"statusCode":200},"responseTime":1,"msg":"request completed"}
{"level":30,"time":1791689383094,"pid":38300,"hostname":"Beast","req":{"id":47,"method":"HEAD","url":"/unity-build/index.html"},"res":{"statusCode":200},"responseTime":1,"msg":"request completed"}
{"level":30,"time":1791689383103,"pid":38300,"hostname":"Beast","req":{"id":48,"method":"GET","url":"/unity-build/index.html"},"res":{"statusCode":200},"responseTime":1,"msg":"request completed"}
{"level":30,"time":1791689383110,"pid":38300,"hostname":"Beast","req":{"id":49,"method":"GET","url":"/unity-build/Build/Volleyball_WebGL_Uncompressed_2.loader.js"},"res":{"statusCode":200},"responseTime":1,"msg":"request completed"}
{"level":30,"time":1791689383125,"pid":38300,"hostname":"Beast","req":{"id":50,"method":"GET","url":"/unity-build/Build/Volleyball_WebGL_Uncompressed_2.framework.js"},"res":{"statusCode":200},"responseTime":3,"msg":"request completed"}
{"level":30,"time":1791689383518,"pid":38300,"hostname":"Beast","req":{"id":51,"method":"GET","url":"/unity-build/Build/Volleyball_WebGL_Uncompressed_2.wasm"},"res":{"statusCode":200},"responseTime":369,"msg":"request completed"}
{"level":30,"time":1791689385325,"pid":38300,"hostname":"Beast","req":{"id":52,"method":"GET","url":"/unity-build/Build/Volleyball_WebGL_Uncompressed_2.data"},"res":{"statusCode":200},"responseTime":2175,"msg":"request completed"}
{"level":30,"time":1791689389009,"pid":38300,"hostname":"Beast","req":{"id":54,"method":"GET","url":"/api/unity/match-state"},"careerSaveId":1,"careerSource":"query","teamId":1,"msg":"unity/match-state career resolved"}
{"level":30,"time":1791689389013,"pid":38300,"hostname":"Beast","req":{"id":54,"method":"GET","url":"/api/unity/match-state"},"matchId":1,"status":"in_progress","playerCount":4,"msg":"unity/match-state served"}
{"level":30,"time":1791689389030,"pid":38300,"hostname":"Beast","req":{"id":54,"method":"GET","url":"/api/unity/match-state"},"res":{"statusCode":200},"responseTime":22,"msg":"request completed"}
{"level":30,"time":1791689389031,"pid":38300,"hostname":"Beast","req":{"id":53,"method":"GET","url":"/unity-build/StreamingAssets/commentary/A_serve_1.mp3"},"res":{"statusCode":200},"responseTime":24,"msg":"request completed"}
{"level":30,"time":1791689390101,"pid":38300,"hostname":"Beast","req":{"id":55,"method":"GET","url":"/unity-build/StreamingAssets/commentary/A_serve_2.mp3"},"res":{"statusCode":200},"responseTime":2,"msg":"request completed"}
{"level":30,"time":1791689390148,"pid":38300,"hostname":"Beast","req":{"id":56,"method":"GET","url":"/unity-build/StreamingAssets/commentary/A_serve_3.mp3"},"res":{"statusCode":200},"responseTime":3,"msg":"request completed"}
{"level":30,"time":1791689390200,"pid":38300,"hostname":"Beast","req":{"id":57,"method":"GET","url":"/unity-build/StreamingAssets/commentary/A_dig_1.mp3"},"res":{"statusCode":200},"responseTime":3,"msg":"request completed"}
{"level":30,"time":1791689390244,"pid":38300,"hostname":"Beast","req":{"id":58,"method":"GET","url":"/unity-build/StreamingAssets/commentary/A_dig_2.mp3"},"res":{"statusCode":200},"responseTime":2,"msg":"request completed"}
{"level":30,"time":1791689390289,"pid":38300,"hostname":"Beast","req":{"id":59,"method":"GET","url":"/unity-build/StreamingAssets/commentary/A_dig_3.mp3"},"res":{"statusCode":200},"responseTime":3,"msg":"request completed"}
{"level":30,"time":1791689390340,"pid":38300,"hostname":"Beast","req":{"id":60,"method":"GET","url":"/unity-build/StreamingAssets/commentary/A_set_1.mp3"},"res":{"statusCode":200},"responseTime":2,"msg":"request completed"}
{"level":30,"time":1791689390391,"pid":38300,"hostname":"Beast","req":{"id":61,"method":"GET","url":"/unity-build/StreamingAssets/commentary/A_set_2.mp3"},"res":{"statusCode":200},"responseTime":3,"msg":"request completed"}
{"level":30,"time":1791689390444,"pid":38300,"hostname":"Beast","req":{"id":62,"method":"GET","url":"/unity-build/StreamingAssets/commentary/A_set_3.mp3"},"res":{"statusCode":200},"responseTime":2,"msg":"request completed"}
{"level":30,"time":1791689390493,"pid":38300,"hostname":"Beast","req":{"id":63,"method":"GET","url":"/unity-build/StreamingAssets/commentary/A_spike_1.mp3"},"res":{"statusCode":200},"responseTime":2,"msg":"request completed"}
{"level":30,"time":1791689390542,"pid":38300,"hostname":"Beast","req":{"id":64,"method":"GET","url":"/unity-build/StreamingAssets/commentary/A_spike_2.mp3"},"res":{"statusCode":200},"responseTime":2,"msg":"request completed"}
{"level":30,"time":1791689390595,"pid":38300,"hostname":"Beast","req":{"id":65,"method":"GET","url":"/unity-build/StreamingAssets/commentary/A_spike_3.mp3"},"res":{"statusCode":200},"responseTime":3,"msg":"request completed"}
{"level":30,"time":1791689390641,"pid":38300,"hostname":"Beast","req":{"id":66,"method":"GET","url":"/unity-build/StreamingAssets/commentary/A_blockattempt_1.mp3"},"res":{"statusCode":200},"responseTime":2,"msg":"request completed"}
{"level":30,"time":1791689390688,"pid":38300,"hostname":"Beast","req":{"id":67,"method":"GET","url":"/unity-build/StreamingAssets/commentary/A_blockattempt_2.mp3"},"res":{"statusCode":200},"responseTime":2,"msg":"request completed"}
{"level":30,"time":1791689390742,"pid":38300,"hostname":"Beast","req":{"id":68,"method":"GET","url":"/unity-build/StreamingAssets/commentary/A_blockattempt_3.mp3"},"res":{"statusCode":200},"responseTime":2,"msg":"request completed"}
{"level":30,"time":1791689390799,"pid":38300,"hostname":"Beast","req":{"id":69,"method":"GET","url":"/unity-build/StreamingAssets/commentary/A_block_1.mp3"},"res":{"statusCode":200},"responseTime":2,"msg":"request completed"}
{"level":30,"time":1791689390851,"pid":38300,"hostname":"Beast","req":{"id":70,"method":"GET","url":"/unity-build/StreamingAssets/commentary/A_block_2.mp3"},"res":{"statusCode":200},"responseTime":2,"msg":"request completed"}
{"level":30,"time":1791689390903,"pid":38300,"hostname":"Beast","req":{"id":71,"method":"GET","url":"/unity-build/StreamingAssets/commentary/A_block_3.mp3"},"res":{"statusCode":200},"responseTime":3,"msg":"request completed"}
{"level":30,"time":1791689390958,"pid":38300,"hostname":"Beast","req":{"id":72,"method":"GET","url":"/unity-build/StreamingAssets/commentary/A_point_1.mp3"},"res":{"statusCode":200},"responseTime":2,"msg":"request completed"}
{"level":30,"time":1791689391016,"pid":38300,"hostname":"Beast","req":{"id":73,"method":"GET","url":"/unity-build/StreamingAssets/commentary/A_point_2.mp3"},"res":{"statusCode":200},"responseTime":2,"msg":"request completed"}
{"level":30,"time":1791689391068,"pid":38300,"hostname":"Beast","req":{"id":74,"method":"GET","url":"/unity-build/StreamingAssets/commentary/A_point_3.mp3"},"res":{"statusCode":200},"responseTime":1,"msg":"request completed"}
{"level":30,"time":1791689391120,"pid":38300,"hostname":"Beast","req":{"id":75,"method":"GET","url":"/unity-build/StreamingAssets/commentary/A_rally_1.mp3"},"res":{"statusCode":200},"responseTime":2,"msg":"request completed"}
{"level":30,"time":1791689391174,"pid":38300,"hostname":"Beast","req":{"id":76,"method":"GET","url":"/unity-build/StreamingAssets/commentary/A_rally_2.mp3"},"res":{"statusCode":200},"responseTime":2,"msg":"request completed"}
{"level":30,"time":1791689391231,"pid":38300,"hostname":"Beast","req":{"id":77,"method":"GET","url":"/unity-build/StreamingAssets/commentary/A_rally_3.mp3"},"res":{"statusCode":200},"responseTime":2,"msg":"request completed"}
{"level":30,"time":1791689391286,"pid":38300,"hostname":"Beast","req":{"id":78,"method":"GET","url":"/unity-build/StreamingAssets/commentary/B_serve_1.mp3"},"res":{"statusCode":200},"responseTime":2,"msg":"request completed"}
{"level":30,"time":1791689391337,"pid":38300,"hostname":"Beast","req":{"id":79,"method":"GET","url":"/unity-build/StreamingAssets/commentary/B_serve_2.mp3"},"res":{"statusCode":200},"responseTime":2,"msg":"request completed"}
{"level":30,"time":1791689391393,"pid":38300,"hostname":"Beast","req":{"id":80,"method":"GET","url":"/unity-build/StreamingAssets/commentary/B_serve_3.mp3"},"res":{"statusCode":200},"responseTime":2,"msg":"request completed"}
{"level":30,"time":1791689391452,"pid":38300,"hostname":"Beast","req":{"id":81,"method":"GET","url":"/unity-build/StreamingAssets/commentary/B_dig_1.mp3"},"res":{"statusCode":200},"responseTime":2,"msg":"request completed"}
{"level":30,"time":1791689391505,"pid":38300,"hostname":"Beast","req":{"id":82,"method":"GET","url":"/unity-build/StreamingAssets/commentary/B_dig_2.mp3"},"res":{"statusCode":200},"responseTime":2,"msg":"request completed"}
{"level":30,"time":1791689391559,"pid":38300,"hostname":"Beast","req":{"id":83,"method":"GET","url":"/unity-build/StreamingAssets/commentary/B_dig_3.mp3"},"res":{"statusCode":200},"responseTime":2,"msg":"request completed"}
{"level":30,"time":1791689391617,"pid":38300,"hostname":"Beast","req":{"id":84,"method":"GET","url":"/unity-build/StreamingAssets/commentary/B_set_1.mp3"},"res":{"statusCode":200},"responseTime":2,"msg":"request completed"}
{"level":30,"time":1791689391670,"pid":38300,"hostname":"Beast","req":{"id":85,"method":"GET","url":"/unity-build/StreamingAssets/commentary/B_set_2.mp3"},"res":{"statusCode":200},"responseTime":1,"msg":"request completed"}
{"level":30,"time":1791689391723,"pid":38300,"hostname":"Beast","req":{"id":86,"method":"GET","url":"/unity-build/StreamingAssets/commentary/B_set_3.mp3"},"res":{"statusCode":200},"responseTime":2,"msg":"request completed"}
{"level":30,"time":1791689391782,"pid":38300,"hostname":"Beast","req":{"id":87,"method":"GET","url":"/unity-build/StreamingAssets/commentary/B_spike_1.mp3"},"res":{"statusCode":200},"responseTime":2,"msg":"request completed"}
{"level":30,"time":1791689391836,"pid":38300,"hostname":"Beast","req":{"id":88,"method":"GET","url":"/unity-build/StreamingAssets/commentary/B_spike_2.mp3"},"res":{"statusCode":200},"responseTime":2,"msg":"request completed"}
{"level":30,"time":1791689391888,"pid":38300,"hostname":"Beast","req":{"id":89,"method":"GET","url":"/unity-build/StreamingAssets/commentary/B_spike_3.mp3"},"res":{"statusCode":200},"responseTime":1,"msg":"request completed"}
{"level":30,"time":1791689391943,"pid":38300,"hostname":"Beast","req":{"id":90,"method":"GET","url":"/unity-build/StreamingAssets/commentary/B_blockattempt_1.mp3"},"res":{"statusCode":200},"responseTime":2,"msg":"request completed"}
{"level":30,"time":1791689392000,"pid":38300,"hostname":"Beast","req":{"id":91,"method":"GET","url":"/unity-build/StreamingAssets/commentary/B_blockattempt_2.mp3"},"res":{"statusCode":200},"responseTime":2,"msg":"request completed"}
{"level":30,"time":1791689392054,"pid":38300,"hostname":"Beast","req":{"id":92,"method":"GET","url":"/unity-build/StreamingAssets/commentary/B_blockattempt_3.mp3"},"res":{"statusCode":200},"responseTime":2,"msg":"request completed"}
{"level":30,"time":1791689392107,"pid":38300,"hostname":"Beast","req":{"id":93,"method":"GET","url":"/unity-build/StreamingAssets/commentary/B_block_1.mp3"},"res":{"statusCode":200},"responseTime":2,"msg":"request completed"}
{"level":30,"time":1791689392165,"pid":38300,"hostname":"Beast","req":{"id":94,"method":"GET","url":"/unity-build/StreamingAssets/commentary/B_block_2.mp3"},"res":{"statusCode":200},"responseTime":2,"msg":"request completed"}
{"level":30,"time":1791689392217,"pid":38300,"hostname":"Beast","req":{"id":95,"method":"GET","url":"/unity-build/StreamingAssets/commentary/B_block_3.mp3"},"res":{"statusCode":200},"responseTime":2,"msg":"request completed"}
{"level":30,"time":1791689392269,"pid":38300,"hostname":"Beast","req":{"id":96,"method":"GET","url":"/unity-build/StreamingAssets/commentary/B_point_1.mp3"},"res":{"statusCode":200},"responseTime":2,"msg":"request completed"}
{"level":30,"time":1791689392323,"pid":38300,"hostname":"Beast","req":{"id":97,"method":"GET","url":"/unity-build/StreamingAssets/commentary/B_point_2.mp3"},"res":{"statusCode":200},"responseTime":2,"msg":"request completed"}
{"level":30,"time":1791689392382,"pid":38300,"hostname":"Beast","req":{"id":98,"method":"GET","url":"/unity-build/StreamingAssets/commentary/B_point_3.mp3"},"res":{"statusCode":200},"responseTime":2,"msg":"request completed"}
{"level":30,"time":1791689392435,"pid":38300,"hostname":"Beast","req":{"id":99,"method":"GET","url":"/unity-build/StreamingAssets/commentary/B_rally_1.mp3"},"res":{"statusCode":200},"responseTime":1,"msg":"request completed"}
{"level":30,"time":1791689392489,"pid":38300,"hostname":"Beast","req":{"id":100,"method":"GET","url":"/unity-build/StreamingAssets/commentary/B_rally_2.mp3"},"res":{"statusCode":200},"responseTime":2,"msg":"request completed"}
{"level":30,"time":1791689392542,"pid":38300,"hostname":"Beast","req":{"id":101,"method":"GET","url":"/unity-build/StreamingAssets/commentary/B_rally_3.mp3"},"res":{"statusCode":200},"responseTime":2,"msg":"request completed"}
{"level":30,"time":1791689401416,"pid":38300,"hostname":"Beast","req":{"id":102,"method":"POST","url":"/api/unity/match-progress"},"res":{"statusCode":200},"responseTime":2,"msg":"request completed"}
{"level":30,"time":1791689405030,"pid":38300,"hostname":"Beast","req":{"id":103,"method":"POST","url":"/api/unity/match-progress"},"res":{"statusCode":200},"responseTime":2,"msg":"request completed"}
{"level":30,"time":1791689406800,"pid":38300,"hostname":"Beast","msg":"WAL checkpointed and database closed for shutdown"}
