[static-debug] PUBLIC_DIR=C:\vbe-final\artifacts\api-server\dist\public staticDir=C:\vbe-final\artifacts\api-server\dist\public exists=true
{"level":30,"time":1791629806115,"pid":6168,"hostname":"Beast","tablesChecked":57,"columnsChecked":730,"msg":"schema check: save is up to date, 0 missing columns"}
[migrate] could not drop players.outfit_id: Failed to run the query 'ALTER TABLE players DROP COLUMN outfit_id'
[migrate] could not drop staff.team_id: Failed to run the query 'ALTER TABLE staff DROP COLUMN team_id'
{"level":30,"time":1791629806115,"pid":6168,"hostname":"Beast","starterDbPath":null,"reason":"STARTER_DB_PATH not set","msg":"reference data backfill skipped"}
{"level":30,"time":1791629806133,"pid":6168,"hostname":"Beast","port":4223,"msg":"Server listening"}
{"level":30,"time":1791629806467,"pid":6168,"hostname":"Beast","req":{"id":1,"method":"GET","url":"/api/healthz"},"res":{"statusCode":200},"responseTime":3,"msg":"request completed"}
{"level":30,"time":1791629806477,"pid":6168,"hostname":"Beast","req":{"id":2,"method":"POST","url":"/api/profiles"},"res":{"statusCode":201},"responseTime":5,"msg":"request completed"}
{"level":30,"time":1791629806491,"pid":6168,"hostname":"Beast","req":{"id":3,"method":"POST","url":"/api/profiles/fe938fee-cf04-41c4-b69f-a8328fce8e1e/select"},"res":{"statusCode":200},"responseTime":1,"msg":"request completed"}
{"level":30,"time":1791629806506,"pid":6168,"hostname":"Beast","req":{"id":4,"method":"GET","url":"/api/club-templates"},"res":{"statusCode":200},"responseTime":3,"msg":"request completed"}
{"level":30,"time":1791629806579,"pid":6168,"hostname":"Beast","req":{"id":5,"method":"POST","url":"/api/careers"},"res":{"statusCode":200},"responseTime":60,"msg":"request completed"}
{"level":30,"time":1791629806595,"pid":6168,"hostname":"Beast","req":{"id":6,"method":"GET","url":"/api/team"},"res":{"statusCode":200},"responseTime":0,"msg":"request completed"}
{"level":30,"time":1791629808139,"pid":6168,"hostname":"Beast","req":{"id":7,"method":"POST","url":"/api/calendar/next-match"},"res":{"statusCode":200},"responseTime":1530,"msg":"request completed"}
{"level":30,"time":1791629808146,"pid":6168,"hostname":"Beast","req":{"id":8,"method":"GET","url":"/api/unity/match-state"},"careerSaveId":1,"careerSource":"query","teamId":1,"msg":"unity/match-state career resolved"}
{"level":30,"time":1791629808148,"pid":6168,"hostname":"Beast","req":{"id":8,"method":"GET","url":"/api/unity/match-state"},"matchId":1,"status":"scheduled","playerCount":4,"msg":"unity/match-state served"}
{"level":30,"time":1791629808150,"pid":6168,"hostname":"Beast","req":{"id":8,"method":"GET","url":"/api/unity/match-state"},"res":{"statusCode":200},"responseTime":5,"msg":"request completed"}
{"level":30,"time":1791629808190,"pid":6168,"hostname":"Beast","req":{"id":9,"method":"GET","url":"/api/players/market-all"},"res":{"statusCode":200},"responseTime":15,"msg":"request completed"}
{"level":30,"time":1791629808206,"pid":6168,"hostname":"Beast","req":{"id":10,"method":"GET","url":"/api/players"},"res":{"statusCode":200},"responseTime":1,"msg":"request completed"}
{"level":30,"time":1791629808221,"pid":6168,"hostname":"Beast","req":{"id":11,"method":"POST","url":"/api/players/292/release"},"res":{"statusCode":200},"responseTime":2,"msg":"request completed"}
{"level":30,"time":1791629808238,"pid":6168,"hostname":"Beast","req":{"id":12,"method":"POST","url":"/api/contracts"},"res":{"statusCode":201},"responseTime":6,"msg":"request completed"}
{"level":30,"time":1791629808247,"pid":6168,"hostname":"Beast","req":{"id":13,"method":"GET","url":"/api/unity/match-state"},"careerSaveId":1,"careerSource":"query","teamId":1,"msg":"unity/match-state career resolved"}
{"level":30,"time":1791629808249,"pid":6168,"hostname":"Beast","req":{"id":13,"method":"GET","url":"/api/unity/match-state"},"matchId":1,"status":"scheduled","playerCount":4,"msg":"unity/match-state served"}
{"level":30,"time":1791629808251,"pid":6168,"hostname":"Beast","req":{"id":13,"method":"GET","url":"/api/unity/match-state"},"res":{"statusCode":200},"responseTime":5,"msg":"request completed"}
{"level":30,"time":1791629808277,"pid":6168,"hostname":"Beast","req":{"id":14,"method":"GET","url":"/api/players/market-all"},"res":{"statusCode":200},"responseTime":15,"msg":"request completed"}
{"level":30,"time":1791629808291,"pid":6168,"hostname":"Beast","req":{"id":15,"method":"GET","url":"/images/players/seniors/player_senior_puerto_rico_03.webp"},"res":{"statusCode":200},"responseTime":2,"msg":"request completed"}
{"level":30,"time":1791629808305,"pid":6168,"hostname":"Beast","req":{"id":16,"method":"GET","url":"/images/players/seniors/ai/player_senior_ai_eur_04_p2.webp"},"res":{"statusCode":200},"responseTime":1,"msg":"request completed"}
{"level":30,"time":1791629808308,"pid":6168,"hostname":"Beast","req":{"id":17,"method":"GET","url":"/api/players"},"res":{"statusCode":200},"responseTime":2,"msg":"request completed"}
{"level":30,"time":1791629808311,"pid":6168,"hostname":"Beast","req":{"id":18,"method":"PATCH","url":"/api/team/roster/285/role"},"res":{"statusCode":200},"responseTime":2,"msg":"request completed"}
{"level":30,"time":1791629808315,"pid":6168,"hostname":"Beast","req":{"id":19,"method":"PATCH","url":"/api/team/roster/298/role"},"res":{"statusCode":200},"responseTime":2,"msg":"request completed"}
{"level":30,"time":1791629808321,"pid":6168,"hostname":"Beast","req":{"id":20,"method":"PATCH","url":"/api/team/roster/553/role"},"res":{"statusCode":200},"responseTime":2,"msg":"request completed"}
{"level":30,"time":1791629808333,"pid":6168,"hostname":"Beast","req":{"id":21,"method":"GET","url":"/api/unity/match-state"},"careerSaveId":1,"careerSource":"query","teamId":1,"msg":"unity/match-state career resolved"}
{"level":30,"time":1791629808335,"pid":6168,"hostname":"Beast","req":{"id":21,"method":"GET","url":"/api/unity/match-state"},"matchId":1,"status":"scheduled","playerCount":4,"msg":"unity/match-state served"}
{"level":30,"time":1791629808337,"pid":6168,"hostname":"Beast","req":{"id":21,"method":"GET","url":"/api/unity/match-state"},"res":{"statusCode":200},"responseTime":4,"msg":"request completed"}
{"level":30,"time":1791629808347,"pid":6168,"hostname":"Beast","req":{"id":22,"method":"GET","url":"/images/players/seniors/ai/player_senior_ai_eur_04_p1.webp"},"res":{"statusCode":200},"responseTime":1,"msg":"request completed"}
{"level":30,"time":1791629808877,"pid":6168,"hostname":"Beast","req":{"id":23,"method":"GET","url":"/"},"res":{"statusCode":200},"responseTime":1,"msg":"request completed"}
{"level":30,"time":1791629808886,"pid":6168,"hostname":"Beast","req":{"id":24,"method":"GET","url":"/assets/index-BFTloZe0.css"},"res":{"statusCode":200},"responseTime":2,"msg":"request completed"}
{"level":30,"time":1791629808893,"pid":6168,"hostname":"Beast","req":{"id":25,"method":"GET","url":"/assets/index-DF3UacLk.js"},"res":{"statusCode":200},"responseTime":8,"msg":"request completed"}
{"level":30,"time":1791629809225,"pid":6168,"hostname":"Beast","req":{"id":26,"method":"GET","url":"/api/auth/user"},"res":{"statusCode":200},"responseTime":1,"msg":"request completed"}
{"level":30,"time":1791629809226,"pid":6168,"hostname":"Beast","req":{"id":27,"method":"GET","url":"/api/seasons/current"},"res":{"statusCode":200},"responseTime":1,"msg":"request completed"}
{"level":30,"time":1791629809231,"pid":6168,"hostname":"Beast","req":{"id":28,"method":"GET","url":"/images/brand/bve-title-large.png"},"res":{"statusCode":200},"responseTime":5,"msg":"request completed"}
{"level":30,"time":1791629809244,"pid":6168,"hostname":"Beast","req":{"id":30,"method":"GET","url":"/favicon.svg"},"res":{"statusCode":200},"responseTime":1,"msg":"request completed"}
{"level":30,"time":1791629809247,"pid":6168,"hostname":"Beast","req":{"id":31,"method":"GET","url":"/api/team"},"res":{"statusCode":200},"responseTime":1,"msg":"request completed"}
{"level":30,"time":1791629809273,"pid":6168,"hostname":"Beast","req":{"id":29,"method":"GET","url":"/audio/music/beach-volleyball-empire.mp3"},"res":{"statusCode":206},"responseTime":32,"msg":"request completed"}
{"level":30,"time":1791629809357,"pid":6168,"hostname":"Beast","req":{"id":32,"method":"GET","url":"/favicon.svg"},"res":{"statusCode":304},"responseTime":3,"msg":"request completed"}
{"level":30,"time":1791629811397,"pid":6168,"hostname":"Beast","req":{"id":33,"method":"GET","url":"/"},"res":{"statusCode":304},"responseTime":1,"msg":"request completed"}
{"level":30,"time":1791629811403,"pid":6168,"hostname":"Beast","req":{"id":34,"method":"GET","url":"/assets/index-BFTloZe0.css"},"res":{"statusCode":304},"responseTime":1,"msg":"request completed"}
{"level":30,"time":1791629811403,"pid":6168,"hostname":"Beast","req":{"id":35,"method":"GET","url":"/assets/index-DF3UacLk.js"},"res":{"statusCode":304},"responseTime":0,"msg":"request completed"}
{"level":30,"time":1791629811418,"pid":6168,"hostname":"Beast","req":{"id":36,"method":"GET","url":"/images/brand/bve-title-large.png"},"res":{"statusCode":304},"responseTime":1,"msg":"request completed"}
{"level":30,"time":1791629811420,"pid":6168,"hostname":"Beast","req":{"id":37,"method":"GET","url":"/api/auth/user"},"res":{"statusCode":304},"responseTime":1,"msg":"request completed"}
{"level":30,"time":1791629811420,"pid":6168,"hostname":"Beast","req":{"id":38,"method":"GET","url":"/api/seasons/current"},"res":{"statusCode":304},"responseTime":0,"msg":"request completed"}
{"level":30,"time":1791629811424,"pid":6168,"hostname":"Beast","req":{"id":39,"method":"GET","url":"/audio/music/beach-volleyball-empire.mp3"},"res":{"statusCode":304},"responseTime":1,"msg":"request completed"}
{"level":30,"time":1791629811424,"pid":6168,"hostname":"Beast","req":{"id":40,"method":"GET","url":"/favicon.svg"},"res":{"statusCode":304},"responseTime":1,"msg":"request completed"}
{"level":30,"time":1791629811425,"pid":6168,"hostname":"Beast","req":{"id":41,"method":"GET","url":"/api/team"},"res":{"statusCode":304},"responseTime":0,"msg":"request completed"}
{"level":30,"time":1791629811441,"pid":6168,"hostname":"Beast","req":{"id":42,"method":"GET","url":"/favicon.svg"},"res":{"statusCode":304},"responseTime":1,"msg":"request completed"}
{"level":30,"time":1791629813922,"pid":6168,"hostname":"Beast","req":{"id":43,"method":"GET","url":"/api/achievements"},"res":{"statusCode":200},"responseTime":2,"msg":"request completed"}
{"level":30,"time":1791629813926,"pid":6168,"hostname":"Beast","req":{"id":44,"method":"GET","url":"/api/calendar"},"res":{"statusCode":200},"responseTime":4,"msg":"request completed"}
{"level":30,"time":1791629813927,"pid":6168,"hostname":"Beast","req":{"id":45,"method":"GET","url":"/api/calendar/round-names"},"res":{"statusCode":200},"responseTime":0,"msg":"request completed"}
{"level":30,"time":1791629813928,"pid":6168,"hostname":"Beast","req":{"id":46,"method":"GET","url":"/api/auth/user"},"res":{"statusCode":304},"responseTime":0,"msg":"request completed"}
{"level":30,"time":1791629813930,"pid":6168,"hostname":"Beast","req":{"id":47,"method":"GET","url":"/api/attention-items"},"res":{"statusCode":200},"responseTime":2,"msg":"request completed"}
{"level":30,"time":1791629813932,"pid":6168,"hostname":"Beast","req":{"id":48,"method":"GET","url":"/api/seasons/1/ladder"},"res":{"statusCode":200},"responseTime":2,"msg":"request completed"}
{"level":30,"time":1791629813934,"pid":6168,"hostname":"Beast","req":{"id":49,"method":"GET","url":"/api/club-rating"},"res":{"statusCode":200},"responseTime":2,"msg":"request completed"}
{"level":30,"time":1791629813938,"pid":6168,"hostname":"Beast","req":{"id":50,"method":"GET","url":"/api/dashboard"},"res":{"statusCode":200},"responseTime":4,"msg":"request completed"}
{"level":30,"time":1791629813939,"pid":6168,"hostname":"Beast","req":{"id":51,"method":"GET","url":"/api/seasons/current"},"res":{"statusCode":304},"responseTime":1,"msg":"request completed"}
{"level":30,"time":1791629813940,"pid":6168,"hostname":"Beast","req":{"id":52,"method":"GET","url":"/api/facilities"},"res":{"statusCode":200},"responseTime":1,"msg":"request completed"}
{"level":30,"time":1791629813942,"pid":6168,"hostname":"Beast","req":{"id":53,"method":"GET","url":"/api/news"},"res":{"statusCode":200},"responseTime":2,"msg":"request completed"}
{"level":30,"time":1791629813944,"pid":6168,"hostname":"Beast","req":{"id":54,"method":"GET","url":"/api/events/upcoming"},"res":{"statusCode":200},"responseTime":2,"msg":"request completed"}
{"level":30,"time":1791629813949,"pid":6168,"hostname":"Beast","req":{"id":55,"method":"GET","url":"/api/board-confidence"},"res":{"statusCode":200},"responseTime":5,"msg":"request completed"}
{"level":30,"time":1791629814008,"pid":6168,"hostname":"Beast","req":{"id":56,"method":"GET","url":"/images/hero-women-volleyball.webp"},"res":{"statusCode":200},"responseTime":2,"msg":"request completed"}
{"level":30,"time":1791629814853,"pid":6168,"hostname":"Beast","req":{"id":57,"method":"POST","url":"/api/matches/1/watch"},"res":{"statusCode":200},"responseTime":4,"msg":"request completed"}
{"level":30,"time":1791629814860,"pid":6168,"hostname":"Beast","req":{"id":58,"method":"GET","url":"/api/careers"},"res":{"statusCode":200},"responseTime":1,"msg":"request completed"}
{"level":30,"time":1791629814861,"pid":6168,"hostname":"Beast","req":{"id":59,"method":"HEAD","url":"/unity-build/index.html"},"res":{"statusCode":200},"responseTime":1,"msg":"request completed"}
{"level":30,"time":1791629814867,"pid":6168,"hostname":"Beast","req":{"id":60,"method":"GET","url":"/unity-build/index.html"},"res":{"statusCode":200},"responseTime":1,"msg":"request completed"}
{"level":30,"time":1791629814874,"pid":6168,"hostname":"Beast","req":{"id":61,"method":"GET","url":"/unity-build/Build/Volleyball_WebGL_Uncompressed_2.loader.js"},"res":{"statusCode":200},"responseTime":2,"msg":"request completed"}
{"level":30,"time":1791629814886,"pid":6168,"hostname":"Beast","req":{"id":62,"method":"GET","url":"/unity-build/Build/Volleyball_WebGL_Uncompressed_2.framework.js"},"res":{"statusCode":200},"responseTime":3,"msg":"request completed"}
{"level":30,"time":1791629815240,"pid":6168,"hostname":"Beast","req":{"id":63,"method":"GET","url":"/unity-build/Build/Volleyball_WebGL_Uncompressed_2.wasm"},"res":{"statusCode":200},"responseTime":331,"msg":"request completed"}
{"level":30,"time":1791629817090,"pid":6168,"hostname":"Beast","req":{"id":64,"method":"GET","url":"/unity-build/Build/Volleyball_WebGL_Uncompressed_2.data"},"res":{"statusCode":200},"responseTime":2179,"msg":"request completed"}
{"level":30,"time":1791629820714,"pid":6168,"hostname":"Beast","req":{"id":66,"method":"GET","url":"/api/unity/match-state"},"careerSaveId":1,"careerSource":"query","teamId":1,"msg":"unity/match-state career resolved"}
{"level":30,"time":1791629820717,"pid":6168,"hostname":"Beast","req":{"id":66,"method":"GET","url":"/api/unity/match-state"},"matchId":1,"status":"in_progress","playerCount":4,"msg":"unity/match-state served"}
{"level":30,"time":1791629820720,"pid":6168,"hostname":"Beast","req":{"id":66,"method":"GET","url":"/api/unity/match-state"},"res":{"statusCode":200},"responseTime":7,"msg":"request completed"}
{"level":30,"time":1791629820724,"pid":6168,"hostname":"Beast","req":{"id":65,"method":"GET","url":"/unity-build/StreamingAssets/commentary/A_serve_1.mp3"},"res":{"statusCode":200},"responseTime":12,"msg":"request completed"}
{"level":30,"time":1791629821791,"pid":6168,"hostname":"Beast","req":{"id":67,"method":"GET","url":"/unity-build/StreamingAssets/commentary/A_serve_2.mp3"},"res":{"statusCode":200},"responseTime":2,"msg":"request completed"}
{"level":30,"time":1791629821918,"pid":6168,"hostname":"Beast","req":{"id":68,"method":"GET","url":"/unity-build/StreamingAssets/commentary/A_serve_3.mp3"},"res":{"statusCode":200},"responseTime":2,"msg":"request completed"}
{"level":30,"time":1791629821962,"pid":6168,"hostname":"Beast","req":{"id":69,"method":"GET","url":"/unity-build/StreamingAssets/commentary/A_dig_1.mp3"},"res":{"statusCode":200},"responseTime":5,"msg":"request completed"}
{"level":30,"time":1791629821994,"pid":6168,"hostname":"Beast","req":{"id":70,"method":"GET","url":"/unity-build/StreamingAssets/commentary/A_dig_2.mp3"},"res":{"statusCode":200},"responseTime":2,"msg":"request completed"}
{"level":30,"time":1791629822021,"pid":6168,"hostname":"Beast","req":{"id":71,"method":"GET","url":"/unity-build/StreamingAssets/commentary/A_dig_3.mp3"},"res":{"statusCode":200},"responseTime":2,"msg":"request completed"}
{"level":30,"time":1791629822037,"pid":6168,"hostname":"Beast","req":{"id":72,"method":"GET","url":"/unity-build/StreamingAssets/commentary/A_set_1.mp3"},"res":{"statusCode":200},"responseTime":2,"msg":"request completed"}
{"level":30,"time":1791629822054,"pid":6168,"hostname":"Beast","req":{"id":73,"method":"GET","url":"/unity-build/StreamingAssets/commentary/A_set_2.mp3"},"res":{"statusCode":200},"responseTime":2,"msg":"request completed"}
{"level":30,"time":1791629822089,"pid":6168,"hostname":"Beast","req":{"id":74,"method":"GET","url":"/unity-build/StreamingAssets/commentary/A_set_3.mp3"},"res":{"statusCode":200},"responseTime":3,"msg":"request completed"}
{"level":30,"time":1791629822103,"pid":6168,"hostname":"Beast","req":{"id":75,"method":"GET","url":"/unity-build/StreamingAssets/commentary/A_spike_1.mp3"},"res":{"statusCode":200},"responseTime":2,"msg":"request completed"}
{"level":30,"time":1791629822137,"pid":6168,"hostname":"Beast","req":{"id":76,"method":"GET","url":"/unity-build/StreamingAssets/commentary/A_spike_2.mp3"},"res":{"statusCode":200},"responseTime":2,"msg":"request completed"}
{"level":30,"time":1791629822174,"pid":6168,"hostname":"Beast","req":{"id":77,"method":"GET","url":"/unity-build/StreamingAssets/commentary/A_spike_3.mp3"},"res":{"statusCode":200},"responseTime":2,"msg":"request completed"}
{"level":30,"time":1791629822209,"pid":6168,"hostname":"Beast","req":{"id":78,"method":"GET","url":"/unity-build/StreamingAssets/commentary/A_blockattempt_1.mp3"},"res":{"statusCode":200},"responseTime":2,"msg":"request completed"}
{"level":30,"time":1791629822243,"pid":6168,"hostname":"Beast","req":{"id":79,"method":"GET","url":"/unity-build/StreamingAssets/commentary/A_blockattempt_2.mp3"},"res":{"statusCode":200},"responseTime":1,"msg":"request completed"}
{"level":30,"time":1791629822280,"pid":6168,"hostname":"Beast","req":{"id":80,"method":"GET","url":"/unity-build/StreamingAssets/commentary/A_blockattempt_3.mp3"},"res":{"statusCode":200},"responseTime":3,"msg":"request completed"}
{"level":30,"time":1791629822315,"pid":6168,"hostname":"Beast","req":{"id":81,"method":"GET","url":"/unity-build/StreamingAssets/commentary/A_block_1.mp3"},"res":{"statusCode":200},"responseTime":3,"msg":"request completed"}
{"level":30,"time":1791629822352,"pid":6168,"hostname":"Beast","req":{"id":82,"method":"GET","url":"/unity-build/StreamingAssets/commentary/A_block_2.mp3"},"res":{"statusCode":200},"responseTime":2,"msg":"request completed"}
{"level":30,"time":1791629822387,"pid":6168,"hostname":"Beast","req":{"id":83,"method":"GET","url":"/unity-build/StreamingAssets/commentary/A_block_3.mp3"},"res":{"statusCode":200},"responseTime":2,"msg":"request completed"}
{"level":30,"time":1791629822424,"pid":6168,"hostname":"Beast","req":{"id":84,"method":"GET","url":"/unity-build/StreamingAssets/commentary/A_point_1.mp3"},"res":{"statusCode":200},"responseTime":3,"msg":"request completed"}
{"level":30,"time":1791629822459,"pid":6168,"hostname":"Beast","req":{"id":85,"method":"GET","url":"/unity-build/StreamingAssets/commentary/A_point_2.mp3"},"res":{"statusCode":200},"responseTime":2,"msg":"request completed"}
{"level":30,"time":1791629822493,"pid":6168,"hostname":"Beast","req":{"id":86,"method":"GET","url":"/unity-build/StreamingAssets/commentary/A_point_3.mp3"},"res":{"statusCode":200},"responseTime":1,"msg":"request completed"}
{"level":30,"time":1791629822530,"pid":6168,"hostname":"Beast","req":{"id":87,"method":"GET","url":"/unity-build/StreamingAssets/commentary/A_rally_1.mp3"},"res":{"statusCode":200},"responseTime":2,"msg":"request completed"}
{"level":30,"time":1791629822567,"pid":6168,"hostname":"Beast","req":{"id":88,"method":"GET","url":"/unity-build/StreamingAssets/commentary/A_rally_2.mp3"},"res":{"statusCode":200},"responseTime":3,"msg":"request completed"}
{"level":30,"time":1791629822601,"pid":6168,"hostname":"Beast","req":{"id":89,"method":"GET","url":"/unity-build/StreamingAssets/commentary/A_rally_3.mp3"},"res":{"statusCode":200},"responseTime":2,"msg":"request completed"}
{"level":30,"time":1791629822636,"pid":6168,"hostname":"Beast","req":{"id":90,"method":"GET","url":"/unity-build/StreamingAssets/commentary/B_serve_1.mp3"},"res":{"statusCode":200},"responseTime":2,"msg":"request completed"}
{"level":30,"time":1791629822673,"pid":6168,"hostname":"Beast","req":{"id":91,"method":"GET","url":"/unity-build/StreamingAssets/commentary/B_serve_2.mp3"},"res":{"statusCode":200},"responseTime":2,"msg":"request completed"}
{"level":30,"time":1791629822710,"pid":6168,"hostname":"Beast","req":{"id":92,"method":"GET","url":"/unity-build/StreamingAssets/commentary/B_serve_3.mp3"},"res":{"statusCode":200},"responseTime":2,"msg":"request completed"}
{"level":30,"time":1791629822747,"pid":6168,"hostname":"Beast","req":{"id":93,"method":"GET","url":"/unity-build/StreamingAssets/commentary/B_dig_1.mp3"},"res":{"statusCode":200},"responseTime":2,"msg":"request completed"}
{"level":30,"time":1791629822785,"pid":6168,"hostname":"Beast","req":{"id":94,"method":"GET","url":"/unity-build/StreamingAssets/commentary/B_dig_2.mp3"},"res":{"statusCode":200},"responseTime":3,"msg":"request completed"}
{"level":30,"time":1791629822824,"pid":6168,"hostname":"Beast","req":{"id":95,"method":"GET","url":"/unity-build/StreamingAssets/commentary/B_dig_3.mp3"},"res":{"statusCode":200},"responseTime":2,"msg":"request completed"}
{"level":30,"time":1791629822856,"pid":6168,"hostname":"Beast","req":{"id":96,"method":"GET","url":"/unity-build/StreamingAssets/commentary/B_set_1.mp3"},"res":{"statusCode":200},"responseTime":2,"msg":"request completed"}
{"level":30,"time":1791629822895,"pid":6168,"hostname":"Beast","req":{"id":97,"method":"GET","url":"/unity-build/StreamingAssets/commentary/B_set_2.mp3"},"res":{"statusCode":200},"responseTime":3,"msg":"request completed"}
{"level":30,"time":1791629822929,"pid":6168,"hostname":"Beast","req":{"id":98,"method":"GET","url":"/unity-build/StreamingAssets/commentary/B_set_3.mp3"},"res":{"statusCode":200},"responseTime":2,"msg":"request completed"}
{"level":30,"time":1791629822964,"pid":6168,"hostname":"Beast","req":{"id":99,"method":"GET","url":"/unity-build/StreamingAssets/commentary/B_spike_1.mp3"},"res":{"statusCode":200},"responseTime":2,"msg":"request completed"}
{"level":30,"time":1791629823003,"pid":6168,"hostname":"Beast","req":{"id":100,"method":"GET","url":"/unity-build/StreamingAssets/commentary/B_spike_2.mp3"},"res":{"statusCode":200},"responseTime":2,"msg":"request completed"}
{"level":30,"time":1791629823040,"pid":6168,"hostname":"Beast","req":{"id":101,"method":"GET","url":"/unity-build/StreamingAssets/commentary/B_spike_3.mp3"},"res":{"statusCode":200},"responseTime":3,"msg":"request completed"}
{"level":30,"time":1791629823074,"pid":6168,"hostname":"Beast","req":{"id":102,"method":"GET","url":"/unity-build/StreamingAssets/commentary/B_blockattempt_1.mp3"},"res":{"statusCode":200},"responseTime":2,"msg":"request completed"}
{"level":30,"time":1791629823110,"pid":6168,"hostname":"Beast","req":{"id":103,"method":"GET","url":"/unity-build/StreamingAssets/commentary/B_blockattempt_2.mp3"},"res":{"statusCode":200},"responseTime":2,"msg":"request completed"}
{"level":30,"time":1791629823144,"pid":6168,"hostname":"Beast","req":{"id":104,"method":"GET","url":"/unity-build/StreamingAssets/commentary/B_blockattempt_3.mp3"},"res":{"statusCode":200},"responseTime":3,"msg":"request completed"}
{"level":30,"time":1791629823184,"pid":6168,"hostname":"Beast","req":{"id":105,"method":"GET","url":"/unity-build/StreamingAssets/commentary/B_block_1.mp3"},"res":{"statusCode":200},"responseTime":2,"msg":"request completed"}
{"level":30,"time":1791629823224,"pid":6168,"hostname":"Beast","req":{"id":106,"method":"GET","url":"/unity-build/StreamingAssets/commentary/B_block_2.mp3"},"res":{"statusCode":200},"responseTime":2,"msg":"request completed"}
{"level":30,"time":1791629823254,"pid":6168,"hostname":"Beast","req":{"id":107,"method":"GET","url":"/unity-build/StreamingAssets/commentary/B_block_3.mp3"},"res":{"statusCode":200},"responseTime":1,"msg":"request completed"}
{"level":30,"time":1791629823309,"pid":6168,"hostname":"Beast","req":{"id":108,"method":"GET","url":"/unity-build/StreamingAssets/commentary/B_point_1.mp3"},"res":{"statusCode":200},"responseTime":18,"msg":"request completed"}
{"level":30,"time":1791629823547,"pid":6168,"hostname":"Beast","req":{"id":109,"method":"GET","url":"/unity-build/StreamingAssets/commentary/B_point_2.mp3"},"res":{"statusCode":200},"responseTime":12,"msg":"request completed"}
{"level":30,"time":1791629823596,"pid":6168,"hostname":"Beast","req":{"id":110,"method":"GET","url":"/unity-build/StreamingAssets/commentary/B_point_3.mp3"},"res":{"statusCode":200},"responseTime":8,"msg":"request completed"}
{"level":30,"time":1791629823634,"pid":6168,"hostname":"Beast","req":{"id":111,"method":"GET","url":"/unity-build/StreamingAssets/commentary/B_rally_1.mp3"},"res":{"statusCode":200},"responseTime":3,"msg":"request completed"}
{"level":30,"time":1791629823669,"pid":6168,"hostname":"Beast","req":{"id":112,"method":"GET","url":"/unity-build/StreamingAssets/commentary/B_rally_2.mp3"},"res":{"statusCode":200},"responseTime":2,"msg":"request completed"}
{"level":30,"time":1791629823704,"pid":6168,"hostname":"Beast","req":{"id":113,"method":"GET","url":"/unity-build/StreamingAssets/commentary/B_rally_3.mp3"},"res":{"statusCode":200},"responseTime":3,"msg":"request completed"}
{"level":30,"time":1791629823890,"pid":6168,"hostname":"Beast","req":{"id":114,"method":"POST","url":"/api/unity/match-progress"},"res":{"statusCode":200},"responseTime":3,"msg":"request completed"}
{"level":30,"time":1791629833493,"pid":6168,"hostname":"Beast","req":{"id":115,"method":"POST","url":"/api/unity/match-progress"},"res":{"statusCode":200},"responseTime":2,"msg":"request completed"}
{"level":30,"time":1791629839245,"pid":6168,"hostname":"Beast","req":{"id":116,"method":"POST","url":"/api/unity/match-progress"},"res":{"statusCode":200},"responseTime":1,"msg":"request completed"}
{"level":30,"time":1791629848173,"pid":6168,"hostname":"Beast","req":{"id":117,"method":"GET","url":"/api/matches"},"res":{"statusCode":200},"responseTime":2,"msg":"request completed"}
{"level":30,"time":1791629853190,"pid":6168,"hostname":"Beast","req":{"id":118,"method":"GET","url":"/api/matches"},"res":{"statusCode":200},"responseTime":3,"msg":"request completed"}
{"level":30,"time":1791629853912,"pid":6168,"hostname":"Beast","req":{"id":119,"method":"POST","url":"/api/unity/match-progress"},"res":{"statusCode":200},"responseTime":2,"msg":"request completed"}
{"level":30,"time":1791629858208,"pid":6168,"hostname":"Beast","req":{"id":120,"method":"GET","url":"/api/matches"},"res":{"statusCode":200},"responseTime":2,"msg":"request completed"}
{"level":30,"time":1791629863219,"pid":6168,"hostname":"Beast","req":{"id":121,"method":"GET","url":"/api/matches"},"res":{"statusCode":200},"responseTime":2,"msg":"request completed"}
{"level":30,"time":1791629863782,"pid":6168,"hostname":"Beast","req":{"id":122,"method":"POST","url":"/api/unity/match-progress"},"res":{"statusCode":200},"responseTime":2,"msg":"request completed"}
{"level":30,"time":1791629868237,"pid":6168,"hostname":"Beast","req":{"id":123,"method":"GET","url":"/api/matches"},"res":{"statusCode":200},"responseTime":2,"msg":"request completed"}
{"level":30,"time":1791629871117,"pid":6168,"hostname":"Beast","req":{"id":124,"method":"POST","url":"/api/unity/match-progress"},"res":{"statusCode":200},"responseTime":2,"msg":"request completed"}
{"level":30,"time":1791629873248,"pid":6168,"hostname":"Beast","req":{"id":125,"method":"GET","url":"/api/matches"},"res":{"statusCode":200},"responseTime":2,"msg":"request completed"}
{"level":30,"time":1791629877299,"pid":6168,"hostname":"Beast","req":{"id":126,"method":"POST","url":"/api/unity/match-progress"},"res":{"statusCode":200},"responseTime":2,"msg":"request completed"}
{"level":30,"time":1791629878264,"pid":6168,"hostname":"Beast","req":{"id":127,"method":"GET","url":"/api/matches"},"res":{"statusCode":200},"responseTime":2,"msg":"request completed"}
{"level":30,"time":1791629881218,"pid":6168,"hostname":"Beast","req":{"id":128,"method":"POST","url":"/api/unity/match-progress"},"res":{"statusCode":200},"responseTime":3,"msg":"request completed"}
{"level":30,"time":1791629883280,"pid":6168,"hostname":"Beast","req":{"id":129,"method":"GET","url":"/api/matches"},"res":{"statusCode":200},"responseTime":2,"msg":"request completed"}
{"level":30,"time":1791629888296,"pid":6168,"hostname":"Beast","req":{"id":130,"method":"GET","url":"/api/matches"},"res":{"statusCode":200},"responseTime":2,"msg":"request completed"}
{"level":30,"time":1791629888937,"pid":6168,"hostname":"Beast","req":{"id":131,"method":"POST","url":"/api/unity/match-progress"},"res":{"statusCode":200},"responseTime":3,"msg":"request completed"}
{"level":30,"time":1791629893310,"pid":6168,"hostname":"Beast","req":{"id":132,"method":"GET","url":"/api/matches"},"res":{"statusCode":200},"responseTime":2,"msg":"request completed"}
{"level":30,"time":1791629895887,"pid":6168,"hostname":"Beast","req":{"id":133,"method":"POST","url":"/api/unity/match-progress"},"res":{"statusCode":200},"responseTime":2,"msg":"request completed"}
{"level":30,"time":1791629898325,"pid":6168,"hostname":"Beast","req":{"id":134,"method":"GET","url":"/api/matches"},"res":{"statusCode":200},"responseTime":2,"msg":"request completed"}
{"level":30,"time":1791629903339,"pid":6168,"hostname":"Beast","req":{"id":135,"method":"GET","url":"/api/matches"},"res":{"statusCode":200},"responseTime":2,"msg":"request completed"}
{"level":30,"time":1791629905494,"pid":6168,"hostname":"Beast","req":{"id":136,"method":"POST","url":"/api/unity/match-progress"},"res":{"statusCode":200},"responseTime":2,"msg":"request completed"}
{"level":30,"time":1791629908357,"pid":6168,"hostname":"Beast","req":{"id":137,"method":"GET","url":"/api/matches"},"res":{"statusCode":200},"responseTime":2,"msg":"request completed"}
{"level":30,"time":1791629909670,"pid":6168,"hostname":"Beast","req":{"id":138,"method":"POST","url":"/api/unity/match-progress"},"res":{"statusCode":200},"responseTime":2,"msg":"request completed"}
{"level":30,"time":1791629912156,"pid":6168,"hostname":"Beast","req":{"id":139,"method":"POST","url":"/api/unity/match-progress"},"res":{"statusCode":200},"responseTime":2,"msg":"request completed"}
{"level":30,"time":1791629913369,"pid":6168,"hostname":"Beast","req":{"id":140,"method":"GET","url":"/api/matches"},"res":{"statusCode":200},"responseTime":3,"msg":"request completed"}
{"level":30,"time":1791629917726,"pid":6168,"hostname":"Beast","req":{"id":141,"method":"POST","url":"/api/unity/match-progress"},"res":{"statusCode":200},"responseTime":3,"msg":"request completed"}
{"level":30,"time":1791629918384,"pid":6168,"hostname":"Beast","req":{"id":142,"method":"GET","url":"/api/matches"},"res":{"statusCode":200},"responseTime":2,"msg":"request completed"}
{"level":30,"time":1791629923400,"pid":6168,"hostname":"Beast","req":{"id":143,"method":"GET","url":"/api/matches"},"res":{"statusCode":200},"responseTime":3,"msg":"request completed"}
{"level":30,"time":1791629924069,"pid":6168,"hostname":"Beast","req":{"id":144,"method":"POST","url":"/api/unity/match-progress"},"res":{"statusCode":200},"responseTime":2,"msg":"request completed"}
{"level":30,"time":1791629928417,"pid":6168,"hostname":"Beast","req":{"id":145,"method":"GET","url":"/api/matches"},"res":{"statusCode":200},"responseTime":3,"msg":"request completed"}
{"level":30,"time":1791629931255,"pid":6168,"hostname":"Beast","req":{"id":146,"method":"POST","url":"/api/unity/match-progress"},"res":{"statusCode":200},"responseTime":2,"msg":"request completed"}
{"level":30,"time":1791629933431,"pid":6168,"hostname":"Beast","req":{"id":147,"method":"GET","url":"/api/matches"},"res":{"statusCode":200},"responseTime":2,"msg":"request completed"}
{"level":30,"time":1791629938448,"pid":6168,"hostname":"Beast","req":{"id":148,"method":"GET","url":"/api/matches"},"res":{"statusCode":200},"responseTime":2,"msg":"request completed"}
{"level":30,"time":1791629938720,"pid":6168,"hostname":"Beast","req":{"id":149,"method":"POST","url":"/api/unity/match-progress"},"res":{"statusCode":200},"responseTime":3,"msg":"request completed"}
{"level":30,"time":1791629943468,"pid":6168,"hostname":"Beast","req":{"id":150,"method":"GET","url":"/api/matches"},"res":{"statusCode":200},"responseTime":4,"msg":"request completed"}
{"level":30,"time":1791629948478,"pid":6168,"hostname":"Beast","req":{"id":151,"method":"GET","url":"/api/matches"},"res":{"statusCode":200},"responseTime":2,"msg":"request completed"}
{"level":30,"time":1791629949406,"pid":6168,"hostname":"Beast","req":{"id":152,"method":"POST","url":"/api/unity/match-progress"},"res":{"statusCode":200},"responseTime":2,"msg":"request completed"}
{"level":30,"time":1791629953496,"pid":6168,"hostname":"Beast","req":{"id":153,"method":"GET","url":"/api/matches"},"res":{"statusCode":200},"responseTime":3,"msg":"request completed"}
{"level":30,"time":1791629956943,"pid":6168,"hostname":"Beast","req":{"id":154,"method":"POST","url":"/api/unity/match-progress"},"res":{"statusCode":200},"responseTime":3,"msg":"request completed"}
{"level":30,"time":1791629958503,"pid":6168,"hostname":"Beast","req":{"id":155,"method":"GET","url":"/api/matches"},"res":{"statusCode":200},"responseTime":1,"msg":"request completed"}
{"level":30,"time":1791629963511,"pid":6168,"hostname":"Beast","req":{"id":156,"method":"GET","url":"/api/matches"},"res":{"statusCode":200},"responseTime":1,"msg":"request completed"}
{"level":30,"time":1791629968526,"pid":6168,"hostname":"Beast","req":{"id":157,"method":"GET","url":"/api/matches"},"res":{"statusCode":200},"responseTime":2,"msg":"request completed"}
{"level":30,"time":1791629970405,"pid":6168,"hostname":"Beast","req":{"id":158,"method":"POST","url":"/api/unity/match-progress"},"res":{"statusCode":200},"responseTime":2,"msg":"request completed"}
{"level":30,"time":1791629973532,"pid":6168,"hostname":"Beast","req":{"id":159,"method":"GET","url":"/api/matches"},"res":{"statusCode":200},"responseTime":2,"msg":"request completed"}
{"level":30,"time":1791629978547,"pid":6168,"hostname":"Beast","req":{"id":160,"method":"GET","url":"/api/matches"},"res":{"statusCode":200},"responseTime":1,"msg":"request completed"}
{"level":30,"time":1791629979588,"pid":6168,"hostname":"Beast","req":{"id":161,"method":"POST","url":"/api/unity/match-progress"},"res":{"statusCode":200},"responseTime":2,"msg":"request completed"}
{"level":30,"time":1791629983563,"pid":6168,"hostname":"Beast","req":{"id":162,"method":"GET","url":"/api/matches"},"res":{"statusCode":200},"responseTime":2,"msg":"request completed"}
{"level":30,"time":1791629985486,"pid":6168,"hostname":"Beast","req":{"id":163,"method":"POST","url":"/api/unity/match-progress"},"res":{"statusCode":200},"responseTime":2,"msg":"request completed"}
{"level":30,"time":1791629988579,"pid":6168,"hostname":"Beast","req":{"id":164,"method":"GET","url":"/api/matches"},"res":{"statusCode":200},"responseTime":2,"msg":"request completed"}
{"level":30,"time":1791629990852,"pid":6168,"hostname":"Beast","req":{"id":165,"method":"POST","url":"/api/unity/match-progress"},"res":{"statusCode":200},"responseTime":2,"msg":"request completed"}
{"level":30,"time":1791629993595,"pid":6168,"hostname":"Beast","req":{"id":166,"method":"GET","url":"/api/matches"},"res":{"statusCode":200},"responseTime":2,"msg":"request completed"}
{"level":30,"time":1791629998605,"pid":6168,"hostname":"Beast","req":{"id":167,"method":"GET","url":"/api/matches"},"res":{"statusCode":200},"responseTime":3,"msg":"request completed"}
{"level":30,"time":1791629999682,"pid":6168,"hostname":"Beast","req":{"id":168,"method":"POST","url":"/api/unity/match-progress"},"res":{"statusCode":200},"responseTime":3,"msg":"request completed"}
{"level":30,"time":1791630003611,"pid":6168,"hostname":"Beast","req":{"id":169,"method":"GET","url":"/api/matches"},"res":{"statusCode":200},"responseTime":2,"msg":"request completed"}
{"level":30,"time":1791630005468,"pid":6168,"hostname":"Beast","req":{"id":170,"method":"POST","url":"/api/unity/match-progress"},"res":{"statusCode":200},"responseTime":2,"msg":"request completed"}
{"level":30,"time":1791630008632,"pid":6168,"hostname":"Beast","req":{"id":171,"method":"GET","url":"/api/matches"},"res":{"statusCode":200},"responseTime":2,"msg":"request completed"}
{"level":30,"time":1791630009261,"pid":6168,"hostname":"Beast","req":{"id":172,"method":"POST","url":"/api/unity/match-progress"},"res":{"statusCode":200},"responseTime":2,"msg":"request completed"}
{"level":30,"time":1791630013654,"pid":6168,"hostname":"Beast","req":{"id":173,"method":"GET","url":"/api/matches"},"res":{"statusCode":200},"responseTime":2,"msg":"request completed"}
{"level":30,"time":1791630018662,"pid":6168,"hostname":"Beast","req":{"id":174,"method":"GET","url":"/api/matches"},"res":{"statusCode":200},"responseTime":2,"msg":"request completed"}
{"level":30,"time":1791630023679,"pid":6168,"hostname":"Beast","req":{"id":175,"method":"GET","url":"/api/matches"},"res":{"statusCode":200},"responseTime":4,"msg":"request completed"}
{"level":30,"time":1791630028619,"pid":6168,"hostname":"Beast","req":{"id":176,"method":"POST","url":"/api/unity/match-progress"},"res":{"statusCode":200},"responseTime":2,"msg":"request completed"}
{"level":30,"time":1791630028691,"pid":6168,"hostname":"Beast","req":{"id":177,"method":"GET","url":"/api/matches"},"res":{"statusCode":200},"responseTime":2,"msg":"request completed"}
{"level":30,"time":1791630033700,"pid":6168,"hostname":"Beast","req":{"id":178,"method":"GET","url":"/api/matches"},"res":{"statusCode":200},"responseTime":2,"msg":"request completed"}
{"level":30,"time":1791630038712,"pid":6168,"hostname":"Beast","req":{"id":179,"method":"GET","url":"/api/matches"},"res":{"statusCode":200},"responseTime":2,"msg":"request completed"}
{"level":30,"time":1791630041088,"pid":6168,"hostname":"Beast","req":{"id":180,"method":"POST","url":"/api/unity/match-progress"},"res":{"statusCode":200},"responseTime":2,"msg":"request completed"}
{"level":30,"time":1791630043724,"pid":6168,"hostname":"Beast","req":{"id":181,"method":"GET","url":"/api/matches"},"res":{"statusCode":200},"responseTime":2,"msg":"request completed"}
{"level":30,"time":1791630048741,"pid":6168,"hostname":"Beast","req":{"id":182,"method":"GET","url":"/api/matches"},"res":{"statusCode":200},"responseTime":2,"msg":"request completed"}
{"level":30,"time":1791630050582,"pid":6168,"hostname":"Beast","req":{"id":183,"method":"POST","url":"/api/unity/match-progress"},"res":{"statusCode":200},"responseTime":2,"msg":"request completed"}
{"level":30,"time":1791630053746,"pid":6168,"hostname":"Beast","req":{"id":184,"method":"GET","url":"/api/matches"},"res":{"statusCode":200},"responseTime":2,"msg":"request completed"}
{"level":30,"time":1791630058767,"pid":6168,"hostname":"Beast","req":{"id":185,"method":"GET","url":"/api/matches"},"res":{"statusCode":200},"responseTime":3,"msg":"request completed"}
{"level":30,"time":1791630059386,"pid":6168,"hostname":"Beast","req":{"id":186,"method":"POST","url":"/api/unity/match-progress"},"res":{"statusCode":200},"responseTime":2,"msg":"request completed"}
{"level":30,"time":1791630063771,"pid":6168,"hostname":"Beast","req":{"id":187,"method":"GET","url":"/api/matches"},"res":{"statusCode":200},"responseTime":1,"msg":"request completed"}
{"level":30,"time":1791630068787,"pid":6168,"hostname":"Beast","req":{"id":188,"method":"GET","url":"/api/matches"},"res":{"statusCode":200},"responseTime":4,"msg":"request completed"}
{"level":30,"time":1791630070428,"pid":6168,"hostname":"Beast","req":{"id":189,"method":"POST","url":"/api/unity/match-progress"},"res":{"statusCode":200},"responseTime":2,"msg":"request completed"}
{"level":30,"time":1791630073797,"pid":6168,"hostname":"Beast","req":{"id":190,"method":"GET","url":"/api/matches"},"res":{"statusCode":200},"responseTime":2,"msg":"request completed"}
{"level":30,"time":1791630078816,"pid":6168,"hostname":"Beast","req":{"id":191,"method":"GET","url":"/api/matches"},"res":{"statusCode":200},"responseTime":4,"msg":"request completed"}
{"level":30,"time":1791630080138,"pid":6168,"hostname":"Beast","req":{"id":192,"method":"POST","url":"/api/unity/match-progress"},"res":{"statusCode":200},"responseTime":2,"msg":"request completed"}
{"level":30,"time":1791630083824,"pid":6168,"hostname":"Beast","req":{"id":193,"method":"GET","url":"/api/matches"},"res":{"statusCode":200},"responseTime":2,"msg":"request completed"}
{"level":30,"time":1791630087549,"pid":6168,"hostname":"Beast","req":{"id":194,"method":"POST","url":"/api/unity/match-progress"},"res":{"statusCode":200},"responseTime":2,"msg":"request completed"}
{"level":30,"time":1791630088835,"pid":6168,"hostname":"Beast","req":{"id":195,"method":"GET","url":"/api/matches"},"res":{"statusCode":200},"responseTime":2,"msg":"request completed"}
{"level":30,"time":1791630093166,"pid":6168,"hostname":"Beast","req":{"id":196,"method":"POST","url":"/api/unity/match-progress"},"res":{"statusCode":200},"responseTime":2,"msg":"request completed"}
{"level":30,"time":1791630093850,"pid":6168,"hostname":"Beast","req":{"id":197,"method":"GET","url":"/api/matches"},"res":{"statusCode":200},"responseTime":1,"msg":"request completed"}
{"level":30,"time":1791630098856,"pid":6168,"hostname":"Beast","req":{"id":198,"method":"GET","url":"/api/matches"},"res":{"statusCode":200},"responseTime":2,"msg":"request completed"}
{"level":30,"time":1791630103869,"pid":6168,"hostname":"Beast","req":{"id":199,"method":"GET","url":"/api/matches"},"res":{"statusCode":200},"responseTime":2,"msg":"request completed"}
{"level":30,"time":1791630105770,"pid":6168,"hostname":"Beast","req":{"id":200,"method":"POST","url":"/api/unity/match-progress"},"res":{"statusCode":200},"responseTime":2,"msg":"request completed"}
{"level":30,"time":1791630108885,"pid":6168,"hostname":"Beast","req":{"id":201,"method":"GET","url":"/api/matches"},"res":{"statusCode":200},"responseTime":2,"msg":"request completed"}
{"level":30,"time":1791630109676,"pid":6168,"hostname":"Beast","req":{"id":202,"method":"POST","url":"/api/unity/match-progress"},"res":{"statusCode":200},"responseTime":1,"msg":"request completed"}
{"level":30,"time":1791630113891,"pid":6168,"hostname":"Beast","req":{"id":203,"method":"GET","url":"/api/matches"},"res":{"statusCode":200},"responseTime":2,"msg":"request completed"}
{"level":30,"time":1791630118902,"pid":6168,"hostname":"Beast","req":{"id":204,"method":"GET","url":"/api/matches"},"res":{"statusCode":200},"responseTime":3,"msg":"request completed"}
{"level":30,"time":1791630118983,"pid":6168,"hostname":"Beast","req":{"id":205,"method":"POST","url":"/api/unity/match-progress"},"res":{"statusCode":200},"responseTime":2,"msg":"request completed"}
{"level":30,"time":1791630122876,"pid":6168,"hostname":"Beast","req":{"id":206,"method":"POST","url":"/api/unity/match-progress"},"res":{"statusCode":200},"responseTime":2,"msg":"request completed"}
{"level":30,"time":1791630123914,"pid":6168,"hostname":"Beast","req":{"id":207,"method":"GET","url":"/api/matches"},"res":{"statusCode":200},"responseTime":2,"msg":"request completed"}
{"level":30,"time":1791630128922,"pid":6168,"hostname":"Beast","req":{"id":208,"method":"GET","url":"/api/matches"},"res":{"statusCode":200},"responseTime":1,"msg":"request completed"}
{"level":30,"time":1791630132342,"pid":6168,"hostname":"Beast","req":{"id":209,"method":"POST","url":"/api/unity/match-progress"},"res":{"statusCode":200},"responseTime":2,"msg":"request completed"}
{"level":30,"time":1791630133930,"pid":6168,"hostname":"Beast","req":{"id":210,"method":"GET","url":"/api/matches"},"res":{"statusCode":200},"responseTime":2,"msg":"request completed"}
{"level":30,"time":1791630138947,"pid":6168,"hostname":"Beast","req":{"id":211,"method":"GET","url":"/api/matches"},"res":{"statusCode":200},"responseTime":2,"msg":"request completed"}
{"level":30,"time":1791630140832,"pid":6168,"hostname":"Beast","req":{"id":212,"method":"POST","url":"/api/unity/match-progress"},"res":{"statusCode":200},"responseTime":1,"msg":"request completed"}
{"level":30,"time":1791630143966,"pid":6168,"hostname":"Beast","req":{"id":213,"method":"GET","url":"/api/matches"},"res":{"statusCode":200},"responseTime":2,"msg":"request completed"}
{"level":30,"time":1791630146010,"pid":6168,"hostname":"Beast","req":{"id":214,"method":"POST","url":"/api/unity/match-progress"},"res":{"statusCode":200},"responseTime":2,"msg":"request completed"}
{"level":30,"time":1791630148972,"pid":6168,"hostname":"Beast","req":{"id":215,"method":"GET","url":"/api/matches"},"res":{"statusCode":200},"responseTime":2,"msg":"request completed"}
{"level":30,"time":1791630149926,"pid":6168,"hostname":"Beast","req":{"id":216,"method":"POST","url":"/api/unity/match-progress"},"res":{"statusCode":200},"responseTime":2,"msg":"request completed"}
{"level":30,"time":1791630153991,"pid":6168,"hostname":"Beast","req":{"id":217,"method":"GET","url":"/api/matches"},"res":{"statusCode":200},"responseTime":2,"msg":"request completed"}
{"level":30,"time":1791630156578,"pid":6168,"hostname":"Beast","req":{"id":218,"method":"POST","url":"/api/unity/match-progress"},"res":{"statusCode":200},"responseTime":1,"msg":"request completed"}
{"level":30,"time":1791630159003,"pid":6168,"hostname":"Beast","req":{"id":219,"method":"GET","url":"/api/matches"},"res":{"statusCode":200},"responseTime":3,"msg":"request completed"}
{"level":30,"time":1791630164009,"pid":6168,"hostname":"Beast","req":{"id":220,"method":"GET","url":"/api/matches"},"res":{"statusCode":200},"responseTime":1,"msg":"request completed"}
{"level":30,"time":1791630169019,"pid":6168,"hostname":"Beast","req":{"id":221,"method":"GET","url":"/api/matches"},"res":{"statusCode":200},"responseTime":2,"msg":"request completed"}
{"level":30,"time":1791630169626,"pid":6168,"hostname":"Beast","req":{"id":222,"method":"POST","url":"/api/unity/match-progress"},"res":{"statusCode":200},"responseTime":2,"msg":"request completed"}
{"level":30,"time":1791630174028,"pid":6168,"hostname":"Beast","req":{"id":223,"method":"GET","url":"/api/matches"},"res":{"statusCode":200},"responseTime":1,"msg":"request completed"}
{"level":30,"time":1791630179036,"pid":6168,"hostname":"Beast","req":{"id":224,"method":"GET","url":"/api/matches"},"res":{"statusCode":200},"responseTime":2,"msg":"request completed"}
{"level":30,"time":1791630180994,"pid":6168,"hostname":"Beast","req":{"id":225,"method":"POST","url":"/api/unity/match-progress"},"res":{"statusCode":200},"responseTime":2,"msg":"request completed"}
{"level":30,"time":1791630184055,"pid":6168,"hostname":"Beast","req":{"id":226,"method":"GET","url":"/api/matches"},"res":{"statusCode":200},"responseTime":2,"msg":"request completed"}
{"level":30,"time":1791630189062,"pid":6168,"hostname":"Beast","req":{"id":227,"method":"GET","url":"/api/matches"},"res":{"statusCode":200},"responseTime":2,"msg":"request completed"}
{"level":30,"time":1791630190196,"pid":6168,"hostname":"Beast","req":{"id":228,"method":"POST","url":"/api/unity/match-progress"},"res":{"statusCode":200},"responseTime":2,"msg":"request completed"}
{"level":30,"time":1791630194077,"pid":6168,"hostname":"Beast","req":{"id":229,"method":"GET","url":"/api/matches"},"res":{"statusCode":200},"responseTime":2,"msg":"request completed"}
{"level":30,"time":1791630199084,"pid":6168,"hostname":"Beast","req":{"id":230,"method":"GET","url":"/api/matches"},"res":{"statusCode":200},"responseTime":2,"msg":"request completed"}
{"level":30,"time":1791630204095,"pid":6168,"hostname":"Beast","req":{"id":231,"method":"GET","url":"/api/matches"},"res":{"statusCode":200},"responseTime":2,"msg":"request completed"}
{"level":30,"time":1791630205014,"pid":6168,"hostname":"Beast","req":{"id":232,"method":"POST","url":"/api/unity/match-progress"},"res":{"statusCode":200},"responseTime":2,"msg":"request completed"}
{"level":30,"time":1791630209100,"pid":6168,"hostname":"Beast","req":{"id":233,"method":"GET","url":"/api/matches"},"res":{"statusCode":200},"responseTime":2,"msg":"request completed"}
{"level":30,"time":1791630214111,"pid":6168,"hostname":"Beast","req":{"id":234,"method":"GET","url":"/api/matches"},"res":{"statusCode":200},"responseTime":3,"msg":"request completed"}
{"level":30,"time":1791630219120,"pid":6168,"hostname":"Beast","req":{"id":235,"method":"GET","url":"/api/matches"},"res":{"statusCode":200},"responseTime":2,"msg":"request completed"}
{"level":30,"time":1791630224129,"pid":6168,"hostname":"Beast","req":{"id":236,"method":"GET","url":"/api/matches"},"res":{"statusCode":200},"responseTime":3,"msg":"request completed"}
{"level":30,"time":1791630224263,"pid":6168,"hostname":"Beast","req":{"id":237,"method":"POST","url":"/api/unity/match-progress"},"res":{"statusCode":200},"responseTime":2,"msg":"request completed"}
{"level":30,"time":1791630229148,"pid":6168,"hostname":"Beast","req":{"id":238,"method":"GET","url":"/api/matches"},"res":{"statusCode":200},"responseTime":2,"msg":"request completed"}
{"level":30,"time":1791630234156,"pid":6168,"hostname":"Beast","req":{"id":239,"method":"GET","url":"/api/matches"},"res":{"statusCode":200},"responseTime":3,"msg":"request completed"}
{"level":30,"time":1791630239168,"pid":6168,"hostname":"Beast","req":{"id":240,"method":"GET","url":"/api/matches"},"res":{"statusCode":200},"responseTime":2,"msg":"request completed"}
{"level":30,"time":1791630239338,"pid":6168,"hostname":"Beast","req":{"id":241,"method":"POST","url":"/api/unity/match-progress"},"res":{"statusCode":200},"responseTime":3,"msg":"request completed"}
{"level":30,"time":1791630244188,"pid":6168,"hostname":"Beast","req":{"id":242,"method":"GET","url":"/api/matches"},"res":{"statusCode":200},"responseTime":2,"msg":"request completed"}
{"level":30,"time":1791630247042,"pid":6168,"hostname":"Beast","req":{"id":243,"method":"POST","url":"/api/unity/match-progress"},"res":{"statusCode":200},"responseTime":2,"msg":"request completed"}
{"level":30,"time":1791630249196,"pid":6168,"hostname":"Beast","req":{"id":244,"method":"GET","url":"/api/matches"},"res":{"statusCode":200},"responseTime":1,"msg":"request completed"}
{"level":30,"time":1791630254213,"pid":6168,"hostname":"Beast","req":{"id":245,"method":"GET","url":"/api/matches"},"res":{"statusCode":200},"responseTime":2,"msg":"request completed"}
{"level":30,"time":1791630254599,"pid":6168,"hostname":"Beast","req":{"id":246,"method":"POST","url":"/api/unity/match-progress"},"res":{"statusCode":200},"responseTime":2,"msg":"request completed"}
{"level":30,"time":1791630259232,"pid":6168,"hostname":"Beast","req":{"id":247,"method":"GET","url":"/api/matches"},"res":{"statusCode":200},"responseTime":3,"msg":"request completed"}
{"level":30,"time":1791630264250,"pid":6168,"hostname":"Beast","req":{"id":248,"method":"GET","url":"/api/matches"},"res":{"statusCode":200},"responseTime":2,"msg":"request completed"}
{"level":30,"time":1791630267195,"pid":6168,"hostname":"Beast","req":{"id":249,"method":"POST","url":"/api/unity/match-progress"},"res":{"statusCode":200},"responseTime":2,"msg":"request completed"}
{"level":30,"time":1791630269270,"pid":6168,"hostname":"Beast","req":{"id":250,"method":"GET","url":"/api/matches"},"res":{"statusCode":200},"responseTime":4,"msg":"request completed"}
{"level":30,"time":1791630274277,"pid":6168,"hostname":"Beast","req":{"id":251,"method":"GET","url":"/api/matches"},"res":{"statusCode":200},"responseTime":2,"msg":"request completed"}
{"level":30,"time":1791630279292,"pid":6168,"hostname":"Beast","req":{"id":252,"method":"GET","url":"/api/matches"},"res":{"statusCode":200},"responseTime":3,"msg":"request completed"}
{"level":30,"time":1791630284305,"pid":6168,"hostname":"Beast","req":{"id":253,"method":"GET","url":"/api/matches"},"res":{"statusCode":200},"responseTime":3,"msg":"request completed"}
{"level":30,"time":1791630289317,"pid":6168,"hostname":"Beast","req":{"id":254,"method":"GET","url":"/api/matches"},"res":{"statusCode":200},"responseTime":3,"msg":"request completed"}
{"level":30,"time":1791630291879,"pid":6168,"hostname":"Beast","req":{"id":255,"method":"POST","url":"/api/unity/match-progress"},"res":{"statusCode":200},"responseTime":1,"msg":"request completed"}
{"level":30,"time":1791630294332,"pid":6168,"hostname":"Beast","req":{"id":256,"method":"GET","url":"/api/matches"},"res":{"statusCode":200},"responseTime":2,"msg":"request completed"}
{"level":30,"time":1791630299347,"pid":6168,"hostname":"Beast","req":{"id":257,"method":"GET","url":"/api/matches"},"res":{"statusCode":200},"responseTime":2,"msg":"request completed"}
{"level":30,"time":1791630304356,"pid":6168,"hostname":"Beast","req":{"id":258,"method":"GET","url":"/api/matches"},"res":{"statusCode":200},"responseTime":2,"msg":"request completed"}
{"level":30,"time":1791630307104,"pid":6168,"hostname":"Beast","req":{"id":259,"method":"POST","url":"/api/unity/match-progress"},"res":{"statusCode":200},"responseTime":2,"msg":"request completed"}
{"level":30,"time":1791630309371,"pid":6168,"hostname":"Beast","req":{"id":260,"method":"GET","url":"/api/matches"},"res":{"statusCode":200},"responseTime":3,"msg":"request completed"}
{"level":30,"time":1791630309584,"pid":6168,"hostname":"Beast","req":{"id":261,"method":"POST","url":"/api/unity/match-progress"},"res":{"statusCode":200},"responseTime":2,"msg":"request completed"}
{"level":30,"time":1791630314388,"pid":6168,"hostname":"Beast","req":{"id":262,"method":"GET","url":"/api/matches"},"res":{"statusCode":200},"responseTime":2,"msg":"request completed"}
{"level":30,"time":1791630315525,"pid":6168,"hostname":"Beast","req":{"id":263,"method":"POST","url":"/api/unity/match-progress"},"res":{"statusCode":200},"responseTime":2,"msg":"request completed"}
{"level":30,"time":1791630319396,"pid":6168,"hostname":"Beast","req":{"id":264,"method":"GET","url":"/api/matches"},"res":{"statusCode":200},"responseTime":2,"msg":"request completed"}
{"level":30,"time":1791630321249,"pid":6168,"hostname":"Beast","req":{"id":265,"method":"POST","url":"/api/unity/match-progress"},"res":{"statusCode":200},"responseTime":1,"msg":"request completed"}
{"level":30,"time":1791630324409,"pid":6168,"hostname":"Beast","req":{"id":266,"method":"GET","url":"/api/matches"},"res":{"statusCode":200},"responseTime":3,"msg":"request completed"}
{"level":30,"time":1791630329425,"pid":6168,"hostname":"Beast","req":{"id":267,"method":"GET","url":"/api/matches"},"res":{"statusCode":200},"responseTime":2,"msg":"request completed"}
{"level":30,"time":1791630334436,"pid":6168,"hostname":"Beast","req":{"id":268,"method":"GET","url":"/api/matches"},"res":{"statusCode":200},"responseTime":2,"msg":"request completed"}
{"level":30,"time":1791630334492,"pid":6168,"hostname":"Beast","req":{"id":269,"method":"POST","url":"/api/unity/match-result"},"res":{"statusCode":200},"responseTime":21,"msg":"request completed"}
{"level":30,"time":1791630339444,"pid":6168,"hostname":"Beast","req":{"id":270,"method":"GET","url":"/api/matches"},"res":{"statusCode":200},"responseTime":2,"msg":"request completed"}
{"level":30,"time":1791630342769,"pid":6168,"hostname":"Beast","msg":"WAL checkpointed and database closed for shutdown"}
