[static-debug] PUBLIC_DIR=C:\vbe-final\artifacts\api-server\dist\public staticDir=C:\vbe-final\artifacts\api-server\dist\public exists=true
{"level":30,"time":1791688545486,"pid":37412,"hostname":"Beast","tablesChecked":57,"columnsChecked":730,"msg":"schema check: save is up to date, 0 missing columns"}
[migrate] could not drop players.outfit_id: Failed to run the query 'ALTER TABLE players DROP COLUMN outfit_id'
[migrate] could not drop staff.team_id: Failed to run the query 'ALTER TABLE staff DROP COLUMN team_id'
{"level":30,"time":1791688545487,"pid":37412,"hostname":"Beast","starterDbPath":null,"reason":"STARTER_DB_PATH not set","msg":"reference data backfill skipped"}
{"level":30,"time":1791688545506,"pid":37412,"hostname":"Beast","port":4235,"msg":"Server listening"}
{"level":30,"time":1791688545828,"pid":37412,"hostname":"Beast","req":{"id":1,"method":"GET","url":"/api/healthz"},"res":{"statusCode":200},"responseTime":3,"msg":"request completed"}
{"level":30,"time":1791688545849,"pid":37412,"hostname":"Beast","req":{"id":2,"method":"POST","url":"/api/profiles"},"res":{"statusCode":201},"responseTime":15,"msg":"request completed"}
{"level":30,"time":1791688545852,"pid":37412,"hostname":"Beast","req":{"id":3,"method":"POST","url":"/api/profiles/6d80de76-5db1-40a9-9d94-429195f55038/select"},"res":{"statusCode":200},"responseTime":1,"msg":"request completed"}
{"level":30,"time":1791688545869,"pid":37412,"hostname":"Beast","req":{"id":4,"method":"GET","url":"/api/club-templates"},"res":{"statusCode":200},"responseTime":3,"msg":"request completed"}
{"level":30,"time":1791688545940,"pid":37412,"hostname":"Beast","req":{"id":5,"method":"POST","url":"/api/careers"},"res":{"statusCode":200},"responseTime":64,"msg":"request completed"}
{"level":30,"time":1791688547224,"pid":37412,"hostname":"Beast","req":{"id":6,"method":"GET","url":"/"},"res":{"statusCode":200},"responseTime":3,"msg":"request completed"}
{"level":30,"time":1791688547234,"pid":37412,"hostname":"Beast","req":{"id":7,"method":"GET","url":"/assets/index-BFTloZe0.css"},"res":{"statusCode":200},"responseTime":3,"msg":"request completed"}
{"level":30,"time":1791688547240,"pid":37412,"hostname":"Beast","req":{"id":8,"method":"GET","url":"/assets/index-DF3UacLk.js"},"res":{"statusCode":200},"responseTime":8,"msg":"request completed"}
{"level":30,"time":1791688547543,"pid":37412,"hostname":"Beast","req":{"id":9,"method":"GET","url":"/api/auth/user"},"res":{"statusCode":200},"responseTime":1,"msg":"request completed"}
{"level":30,"time":1791688547545,"pid":37412,"hostname":"Beast","req":{"id":10,"method":"GET","url":"/api/seasons/current"},"res":{"statusCode":200},"responseTime":1,"msg":"request completed"}
{"level":30,"time":1791688547550,"pid":37412,"hostname":"Beast","req":{"id":11,"method":"GET","url":"/images/brand/bve-title-large.png"},"res":{"statusCode":200},"responseTime":5,"msg":"request completed"}
{"level":30,"time":1791688547563,"pid":37412,"hostname":"Beast","req":{"id":13,"method":"GET","url":"/favicon.svg"},"res":{"statusCode":200},"responseTime":2,"msg":"request completed"}
{"level":30,"time":1791688547565,"pid":37412,"hostname":"Beast","req":{"id":14,"method":"GET","url":"/api/team"},"res":{"statusCode":200},"responseTime":1,"msg":"request completed"}
{"level":30,"time":1791688547578,"pid":37412,"hostname":"Beast","req":{"id":12,"method":"GET","url":"/audio/music/beach-volleyball-empire.mp3"},"res":{"statusCode":206},"responseTime":20,"msg":"request completed"}
{"level":30,"time":1791688547627,"pid":37412,"hostname":"Beast","req":{"id":15,"method":"GET","url":"/favicon.svg"},"res":{"statusCode":304},"responseTime":1,"msg":"request completed"}
{"level":30,"time":1791688549748,"pid":37412,"hostname":"Beast","req":{"id":16,"method":"GET","url":"/"},"res":{"statusCode":304},"responseTime":1,"msg":"request completed"}
{"level":30,"time":1791688549754,"pid":37412,"hostname":"Beast","req":{"id":17,"method":"GET","url":"/assets/index-BFTloZe0.css"},"res":{"statusCode":304},"responseTime":1,"msg":"request completed"}
{"level":30,"time":1791688549755,"pid":37412,"hostname":"Beast","req":{"id":18,"method":"GET","url":"/assets/index-DF3UacLk.js"},"res":{"statusCode":304},"responseTime":1,"msg":"request completed"}
{"level":30,"time":1791688549772,"pid":37412,"hostname":"Beast","req":{"id":19,"method":"GET","url":"/images/brand/bve-title-large.png"},"res":{"statusCode":304},"responseTime":1,"msg":"request completed"}
{"level":30,"time":1791688549775,"pid":37412,"hostname":"Beast","req":{"id":20,"method":"GET","url":"/api/auth/user"},"res":{"statusCode":304},"responseTime":1,"msg":"request completed"}
{"level":30,"time":1791688549776,"pid":37412,"hostname":"Beast","req":{"id":21,"method":"GET","url":"/api/seasons/current"},"res":{"statusCode":304},"responseTime":1,"msg":"request completed"}
{"level":30,"time":1791688549779,"pid":37412,"hostname":"Beast","req":{"id":22,"method":"GET","url":"/audio/music/beach-volleyball-empire.mp3"},"res":{"statusCode":304},"responseTime":0,"msg":"request completed"}
{"level":30,"time":1791688549780,"pid":37412,"hostname":"Beast","req":{"id":23,"method":"GET","url":"/favicon.svg"},"res":{"statusCode":304},"responseTime":1,"msg":"request completed"}
{"level":30,"time":1791688549781,"pid":37412,"hostname":"Beast","req":{"id":24,"method":"GET","url":"/api/team"},"res":{"statusCode":304},"responseTime":1,"msg":"request completed"}
{"level":30,"time":1791688549797,"pid":37412,"hostname":"Beast","req":{"id":25,"method":"GET","url":"/favicon.svg"},"res":{"statusCode":304},"responseTime":0,"msg":"request completed"}
{"level":30,"time":1791688552265,"pid":37412,"hostname":"Beast","req":{"id":26,"method":"GET","url":"/api/achievements"},"res":{"statusCode":200},"responseTime":3,"msg":"request completed"}
{"level":30,"time":1791688552269,"pid":37412,"hostname":"Beast","req":{"id":27,"method":"GET","url":"/api/calendar"},"res":{"statusCode":200},"responseTime":4,"msg":"request completed"}
{"level":30,"time":1791688552271,"pid":37412,"hostname":"Beast","req":{"id":28,"method":"GET","url":"/api/calendar/round-names"},"res":{"statusCode":200},"responseTime":1,"msg":"request completed"}
{"level":30,"time":1791688552272,"pid":37412,"hostname":"Beast","req":{"id":29,"method":"GET","url":"/api/auth/user"},"res":{"statusCode":304},"responseTime":0,"msg":"request completed"}
{"level":30,"time":1791688552275,"pid":37412,"hostname":"Beast","req":{"id":30,"method":"GET","url":"/api/attention-items"},"res":{"statusCode":200},"responseTime":3,"msg":"request completed"}
{"level":30,"time":1791688552277,"pid":37412,"hostname":"Beast","req":{"id":31,"method":"GET","url":"/api/seasons/1/ladder"},"res":{"statusCode":200},"responseTime":2,"msg":"request completed"}
{"level":30,"time":1791688552278,"pid":37412,"hostname":"Beast","req":{"id":32,"method":"GET","url":"/api/seasons/current"},"res":{"statusCode":304},"responseTime":1,"msg":"request completed"}
{"level":30,"time":1791688552281,"pid":37412,"hostname":"Beast","req":{"id":33,"method":"GET","url":"/api/club-rating"},"res":{"statusCode":200},"responseTime":3,"msg":"request completed"}
{"level":30,"time":1791688552282,"pid":37412,"hostname":"Beast","req":{"id":34,"method":"GET","url":"/api/facilities"},"res":{"statusCode":200},"responseTime":1,"msg":"request completed"}
{"level":30,"time":1791688552287,"pid":37412,"hostname":"Beast","req":{"id":35,"method":"GET","url":"/api/dashboard"},"res":{"statusCode":200},"responseTime":4,"msg":"request completed"}
{"level":30,"time":1791688552299,"pid":37412,"hostname":"Beast","req":{"id":36,"method":"GET","url":"/api/news"},"res":{"statusCode":200},"responseTime":12,"msg":"request completed"}
{"level":30,"time":1791688552302,"pid":37412,"hostname":"Beast","req":{"id":37,"method":"GET","url":"/api/events/upcoming"},"res":{"statusCode":200},"responseTime":3,"msg":"request completed"}
{"level":30,"time":1791688552304,"pid":37412,"hostname":"Beast","req":{"id":38,"method":"GET","url":"/api/board-confidence"},"res":{"statusCode":200},"responseTime":2,"msg":"request completed"}
{"level":30,"time":1791688552351,"pid":37412,"hostname":"Beast","req":{"id":39,"method":"GET","url":"/images/hero-women-volleyball.webp"},"res":{"statusCode":200},"responseTime":1,"msg":"request completed"}
{"level":30,"time":1791688554581,"pid":37412,"hostname":"Beast","req":{"id":40,"method":"POST","url":"/api/calendar/next-match"},"res":{"statusCode":200},"responseTime":1891,"msg":"request completed"}
{"level":30,"time":1791688554585,"pid":37412,"hostname":"Beast","req":{"id":41,"method":"GET","url":"/api/auth/user"},"res":{"statusCode":304},"responseTime":1,"msg":"request completed"}
{"level":30,"time":1791688554586,"pid":37412,"hostname":"Beast","req":{"id":42,"method":"GET","url":"/api/team"},"res":{"statusCode":200},"responseTime":1,"msg":"request completed"}
{"level":30,"time":1791688554587,"pid":37412,"hostname":"Beast","req":{"id":43,"method":"GET","url":"/api/seasons/current"},"res":{"statusCode":200},"responseTime":1,"msg":"request completed"}
{"level":30,"time":1791688554588,"pid":37412,"hostname":"Beast","req":{"id":44,"method":"GET","url":"/api/achievements"},"res":{"statusCode":304},"responseTime":1,"msg":"request completed"}
{"level":30,"time":1791688554592,"pid":37412,"hostname":"Beast","req":{"id":45,"method":"GET","url":"/api/calendar"},"res":{"statusCode":200},"responseTime":4,"msg":"request completed"}
{"level":30,"time":1791688554593,"pid":37412,"hostname":"Beast","req":{"id":46,"method":"GET","url":"/api/calendar/round-names"},"res":{"statusCode":304},"responseTime":0,"msg":"request completed"}
{"level":30,"time":1791688554596,"pid":37412,"hostname":"Beast","req":{"id":47,"method":"GET","url":"/api/attention-items"},"res":{"statusCode":200},"responseTime":2,"msg":"request completed"}
{"level":30,"time":1791688554600,"pid":37412,"hostname":"Beast","req":{"id":48,"method":"GET","url":"/api/dashboard"},"res":{"statusCode":200},"responseTime":4,"msg":"request completed"}
{"level":30,"time":1791688554602,"pid":37412,"hostname":"Beast","req":{"id":49,"method":"GET","url":"/api/seasons/1/ladder"},"res":{"statusCode":200},"responseTime":1,"msg":"request completed"}
{"level":30,"time":1791688554604,"pid":37412,"hostname":"Beast","req":{"id":50,"method":"GET","url":"/api/club-rating"},"res":{"statusCode":304},"responseTime":2,"msg":"request completed"}
{"level":30,"time":1791688554605,"pid":37412,"hostname":"Beast","req":{"id":51,"method":"GET","url":"/api/facilities"},"res":{"statusCode":304},"responseTime":1,"msg":"request completed"}
{"level":30,"time":1791688554607,"pid":37412,"hostname":"Beast","req":{"id":52,"method":"GET","url":"/api/news"},"res":{"statusCode":304},"responseTime":2,"msg":"request completed"}
{"level":30,"time":1791688554611,"pid":37412,"hostname":"Beast","req":{"id":53,"method":"GET","url":"/api/events/upcoming"},"res":{"statusCode":200},"responseTime":4,"msg":"request completed"}
{"level":30,"time":1791688554616,"pid":37412,"hostname":"Beast","req":{"id":54,"method":"GET","url":"/api/board-confidence"},"res":{"statusCode":200},"responseTime":5,"msg":"request completed"}
{"level":30,"time":1791688554745,"pid":37412,"hostname":"Beast","req":{"id":55,"method":"POST","url":"/api/matches/1/watch"},"res":{"statusCode":200},"responseTime":5,"msg":"request completed"}
{"level":30,"time":1791688554752,"pid":37412,"hostname":"Beast","req":{"id":56,"method":"GET","url":"/api/careers"},"res":{"statusCode":200},"responseTime":1,"msg":"request completed"}
{"level":30,"time":1791688554753,"pid":37412,"hostname":"Beast","req":{"id":57,"method":"HEAD","url":"/unity-build/index.html"},"res":{"statusCode":200},"responseTime":1,"msg":"request completed"}
{"level":30,"time":1791688554760,"pid":37412,"hostname":"Beast","req":{"id":58,"method":"GET","url":"/unity-build/index.html"},"res":{"statusCode":200},"responseTime":2,"msg":"request completed"}
{"level":30,"time":1791688554766,"pid":37412,"hostname":"Beast","req":{"id":59,"method":"GET","url":"/unity-build/Build/Volleyball_WebGL_Uncompressed_2.loader.js"},"res":{"statusCode":200},"responseTime":2,"msg":"request completed"}
{"level":30,"time":1791688554777,"pid":37412,"hostname":"Beast","req":{"id":60,"method":"GET","url":"/unity-build/Build/Volleyball_WebGL_Uncompressed_2.framework.js"},"res":{"statusCode":200},"responseTime":3,"msg":"request completed"}
{"level":30,"time":1791688555130,"pid":37412,"hostname":"Beast","req":{"id":61,"method":"GET","url":"/unity-build/Build/Volleyball_WebGL_Uncompressed_2.wasm"},"res":{"statusCode":200},"responseTime":330,"msg":"request completed"}
{"level":30,"time":1791688556982,"pid":37412,"hostname":"Beast","req":{"id":62,"method":"GET","url":"/unity-build/Build/Volleyball_WebGL_Uncompressed_2.data"},"res":{"statusCode":200},"responseTime":2181,"msg":"request completed"}
{"level":30,"time":1791688560722,"pid":37412,"hostname":"Beast","req":{"id":64,"method":"GET","url":"/api/unity/match-state"},"careerSaveId":1,"careerSource":"query","teamId":1,"msg":"unity/match-state career resolved"}
{"level":30,"time":1791688560726,"pid":37412,"hostname":"Beast","req":{"id":64,"method":"GET","url":"/api/unity/match-state"},"matchId":1,"status":"in_progress","playerCount":4,"msg":"unity/match-state served"}
{"level":30,"time":1791688560728,"pid":37412,"hostname":"Beast","req":{"id":64,"method":"GET","url":"/api/unity/match-state"},"res":{"statusCode":200},"responseTime":7,"msg":"request completed"}
{"level":30,"time":1791688560730,"pid":37412,"hostname":"Beast","req":{"id":63,"method":"GET","url":"/unity-build/StreamingAssets/commentary/A_serve_1.mp3"},"res":{"statusCode":200},"responseTime":10,"msg":"request completed"}
{"level":30,"time":1791688561798,"pid":37412,"hostname":"Beast","req":{"id":65,"method":"GET","url":"/unity-build/StreamingAssets/commentary/A_serve_2.mp3"},"res":{"statusCode":200},"responseTime":2,"msg":"request completed"}
{"level":30,"time":1791688561851,"pid":37412,"hostname":"Beast","req":{"id":66,"method":"GET","url":"/unity-build/StreamingAssets/commentary/A_serve_3.mp3"},"res":{"statusCode":200},"responseTime":3,"msg":"request completed"}
{"level":30,"time":1791688561898,"pid":37412,"hostname":"Beast","req":{"id":67,"method":"GET","url":"/unity-build/StreamingAssets/commentary/A_dig_1.mp3"},"res":{"statusCode":200},"responseTime":2,"msg":"request completed"}
{"level":30,"time":1791688561937,"pid":37412,"hostname":"Beast","req":{"id":68,"method":"GET","url":"/unity-build/StreamingAssets/commentary/A_dig_2.mp3"},"res":{"statusCode":200},"responseTime":2,"msg":"request completed"}
{"level":30,"time":1791688561978,"pid":37412,"hostname":"Beast","req":{"id":69,"method":"GET","url":"/unity-build/StreamingAssets/commentary/A_dig_3.mp3"},"res":{"statusCode":200},"responseTime":3,"msg":"request completed"}
{"level":30,"time":1791688562018,"pid":37412,"hostname":"Beast","req":{"id":70,"method":"GET","url":"/unity-build/StreamingAssets/commentary/A_set_1.mp3"},"res":{"statusCode":200},"responseTime":4,"msg":"request completed"}
{"level":30,"time":1791688562063,"pid":37412,"hostname":"Beast","req":{"id":71,"method":"GET","url":"/unity-build/StreamingAssets/commentary/A_set_2.mp3"},"res":{"statusCode":200},"responseTime":3,"msg":"request completed"}
{"level":30,"time":1791688562100,"pid":37412,"hostname":"Beast","req":{"id":72,"method":"GET","url":"/unity-build/StreamingAssets/commentary/A_set_3.mp3"},"res":{"statusCode":200},"responseTime":2,"msg":"request completed"}
{"level":30,"time":1791688562139,"pid":37412,"hostname":"Beast","req":{"id":73,"method":"GET","url":"/unity-build/StreamingAssets/commentary/A_spike_1.mp3"},"res":{"statusCode":200},"responseTime":2,"msg":"request completed"}
{"level":30,"time":1791688562178,"pid":37412,"hostname":"Beast","req":{"id":74,"method":"GET","url":"/unity-build/StreamingAssets/commentary/A_spike_2.mp3"},"res":{"statusCode":200},"responseTime":2,"msg":"request completed"}
{"level":30,"time":1791688562218,"pid":37412,"hostname":"Beast","req":{"id":75,"method":"GET","url":"/unity-build/StreamingAssets/commentary/A_spike_3.mp3"},"res":{"statusCode":200},"responseTime":3,"msg":"request completed"}
{"level":30,"time":1791688562256,"pid":37412,"hostname":"Beast","req":{"id":76,"method":"GET","url":"/unity-build/StreamingAssets/commentary/A_blockattempt_1.mp3"},"res":{"statusCode":200},"responseTime":2,"msg":"request completed"}
{"level":30,"time":1791688562297,"pid":37412,"hostname":"Beast","req":{"id":77,"method":"GET","url":"/unity-build/StreamingAssets/commentary/A_blockattempt_2.mp3"},"res":{"statusCode":200},"responseTime":1,"msg":"request completed"}
{"level":30,"time":1791688562342,"pid":37412,"hostname":"Beast","req":{"id":78,"method":"GET","url":"/unity-build/StreamingAssets/commentary/A_blockattempt_3.mp3"},"res":{"statusCode":200},"responseTime":2,"msg":"request completed"}
{"level":30,"time":1791688562385,"pid":37412,"hostname":"Beast","req":{"id":79,"method":"GET","url":"/unity-build/StreamingAssets/commentary/A_block_1.mp3"},"res":{"statusCode":200},"responseTime":2,"msg":"request completed"}
{"level":30,"time":1791688562429,"pid":37412,"hostname":"Beast","req":{"id":80,"method":"GET","url":"/unity-build/StreamingAssets/commentary/A_block_2.mp3"},"res":{"statusCode":200},"responseTime":2,"msg":"request completed"}
{"level":30,"time":1791688562472,"pid":37412,"hostname":"Beast","req":{"id":81,"method":"GET","url":"/unity-build/StreamingAssets/commentary/A_block_3.mp3"},"res":{"statusCode":200},"responseTime":2,"msg":"request completed"}
{"level":30,"time":1791688562517,"pid":37412,"hostname":"Beast","req":{"id":82,"method":"GET","url":"/unity-build/StreamingAssets/commentary/A_point_1.mp3"},"res":{"statusCode":200},"responseTime":2,"msg":"request completed"}
{"level":30,"time":1791688562563,"pid":37412,"hostname":"Beast","req":{"id":83,"method":"GET","url":"/unity-build/StreamingAssets/commentary/A_point_2.mp3"},"res":{"statusCode":200},"responseTime":2,"msg":"request completed"}
{"level":30,"time":1791688562609,"pid":37412,"hostname":"Beast","req":{"id":84,"method":"GET","url":"/unity-build/StreamingAssets/commentary/A_point_3.mp3"},"res":{"statusCode":200},"responseTime":3,"msg":"request completed"}
{"level":30,"time":1791688562651,"pid":37412,"hostname":"Beast","req":{"id":85,"method":"GET","url":"/unity-build/StreamingAssets/commentary/A_rally_1.mp3"},"res":{"statusCode":200},"responseTime":2,"msg":"request completed"}
{"level":30,"time":1791688562696,"pid":37412,"hostname":"Beast","req":{"id":86,"method":"GET","url":"/unity-build/StreamingAssets/commentary/A_rally_2.mp3"},"res":{"statusCode":200},"responseTime":2,"msg":"request completed"}
{"level":30,"time":1791688562741,"pid":37412,"hostname":"Beast","req":{"id":87,"method":"GET","url":"/unity-build/StreamingAssets/commentary/A_rally_3.mp3"},"res":{"statusCode":200},"responseTime":2,"msg":"request completed"}
{"level":30,"time":1791688562785,"pid":37412,"hostname":"Beast","req":{"id":88,"method":"GET","url":"/unity-build/StreamingAssets/commentary/B_serve_1.mp3"},"res":{"statusCode":200},"responseTime":2,"msg":"request completed"}
{"level":30,"time":1791688562833,"pid":37412,"hostname":"Beast","req":{"id":89,"method":"GET","url":"/unity-build/StreamingAssets/commentary/B_serve_2.mp3"},"res":{"statusCode":200},"responseTime":2,"msg":"request completed"}
{"level":30,"time":1791688562879,"pid":37412,"hostname":"Beast","req":{"id":90,"method":"GET","url":"/unity-build/StreamingAssets/commentary/B_serve_3.mp3"},"res":{"statusCode":200},"responseTime":2,"msg":"request completed"}
{"level":30,"time":1791688562928,"pid":37412,"hostname":"Beast","req":{"id":91,"method":"GET","url":"/unity-build/StreamingAssets/commentary/B_dig_1.mp3"},"res":{"statusCode":200},"responseTime":2,"msg":"request completed"}
{"level":30,"time":1791688562971,"pid":37412,"hostname":"Beast","req":{"id":92,"method":"GET","url":"/unity-build/StreamingAssets/commentary/B_dig_2.mp3"},"res":{"statusCode":200},"responseTime":1,"msg":"request completed"}
{"level":30,"time":1791688563017,"pid":37412,"hostname":"Beast","req":{"id":93,"method":"GET","url":"/unity-build/StreamingAssets/commentary/B_dig_3.mp3"},"res":{"statusCode":200},"responseTime":2,"msg":"request completed"}
{"level":30,"time":1791688563062,"pid":37412,"hostname":"Beast","req":{"id":94,"method":"GET","url":"/unity-build/StreamingAssets/commentary/B_set_1.mp3"},"res":{"statusCode":200},"responseTime":3,"msg":"request completed"}
{"level":30,"time":1791688563107,"pid":37412,"hostname":"Beast","req":{"id":95,"method":"GET","url":"/unity-build/StreamingAssets/commentary/B_set_2.mp3"},"res":{"statusCode":200},"responseTime":2,"msg":"request completed"}
{"level":30,"time":1791688563151,"pid":37412,"hostname":"Beast","req":{"id":96,"method":"GET","url":"/unity-build/StreamingAssets/commentary/B_set_3.mp3"},"res":{"statusCode":200},"responseTime":2,"msg":"request completed"}
{"level":30,"time":1791688563198,"pid":37412,"hostname":"Beast","req":{"id":97,"method":"GET","url":"/unity-build/StreamingAssets/commentary/B_spike_1.mp3"},"res":{"statusCode":200},"responseTime":2,"msg":"request completed"}
{"level":30,"time":1791688563244,"pid":37412,"hostname":"Beast","req":{"id":98,"method":"GET","url":"/unity-build/StreamingAssets/commentary/B_spike_2.mp3"},"res":{"statusCode":200},"responseTime":3,"msg":"request completed"}
{"level":30,"time":1791688563292,"pid":37412,"hostname":"Beast","req":{"id":99,"method":"GET","url":"/unity-build/StreamingAssets/commentary/B_spike_3.mp3"},"res":{"statusCode":200},"responseTime":3,"msg":"request completed"}
{"level":30,"time":1791688563334,"pid":37412,"hostname":"Beast","req":{"id":100,"method":"GET","url":"/unity-build/StreamingAssets/commentary/B_blockattempt_1.mp3"},"res":{"statusCode":200},"responseTime":2,"msg":"request completed"}
{"level":30,"time":1791688563381,"pid":37412,"hostname":"Beast","req":{"id":101,"method":"GET","url":"/unity-build/StreamingAssets/commentary/B_blockattempt_2.mp3"},"res":{"statusCode":200},"responseTime":2,"msg":"request completed"}
{"level":30,"time":1791688563420,"pid":37412,"hostname":"Beast","req":{"id":102,"method":"GET","url":"/unity-build/StreamingAssets/commentary/B_blockattempt_3.mp3"},"res":{"statusCode":200},"responseTime":2,"msg":"request completed"}
{"level":30,"time":1791688563478,"pid":37412,"hostname":"Beast","req":{"id":103,"method":"GET","url":"/unity-build/StreamingAssets/commentary/B_block_1.mp3"},"res":{"statusCode":200},"responseTime":5,"msg":"request completed"}
{"level":30,"time":1791688563527,"pid":37412,"hostname":"Beast","req":{"id":104,"method":"GET","url":"/unity-build/StreamingAssets/commentary/B_block_2.mp3"},"res":{"statusCode":200},"responseTime":3,"msg":"request completed"}
{"level":30,"time":1791688563563,"pid":37412,"hostname":"Beast","req":{"id":105,"method":"GET","url":"/unity-build/StreamingAssets/commentary/B_block_3.mp3"},"res":{"statusCode":200},"responseTime":3,"msg":"request completed"}
{"level":30,"time":1791688563603,"pid":37412,"hostname":"Beast","req":{"id":106,"method":"GET","url":"/unity-build/StreamingAssets/commentary/B_point_1.mp3"},"res":{"statusCode":200},"responseTime":2,"msg":"request completed"}
{"level":30,"time":1791688563651,"pid":37412,"hostname":"Beast","req":{"id":107,"method":"GET","url":"/unity-build/StreamingAssets/commentary/B_point_2.mp3"},"res":{"statusCode":200},"responseTime":2,"msg":"request completed"}
{"level":30,"time":1791688563696,"pid":37412,"hostname":"Beast","req":{"id":108,"method":"GET","url":"/unity-build/StreamingAssets/commentary/B_point_3.mp3"},"res":{"statusCode":200},"responseTime":2,"msg":"request completed"}
{"level":30,"time":1791688563738,"pid":37412,"hostname":"Beast","req":{"id":109,"method":"GET","url":"/unity-build/StreamingAssets/commentary/B_rally_1.mp3"},"res":{"statusCode":200},"responseTime":2,"msg":"request completed"}
{"level":30,"time":1791688563785,"pid":37412,"hostname":"Beast","req":{"id":110,"method":"GET","url":"/unity-build/StreamingAssets/commentary/B_rally_2.mp3"},"res":{"statusCode":200},"responseTime":2,"msg":"request completed"}
{"level":30,"time":1791688563831,"pid":37412,"hostname":"Beast","req":{"id":111,"method":"GET","url":"/unity-build/StreamingAssets/commentary/B_rally_3.mp3"},"res":{"statusCode":200},"responseTime":2,"msg":"request completed"}
{"level":30,"time":1791688574844,"pid":37412,"hostname":"Beast","req":{"id":112,"method":"POST","url":"/api/unity/match-progress"},"res":{"statusCode":200},"responseTime":4,"msg":"request completed"}
{"level":30,"time":1791688585001,"pid":37412,"hostname":"Beast","req":{"id":113,"method":"POST","url":"/api/unity/match-progress"},"res":{"statusCode":200},"responseTime":2,"msg":"request completed"}
{"level":30,"time":1791688596347,"pid":37412,"hostname":"Beast","req":{"id":114,"method":"POST","url":"/api/unity/match-progress"},"res":{"statusCode":200},"responseTime":2,"msg":"request completed"}
{"level":30,"time":1791688606271,"pid":37412,"hostname":"Beast","req":{"id":115,"method":"POST","url":"/api/unity/match-progress"},"res":{"statusCode":200},"responseTime":2,"msg":"request completed"}
{"level":30,"time":1791688608500,"pid":37412,"hostname":"Beast","msg":"WAL checkpointed and database closed for shutdown"}
