[static-debug] PUBLIC_DIR=C:\vbe-final\artifacts\api-server\dist\public staticDir=C:\vbe-final\artifacts\api-server\dist\public exists=true
{"level":30,"time":1791688627767,"pid":8852,"hostname":"Beast","tablesChecked":57,"columnsChecked":730,"msg":"schema check: save is up to date, 0 missing columns"}
[migrate] could not drop players.outfit_id: Failed to run the query 'ALTER TABLE players DROP COLUMN outfit_id'
[migrate] could not drop staff.team_id: Failed to run the query 'ALTER TABLE staff DROP COLUMN team_id'
{"level":30,"time":1791688627767,"pid":8852,"hostname":"Beast","starterDbPath":null,"reason":"STARTER_DB_PATH not set","msg":"reference data backfill skipped"}
{"level":30,"time":1791688627786,"pid":8852,"hostname":"Beast","port":4223,"msg":"Server listening"}
{"level":30,"time":1791688628117,"pid":8852,"hostname":"Beast","req":{"id":1,"method":"GET","url":"/api/healthz"},"res":{"statusCode":200},"responseTime":4,"msg":"request completed"}
{"level":30,"time":1791688628126,"pid":8852,"hostname":"Beast","req":{"id":2,"method":"POST","url":"/api/profiles"},"res":{"statusCode":201},"responseTime":4,"msg":"request completed"}
{"level":30,"time":1791688628140,"pid":8852,"hostname":"Beast","req":{"id":3,"method":"POST","url":"/api/profiles/a1ebd8ce-a35c-421f-8e4e-ce3d46ba4c39/select"},"res":{"statusCode":200},"responseTime":1,"msg":"request completed"}
{"level":30,"time":1791688628154,"pid":8852,"hostname":"Beast","req":{"id":4,"method":"GET","url":"/api/club-templates"},"res":{"statusCode":200},"responseTime":2,"msg":"request completed"}
{"level":30,"time":1791688628233,"pid":8852,"hostname":"Beast","req":{"id":5,"method":"POST","url":"/api/careers"},"res":{"statusCode":200},"responseTime":63,"msg":"request completed"}
{"level":30,"time":1791688628249,"pid":8852,"hostname":"Beast","req":{"id":6,"method":"GET","url":"/api/team"},"res":{"statusCode":200},"responseTime":1,"msg":"request completed"}
{"level":30,"time":1791688629881,"pid":8852,"hostname":"Beast","req":{"id":7,"method":"POST","url":"/api/calendar/next-match"},"res":{"statusCode":200},"responseTime":1617,"msg":"request completed"}
{"level":30,"time":1791688629886,"pid":8852,"hostname":"Beast","req":{"id":8,"method":"GET","url":"/api/unity/match-state"},"careerSaveId":1,"careerSource":"query","teamId":1,"msg":"unity/match-state career resolved"}
{"level":30,"time":1791688629888,"pid":8852,"hostname":"Beast","req":{"id":8,"method":"GET","url":"/api/unity/match-state"},"matchId":1,"status":"scheduled","playerCount":4,"msg":"unity/match-state served"}
{"level":30,"time":1791688629891,"pid":8852,"hostname":"Beast","req":{"id":8,"method":"GET","url":"/api/unity/match-state"},"res":{"statusCode":200},"responseTime":5,"msg":"request completed"}
{"level":30,"time":1791688629936,"pid":8852,"hostname":"Beast","req":{"id":9,"method":"GET","url":"/api/players/market-all"},"res":{"statusCode":200},"responseTime":18,"msg":"request completed"}
{"level":30,"time":1791688629946,"pid":8852,"hostname":"Beast","req":{"id":10,"method":"GET","url":"/api/players"},"res":{"statusCode":200},"responseTime":2,"msg":"request completed"}
{"level":30,"time":1791688629952,"pid":8852,"hostname":"Beast","req":{"id":11,"method":"POST","url":"/api/players/292/release"},"res":{"statusCode":200},"responseTime":3,"msg":"request completed"}
{"level":30,"time":1791688629971,"pid":8852,"hostname":"Beast","req":{"id":12,"method":"POST","url":"/api/contracts"},"res":{"statusCode":201},"responseTime":6,"msg":"request completed"}
{"level":30,"time":1791688629981,"pid":8852,"hostname":"Beast","req":{"id":13,"method":"GET","url":"/api/unity/match-state"},"careerSaveId":1,"careerSource":"query","teamId":1,"msg":"unity/match-state career resolved"}
{"level":30,"time":1791688629983,"pid":8852,"hostname":"Beast","req":{"id":13,"method":"GET","url":"/api/unity/match-state"},"matchId":1,"status":"scheduled","playerCount":4,"msg":"unity/match-state served"}
{"level":30,"time":1791688629985,"pid":8852,"hostname":"Beast","req":{"id":13,"method":"GET","url":"/api/unity/match-state"},"res":{"statusCode":200},"responseTime":5,"msg":"request completed"}
{"level":30,"time":1791688630012,"pid":8852,"hostname":"Beast","req":{"id":14,"method":"GET","url":"/api/players/market-all"},"res":{"statusCode":200},"responseTime":16,"msg":"request completed"}
{"level":30,"time":1791688630030,"pid":8852,"hostname":"Beast","req":{"id":15,"method":"GET","url":"/images/players/seniors/player_senior_puerto_rico_03.webp"},"res":{"statusCode":200},"responseTime":2,"msg":"request completed"}
{"level":30,"time":1791688630044,"pid":8852,"hostname":"Beast","req":{"id":16,"method":"GET","url":"/images/players/seniors/ai/player_senior_ai_eur_04_p2.webp"},"res":{"statusCode":200},"responseTime":1,"msg":"request completed"}
{"level":30,"time":1791688630047,"pid":8852,"hostname":"Beast","req":{"id":17,"method":"GET","url":"/api/players"},"res":{"statusCode":200},"responseTime":1,"msg":"request completed"}
{"level":30,"time":1791688630051,"pid":8852,"hostname":"Beast","req":{"id":18,"method":"PATCH","url":"/api/team/roster/285/role"},"res":{"statusCode":200},"responseTime":2,"msg":"request completed"}
{"level":30,"time":1791688630055,"pid":8852,"hostname":"Beast","req":{"id":19,"method":"PATCH","url":"/api/team/roster/298/role"},"res":{"statusCode":200},"responseTime":2,"msg":"request completed"}
{"level":30,"time":1791688630062,"pid":8852,"hostname":"Beast","req":{"id":20,"method":"PATCH","url":"/api/team/roster/553/role"},"res":{"statusCode":200},"responseTime":3,"msg":"request completed"}
{"level":30,"time":1791688630074,"pid":8852,"hostname":"Beast","req":{"id":21,"method":"GET","url":"/api/unity/match-state"},"careerSaveId":1,"careerSource":"query","teamId":1,"msg":"unity/match-state career resolved"}
{"level":30,"time":1791688630076,"pid":8852,"hostname":"Beast","req":{"id":21,"method":"GET","url":"/api/unity/match-state"},"matchId":1,"status":"scheduled","playerCount":4,"msg":"unity/match-state served"}
{"level":30,"time":1791688630078,"pid":8852,"hostname":"Beast","req":{"id":21,"method":"GET","url":"/api/unity/match-state"},"res":{"statusCode":200},"responseTime":4,"msg":"request completed"}
{"level":30,"time":1791688630090,"pid":8852,"hostname":"Beast","req":{"id":22,"method":"GET","url":"/images/players/seniors/ai/player_senior_ai_eur_04_p1.webp"},"res":{"statusCode":200},"responseTime":1,"msg":"request completed"}
{"level":30,"time":1791688631352,"pid":8852,"hostname":"Beast","req":{"id":23,"method":"GET","url":"/"},"res":{"statusCode":200},"responseTime":2,"msg":"request completed"}
{"level":30,"time":1791688631362,"pid":8852,"hostname":"Beast","req":{"id":24,"method":"GET","url":"/assets/index-BFTloZe0.css"},"res":{"statusCode":200},"responseTime":3,"msg":"request completed"}
{"level":30,"time":1791688631368,"pid":8852,"hostname":"Beast","req":{"id":25,"method":"GET","url":"/assets/index-DF3UacLk.js"},"res":{"statusCode":200},"responseTime":9,"msg":"request completed"}
{"level":30,"time":1791688631678,"pid":8852,"hostname":"Beast","req":{"id":26,"method":"GET","url":"/api/auth/user"},"res":{"statusCode":200},"responseTime":0,"msg":"request completed"}
{"level":30,"time":1791688631679,"pid":8852,"hostname":"Beast","req":{"id":27,"method":"GET","url":"/api/seasons/current"},"res":{"statusCode":200},"responseTime":1,"msg":"request completed"}
{"level":30,"time":1791688631685,"pid":8852,"hostname":"Beast","req":{"id":28,"method":"GET","url":"/images/brand/bve-title-large.png"},"res":{"statusCode":200},"responseTime":4,"msg":"request completed"}
{"level":30,"time":1791688631698,"pid":8852,"hostname":"Beast","req":{"id":30,"method":"GET","url":"/favicon.svg"},"res":{"statusCode":200},"responseTime":1,"msg":"request completed"}
{"level":30,"time":1791688631701,"pid":8852,"hostname":"Beast","req":{"id":31,"method":"GET","url":"/api/team"},"res":{"statusCode":200},"responseTime":1,"msg":"request completed"}
{"level":30,"time":1791688631715,"pid":8852,"hostname":"Beast","req":{"id":29,"method":"GET","url":"/audio/music/beach-volleyball-empire.mp3"},"res":{"statusCode":206},"responseTime":20,"msg":"request completed"}
{"level":30,"time":1791688631761,"pid":8852,"hostname":"Beast","req":{"id":32,"method":"GET","url":"/favicon.svg"},"res":{"statusCode":304},"responseTime":1,"msg":"request completed"}
{"level":30,"time":1791688633874,"pid":8852,"hostname":"Beast","req":{"id":33,"method":"GET","url":"/"},"res":{"statusCode":304},"responseTime":1,"msg":"request completed"}
{"level":30,"time":1791688633883,"pid":8852,"hostname":"Beast","req":{"id":34,"method":"GET","url":"/assets/index-BFTloZe0.css"},"res":{"statusCode":304},"responseTime":2,"msg":"request completed"}
{"level":30,"time":1791688633883,"pid":8852,"hostname":"Beast","req":{"id":35,"method":"GET","url":"/assets/index-DF3UacLk.js"},"res":{"statusCode":304},"responseTime":1,"msg":"request completed"}
{"level":30,"time":1791688633899,"pid":8852,"hostname":"Beast","req":{"id":36,"method":"GET","url":"/images/brand/bve-title-large.png"},"res":{"statusCode":304},"responseTime":1,"msg":"request completed"}
{"level":30,"time":1791688633901,"pid":8852,"hostname":"Beast","req":{"id":37,"method":"GET","url":"/api/auth/user"},"res":{"statusCode":304},"responseTime":1,"msg":"request completed"}
{"level":30,"time":1791688633902,"pid":8852,"hostname":"Beast","req":{"id":38,"method":"GET","url":"/api/seasons/current"},"res":{"statusCode":304},"responseTime":1,"msg":"request completed"}
{"level":30,"time":1791688633906,"pid":8852,"hostname":"Beast","req":{"id":39,"method":"GET","url":"/audio/music/beach-volleyball-empire.mp3"},"res":{"statusCode":304},"responseTime":1,"msg":"request completed"}
{"level":30,"time":1791688633906,"pid":8852,"hostname":"Beast","req":{"id":40,"method":"GET","url":"/favicon.svg"},"res":{"statusCode":304},"responseTime":0,"msg":"request completed"}
{"level":30,"time":1791688633908,"pid":8852,"hostname":"Beast","req":{"id":41,"method":"GET","url":"/api/team"},"res":{"statusCode":304},"responseTime":1,"msg":"request completed"}
{"level":30,"time":1791688633925,"pid":8852,"hostname":"Beast","req":{"id":42,"method":"GET","url":"/favicon.svg"},"res":{"statusCode":304},"responseTime":1,"msg":"request completed"}
{"level":30,"time":1791688636402,"pid":8852,"hostname":"Beast","req":{"id":43,"method":"GET","url":"/api/achievements"},"res":{"statusCode":200},"responseTime":2,"msg":"request completed"}
{"level":30,"time":1791688636407,"pid":8852,"hostname":"Beast","req":{"id":44,"method":"GET","url":"/api/calendar"},"res":{"statusCode":200},"responseTime":5,"msg":"request completed"}
{"level":30,"time":1791688636408,"pid":8852,"hostname":"Beast","req":{"id":45,"method":"GET","url":"/api/calendar/round-names"},"res":{"statusCode":200},"responseTime":1,"msg":"request completed"}
{"level":30,"time":1791688636410,"pid":8852,"hostname":"Beast","req":{"id":46,"method":"GET","url":"/api/attention-items"},"res":{"statusCode":200},"responseTime":2,"msg":"request completed"}
{"level":30,"time":1791688636415,"pid":8852,"hostname":"Beast","req":{"id":47,"method":"GET","url":"/api/dashboard"},"res":{"statusCode":200},"responseTime":4,"msg":"request completed"}
{"level":30,"time":1791688636417,"pid":8852,"hostname":"Beast","req":{"id":48,"method":"GET","url":"/api/seasons/1/ladder"},"res":{"statusCode":200},"responseTime":2,"msg":"request completed"}
{"level":30,"time":1791688636419,"pid":8852,"hostname":"Beast","req":{"id":49,"method":"GET","url":"/api/club-rating"},"res":{"statusCode":200},"responseTime":2,"msg":"request completed"}
{"level":30,"time":1791688636421,"pid":8852,"hostname":"Beast","req":{"id":50,"method":"GET","url":"/api/facilities"},"res":{"statusCode":200},"responseTime":1,"msg":"request completed"}
{"level":30,"time":1791688636421,"pid":8852,"hostname":"Beast","req":{"id":51,"method":"GET","url":"/api/seasons/current"},"res":{"statusCode":304},"responseTime":0,"msg":"request completed"}
{"level":30,"time":1791688636422,"pid":8852,"hostname":"Beast","req":{"id":52,"method":"GET","url":"/api/auth/user"},"res":{"statusCode":304},"responseTime":0,"msg":"request completed"}
{"level":30,"time":1791688636424,"pid":8852,"hostname":"Beast","req":{"id":53,"method":"GET","url":"/api/news"},"res":{"statusCode":200},"responseTime":2,"msg":"request completed"}
{"level":30,"time":1791688636427,"pid":8852,"hostname":"Beast","req":{"id":54,"method":"GET","url":"/api/events/upcoming"},"res":{"statusCode":200},"responseTime":3,"msg":"request completed"}
{"level":30,"time":1791688636433,"pid":8852,"hostname":"Beast","req":{"id":55,"method":"GET","url":"/api/board-confidence"},"res":{"statusCode":200},"responseTime":6,"msg":"request completed"}
{"level":30,"time":1791688636440,"pid":8852,"hostname":"Beast","req":{"id":56,"method":"GET","url":"/images/hero-women-volleyball.webp"},"res":{"statusCode":200},"responseTime":1,"msg":"request completed"}
{"level":30,"time":1791688637344,"pid":8852,"hostname":"Beast","req":{"id":57,"method":"POST","url":"/api/matches/1/watch"},"res":{"statusCode":200},"responseTime":5,"msg":"request completed"}
{"level":30,"time":1791688637353,"pid":8852,"hostname":"Beast","req":{"id":58,"method":"GET","url":"/api/careers"},"res":{"statusCode":200},"responseTime":2,"msg":"request completed"}
{"level":30,"time":1791688637354,"pid":8852,"hostname":"Beast","req":{"id":59,"method":"HEAD","url":"/unity-build/index.html"},"res":{"statusCode":200},"responseTime":1,"msg":"request completed"}
{"level":30,"time":1791688637365,"pid":8852,"hostname":"Beast","req":{"id":60,"method":"GET","url":"/unity-build/index.html"},"res":{"statusCode":200},"responseTime":1,"msg":"request completed"}
{"level":30,"time":1791688637372,"pid":8852,"hostname":"Beast","req":{"id":61,"method":"GET","url":"/unity-build/Build/Volleyball_WebGL_Uncompressed_2.loader.js"},"res":{"statusCode":200},"responseTime":2,"msg":"request completed"}
{"level":30,"time":1791688637385,"pid":8852,"hostname":"Beast","req":{"id":62,"method":"GET","url":"/unity-build/Build/Volleyball_WebGL_Uncompressed_2.framework.js"},"res":{"statusCode":200},"responseTime":3,"msg":"request completed"}
{"level":30,"time":1791688637760,"pid":8852,"hostname":"Beast","req":{"id":63,"method":"GET","url":"/unity-build/Build/Volleyball_WebGL_Uncompressed_2.wasm"},"res":{"statusCode":200},"responseTime":350,"msg":"request completed"}
{"level":30,"time":1791688639545,"pid":8852,"hostname":"Beast","req":{"id":64,"method":"GET","url":"/unity-build/Build/Volleyball_WebGL_Uncompressed_2.data"},"res":{"statusCode":200},"responseTime":2133,"msg":"request completed"}
{"level":30,"time":1791688643205,"pid":8852,"hostname":"Beast","req":{"id":66,"method":"GET","url":"/api/unity/match-state"},"careerSaveId":1,"careerSource":"query","teamId":1,"msg":"unity/match-state career resolved"}
{"level":30,"time":1791688643210,"pid":8852,"hostname":"Beast","req":{"id":66,"method":"GET","url":"/api/unity/match-state"},"matchId":1,"status":"in_progress","playerCount":4,"msg":"unity/match-state served"}
{"level":30,"time":1791688643214,"pid":8852,"hostname":"Beast","req":{"id":66,"method":"GET","url":"/api/unity/match-state"},"res":{"statusCode":200},"responseTime":10,"msg":"request completed"}
{"level":30,"time":1791688643216,"pid":8852,"hostname":"Beast","req":{"id":65,"method":"GET","url":"/unity-build/StreamingAssets/commentary/A_serve_1.mp3"},"res":{"statusCode":200},"responseTime":12,"msg":"request completed"}
{"level":30,"time":1791688644329,"pid":8852,"hostname":"Beast","req":{"id":67,"method":"GET","url":"/unity-build/StreamingAssets/commentary/A_serve_2.mp3"},"res":{"statusCode":200},"responseTime":3,"msg":"request completed"}
{"level":30,"time":1791688644379,"pid":8852,"hostname":"Beast","req":{"id":68,"method":"GET","url":"/unity-build/StreamingAssets/commentary/A_serve_3.mp3"},"res":{"statusCode":200},"responseTime":3,"msg":"request completed"}
{"level":30,"time":1791688644428,"pid":8852,"hostname":"Beast","req":{"id":69,"method":"GET","url":"/unity-build/StreamingAssets/commentary/A_dig_1.mp3"},"res":{"statusCode":200},"responseTime":3,"msg":"request completed"}
{"level":30,"time":1791688644475,"pid":8852,"hostname":"Beast","req":{"id":70,"method":"GET","url":"/unity-build/StreamingAssets/commentary/A_dig_2.mp3"},"res":{"statusCode":200},"responseTime":2,"msg":"request completed"}
{"level":30,"time":1791688644524,"pid":8852,"hostname":"Beast","req":{"id":71,"method":"GET","url":"/unity-build/StreamingAssets/commentary/A_dig_3.mp3"},"res":{"statusCode":200},"responseTime":2,"msg":"request completed"}
{"level":30,"time":1791688644575,"pid":8852,"hostname":"Beast","req":{"id":72,"method":"GET","url":"/unity-build/StreamingAssets/commentary/A_set_1.mp3"},"res":{"statusCode":200},"responseTime":2,"msg":"request completed"}
{"level":30,"time":1791688644624,"pid":8852,"hostname":"Beast","req":{"id":73,"method":"GET","url":"/unity-build/StreamingAssets/commentary/A_set_2.mp3"},"res":{"statusCode":200},"responseTime":2,"msg":"request completed"}
{"level":30,"time":1791688644669,"pid":8852,"hostname":"Beast","req":{"id":74,"method":"GET","url":"/unity-build/StreamingAssets/commentary/A_set_3.mp3"},"res":{"statusCode":200},"responseTime":2,"msg":"request completed"}
{"level":30,"time":1791688644713,"pid":8852,"hostname":"Beast","req":{"id":75,"method":"GET","url":"/unity-build/StreamingAssets/commentary/A_spike_1.mp3"},"res":{"statusCode":200},"responseTime":3,"msg":"request completed"}
{"level":30,"time":1791688644756,"pid":8852,"hostname":"Beast","req":{"id":76,"method":"GET","url":"/unity-build/StreamingAssets/commentary/A_spike_2.mp3"},"res":{"statusCode":200},"responseTime":3,"msg":"request completed"}
{"level":30,"time":1791688644797,"pid":8852,"hostname":"Beast","req":{"id":77,"method":"GET","url":"/unity-build/StreamingAssets/commentary/A_spike_3.mp3"},"res":{"statusCode":200},"responseTime":3,"msg":"request completed"}
{"level":30,"time":1791688644837,"pid":8852,"hostname":"Beast","req":{"id":78,"method":"GET","url":"/unity-build/StreamingAssets/commentary/A_blockattempt_1.mp3"},"res":{"statusCode":200},"responseTime":2,"msg":"request completed"}
{"level":30,"time":1791688644882,"pid":8852,"hostname":"Beast","req":{"id":79,"method":"GET","url":"/unity-build/StreamingAssets/commentary/A_blockattempt_2.mp3"},"res":{"statusCode":200},"responseTime":2,"msg":"request completed"}
{"level":30,"time":1791688644935,"pid":8852,"hostname":"Beast","req":{"id":80,"method":"GET","url":"/unity-build/StreamingAssets/commentary/A_blockattempt_3.mp3"},"res":{"statusCode":200},"responseTime":4,"msg":"request completed"}
{"level":30,"time":1791688644985,"pid":8852,"hostname":"Beast","req":{"id":81,"method":"GET","url":"/unity-build/StreamingAssets/commentary/A_block_1.mp3"},"res":{"statusCode":200},"responseTime":2,"msg":"request completed"}
{"level":30,"time":1791688645031,"pid":8852,"hostname":"Beast","req":{"id":82,"method":"GET","url":"/unity-build/StreamingAssets/commentary/A_block_2.mp3"},"res":{"statusCode":200},"responseTime":2,"msg":"request completed"}
{"level":30,"time":1791688645079,"pid":8852,"hostname":"Beast","req":{"id":83,"method":"GET","url":"/unity-build/StreamingAssets/commentary/A_block_3.mp3"},"res":{"statusCode":200},"responseTime":2,"msg":"request completed"}
{"level":30,"time":1791688645122,"pid":8852,"hostname":"Beast","req":{"id":84,"method":"GET","url":"/unity-build/StreamingAssets/commentary/A_point_1.mp3"},"res":{"statusCode":200},"responseTime":1,"msg":"request completed"}
{"level":30,"time":1791688645171,"pid":8852,"hostname":"Beast","req":{"id":85,"method":"GET","url":"/unity-build/StreamingAssets/commentary/A_point_2.mp3"},"res":{"statusCode":200},"responseTime":2,"msg":"request completed"}
{"level":30,"time":1791688645218,"pid":8852,"hostname":"Beast","req":{"id":86,"method":"GET","url":"/unity-build/StreamingAssets/commentary/A_point_3.mp3"},"res":{"statusCode":200},"responseTime":2,"msg":"request completed"}
{"level":30,"time":1791688645264,"pid":8852,"hostname":"Beast","req":{"id":87,"method":"GET","url":"/unity-build/StreamingAssets/commentary/A_rally_1.mp3"},"res":{"statusCode":200},"responseTime":2,"msg":"request completed"}
{"level":30,"time":1791688645313,"pid":8852,"hostname":"Beast","req":{"id":88,"method":"GET","url":"/unity-build/StreamingAssets/commentary/A_rally_2.mp3"},"res":{"statusCode":200},"responseTime":2,"msg":"request completed"}
{"level":30,"time":1791688645356,"pid":8852,"hostname":"Beast","req":{"id":89,"method":"GET","url":"/unity-build/StreamingAssets/commentary/A_rally_3.mp3"},"res":{"statusCode":200},"responseTime":2,"msg":"request completed"}
{"level":30,"time":1791688645402,"pid":8852,"hostname":"Beast","req":{"id":90,"method":"GET","url":"/unity-build/StreamingAssets/commentary/B_serve_1.mp3"},"res":{"statusCode":200},"responseTime":2,"msg":"request completed"}
{"level":30,"time":1791688645450,"pid":8852,"hostname":"Beast","req":{"id":91,"method":"GET","url":"/unity-build/StreamingAssets/commentary/B_serve_2.mp3"},"res":{"statusCode":200},"responseTime":1,"msg":"request completed"}
{"level":30,"time":1791688645497,"pid":8852,"hostname":"Beast","req":{"id":92,"method":"GET","url":"/unity-build/StreamingAssets/commentary/B_serve_3.mp3"},"res":{"statusCode":200},"responseTime":2,"msg":"request completed"}
{"level":30,"time":1791688645544,"pid":8852,"hostname":"Beast","req":{"id":93,"method":"GET","url":"/unity-build/StreamingAssets/commentary/B_dig_1.mp3"},"res":{"statusCode":200},"responseTime":2,"msg":"request completed"}
{"level":30,"time":1791688645587,"pid":8852,"hostname":"Beast","req":{"id":94,"method":"GET","url":"/unity-build/StreamingAssets/commentary/B_dig_2.mp3"},"res":{"statusCode":200},"responseTime":3,"msg":"request completed"}
{"level":30,"time":1791688645636,"pid":8852,"hostname":"Beast","req":{"id":95,"method":"GET","url":"/unity-build/StreamingAssets/commentary/B_dig_3.mp3"},"res":{"statusCode":200},"responseTime":2,"msg":"request completed"}
{"level":30,"time":1791688645682,"pid":8852,"hostname":"Beast","req":{"id":96,"method":"GET","url":"/unity-build/StreamingAssets/commentary/B_set_1.mp3"},"res":{"statusCode":200},"responseTime":2,"msg":"request completed"}
{"level":30,"time":1791688645729,"pid":8852,"hostname":"Beast","req":{"id":97,"method":"GET","url":"/unity-build/StreamingAssets/commentary/B_set_2.mp3"},"res":{"statusCode":200},"responseTime":2,"msg":"request completed"}
{"level":30,"time":1791688645777,"pid":8852,"hostname":"Beast","req":{"id":98,"method":"GET","url":"/unity-build/StreamingAssets/commentary/B_set_3.mp3"},"res":{"statusCode":200},"responseTime":2,"msg":"request completed"}
{"level":30,"time":1791688645821,"pid":8852,"hostname":"Beast","req":{"id":99,"method":"GET","url":"/unity-build/StreamingAssets/commentary/B_spike_1.mp3"},"res":{"statusCode":200},"responseTime":1,"msg":"request completed"}
{"level":30,"time":1791688645868,"pid":8852,"hostname":"Beast","req":{"id":100,"method":"GET","url":"/unity-build/StreamingAssets/commentary/B_spike_2.mp3"},"res":{"statusCode":200},"responseTime":2,"msg":"request completed"}
{"level":30,"time":1791688645914,"pid":8852,"hostname":"Beast","req":{"id":101,"method":"GET","url":"/unity-build/StreamingAssets/commentary/B_spike_3.mp3"},"res":{"statusCode":200},"responseTime":2,"msg":"request completed"}
{"level":30,"time":1791688645962,"pid":8852,"hostname":"Beast","req":{"id":102,"method":"GET","url":"/unity-build/StreamingAssets/commentary/B_blockattempt_1.mp3"},"res":{"statusCode":200},"responseTime":3,"msg":"request completed"}
{"level":30,"time":1791688646005,"pid":8852,"hostname":"Beast","req":{"id":103,"method":"GET","url":"/unity-build/StreamingAssets/commentary/B_blockattempt_2.mp3"},"res":{"statusCode":200},"responseTime":2,"msg":"request completed"}
{"level":30,"time":1791688646052,"pid":8852,"hostname":"Beast","req":{"id":104,"method":"GET","url":"/unity-build/StreamingAssets/commentary/B_blockattempt_3.mp3"},"res":{"statusCode":200},"responseTime":2,"msg":"request completed"}
{"level":30,"time":1791688646098,"pid":8852,"hostname":"Beast","req":{"id":105,"method":"GET","url":"/unity-build/StreamingAssets/commentary/B_block_1.mp3"},"res":{"statusCode":200},"responseTime":2,"msg":"request completed"}
{"level":30,"time":1791688646145,"pid":8852,"hostname":"Beast","req":{"id":106,"method":"GET","url":"/unity-build/StreamingAssets/commentary/B_block_2.mp3"},"res":{"statusCode":200},"responseTime":2,"msg":"request completed"}
{"level":30,"time":1791688646189,"pid":8852,"hostname":"Beast","req":{"id":107,"method":"GET","url":"/unity-build/StreamingAssets/commentary/B_block_3.mp3"},"res":{"statusCode":200},"responseTime":2,"msg":"request completed"}
{"level":30,"time":1791688646236,"pid":8852,"hostname":"Beast","req":{"id":108,"method":"GET","url":"/unity-build/StreamingAssets/commentary/B_point_1.mp3"},"res":{"statusCode":200},"responseTime":2,"msg":"request completed"}
{"level":30,"time":1791688646282,"pid":8852,"hostname":"Beast","req":{"id":109,"method":"GET","url":"/unity-build/StreamingAssets/commentary/B_point_2.mp3"},"res":{"statusCode":200},"responseTime":2,"msg":"request completed"}
{"level":30,"time":1791688646312,"pid":8852,"hostname":"Beast","req":{"id":110,"method":"POST","url":"/api/unity/match-progress"},"res":{"statusCode":200},"responseTime":3,"msg":"request completed"}
{"level":30,"time":1791688646333,"pid":8852,"hostname":"Beast","req":{"id":111,"method":"GET","url":"/unity-build/StreamingAssets/commentary/B_point_3.mp3"},"res":{"statusCode":200},"responseTime":2,"msg":"request completed"}
{"level":30,"time":1791688646377,"pid":8852,"hostname":"Beast","req":{"id":112,"method":"GET","url":"/unity-build/StreamingAssets/commentary/B_rally_1.mp3"},"res":{"statusCode":200},"responseTime":2,"msg":"request completed"}
{"level":30,"time":1791688646423,"pid":8852,"hostname":"Beast","req":{"id":113,"method":"GET","url":"/unity-build/StreamingAssets/commentary/B_rally_2.mp3"},"res":{"statusCode":200},"responseTime":2,"msg":"request completed"}
{"level":30,"time":1791688646470,"pid":8852,"hostname":"Beast","req":{"id":114,"method":"GET","url":"/unity-build/StreamingAssets/commentary/B_rally_3.mp3"},"res":{"statusCode":200},"responseTime":2,"msg":"request completed"}
{"level":30,"time":1791688651414,"pid":8852,"hostname":"Beast","req":{"id":115,"method":"POST","url":"/api/unity/match-progress"},"res":{"statusCode":200},"responseTime":3,"msg":"request completed"}
{"level":30,"time":1791688655451,"pid":8852,"hostname":"Beast","req":{"id":116,"method":"POST","url":"/api/unity/match-progress"},"res":{"statusCode":200},"responseTime":3,"msg":"request completed"}
{"level":30,"time":1791688662561,"pid":8852,"hostname":"Beast","req":{"id":117,"method":"POST","url":"/api/unity/match-progress"},"res":{"statusCode":200},"responseTime":4,"msg":"request completed"}
{"level":30,"time":1791688670743,"pid":8852,"hostname":"Beast","req":{"id":118,"method":"GET","url":"/api/matches"},"res":{"statusCode":200},"responseTime":4,"msg":"request completed"}
{"level":30,"time":1791688675753,"pid":8852,"hostname":"Beast","req":{"id":119,"method":"GET","url":"/api/matches"},"res":{"statusCode":200},"responseTime":3,"msg":"request completed"}
{"level":30,"time":1791688676080,"pid":8852,"hostname":"Beast","req":{"id":120,"method":"POST","url":"/api/unity/match-progress"},"res":{"statusCode":200},"responseTime":2,"msg":"request completed"}
{"level":30,"time":1791688680770,"pid":8852,"hostname":"Beast","req":{"id":121,"method":"GET","url":"/api/matches"},"res":{"statusCode":200},"responseTime":2,"msg":"request completed"}
{"level":30,"time":1791688684128,"pid":8852,"hostname":"Beast","req":{"id":122,"method":"POST","url":"/api/unity/match-progress"},"res":{"statusCode":200},"responseTime":3,"msg":"request completed"}
{"level":30,"time":1791688685784,"pid":8852,"hostname":"Beast","req":{"id":123,"method":"GET","url":"/api/matches"},"res":{"statusCode":200},"responseTime":3,"msg":"request completed"}
{"level":30,"time":1791688690797,"pid":8852,"hostname":"Beast","req":{"id":124,"method":"GET","url":"/api/matches"},"res":{"statusCode":200},"responseTime":3,"msg":"request completed"}
{"level":30,"time":1791688692450,"pid":8852,"hostname":"Beast","req":{"id":125,"method":"POST","url":"/api/unity/match-progress"},"res":{"statusCode":200},"responseTime":2,"msg":"request completed"}
{"level":30,"time":1791688695804,"pid":8852,"hostname":"Beast","req":{"id":126,"method":"GET","url":"/api/matches"},"res":{"statusCode":200},"responseTime":3,"msg":"request completed"}
{"level":30,"time":1791688699074,"pid":8852,"hostname":"Beast","req":{"id":127,"method":"POST","url":"/api/unity/match-progress"},"res":{"statusCode":200},"responseTime":3,"msg":"request completed"}
{"level":30,"time":1791688700818,"pid":8852,"hostname":"Beast","req":{"id":128,"method":"GET","url":"/api/matches"},"res":{"statusCode":200},"responseTime":3,"msg":"request completed"}
{"level":30,"time":1791688705839,"pid":8852,"hostname":"Beast","req":{"id":129,"method":"GET","url":"/api/matches"},"res":{"statusCode":200},"responseTime":3,"msg":"request completed"}
{"level":30,"time":1791688706643,"pid":8852,"hostname":"Beast","req":{"id":130,"method":"POST","url":"/api/unity/match-progress"},"res":{"statusCode":200},"responseTime":2,"msg":"request completed"}
{"level":30,"time":1791688710853,"pid":8852,"hostname":"Beast","req":{"id":131,"method":"GET","url":"/api/matches"},"res":{"statusCode":200},"responseTime":2,"msg":"request completed"}
{"level":30,"time":1791688712314,"pid":8852,"hostname":"Beast","req":{"id":132,"method":"POST","url":"/api/unity/match-progress"},"res":{"statusCode":200},"responseTime":2,"msg":"request completed"}
{"level":30,"time":1791688715866,"pid":8852,"hostname":"Beast","req":{"id":133,"method":"GET","url":"/api/matches"},"res":{"statusCode":200},"responseTime":3,"msg":"request completed"}
{"level":30,"time":1791688720883,"pid":8852,"hostname":"Beast","req":{"id":134,"method":"GET","url":"/api/matches"},"res":{"statusCode":200},"responseTime":3,"msg":"request completed"}
{"level":30,"time":1791688725895,"pid":8852,"hostname":"Beast","req":{"id":135,"method":"GET","url":"/api/matches"},"res":{"statusCode":200},"responseTime":2,"msg":"request completed"}
{"level":30,"time":1791688730905,"pid":8852,"hostname":"Beast","req":{"id":136,"method":"GET","url":"/api/matches"},"res":{"statusCode":200},"responseTime":5,"msg":"request completed"}
{"level":30,"time":1791688735924,"pid":8852,"hostname":"Beast","req":{"id":137,"method":"GET","url":"/api/matches"},"res":{"statusCode":200},"responseTime":1,"msg":"request completed"}
{"level":30,"time":1791688740943,"pid":8852,"hostname":"Beast","req":{"id":138,"method":"GET","url":"/api/matches"},"res":{"statusCode":200},"responseTime":1,"msg":"request completed"}
{"level":30,"time":1791688745962,"pid":8852,"hostname":"Beast","req":{"id":139,"method":"GET","url":"/api/matches"},"res":{"statusCode":200},"responseTime":2,"msg":"request completed"}
{"level":30,"time":1791688750971,"pid":8852,"hostname":"Beast","req":{"id":140,"method":"GET","url":"/api/matches"},"res":{"statusCode":200},"responseTime":2,"msg":"request completed"}
{"level":30,"time":1791688755395,"pid":8852,"hostname":"Beast","req":{"id":141,"method":"POST","url":"/api/unity/match-progress"},"res":{"statusCode":200},"responseTime":3,"msg":"request completed"}
{"level":30,"time":1791688755979,"pid":8852,"hostname":"Beast","req":{"id":142,"method":"GET","url":"/api/matches"},"res":{"statusCode":200},"responseTime":2,"msg":"request completed"}
{"level":30,"time":1791688760987,"pid":8852,"hostname":"Beast","req":{"id":143,"method":"GET","url":"/api/matches"},"res":{"statusCode":200},"responseTime":3,"msg":"request completed"}
{"level":30,"time":1791688765143,"pid":8852,"hostname":"Beast","req":{"id":144,"method":"POST","url":"/api/unity/match-progress"},"res":{"statusCode":200},"responseTime":3,"msg":"request completed"}
{"level":30,"time":1791688766000,"pid":8852,"hostname":"Beast","req":{"id":145,"method":"GET","url":"/api/matches"},"res":{"statusCode":200},"responseTime":2,"msg":"request completed"}
{"level":30,"time":1791688767789,"pid":8852,"hostname":"Beast","req":{"id":146,"method":"POST","url":"/api/unity/match-progress"},"res":{"statusCode":200},"responseTime":2,"msg":"request completed"}
{"level":30,"time":1791688771007,"pid":8852,"hostname":"Beast","req":{"id":147,"method":"GET","url":"/api/matches"},"res":{"statusCode":200},"responseTime":2,"msg":"request completed"}
{"level":30,"time":1791688776021,"pid":8852,"hostname":"Beast","req":{"id":148,"method":"GET","url":"/api/matches"},"res":{"statusCode":200},"responseTime":2,"msg":"request completed"}
{"level":30,"time":1791688777192,"pid":8852,"hostname":"Beast","req":{"id":149,"method":"POST","url":"/api/unity/match-progress"},"res":{"statusCode":200},"responseTime":3,"msg":"request completed"}
{"level":30,"time":1791688781040,"pid":8852,"hostname":"Beast","req":{"id":150,"method":"GET","url":"/api/matches"},"res":{"statusCode":200},"responseTime":2,"msg":"request completed"}
{"level":30,"time":1791688784610,"pid":8852,"hostname":"Beast","req":{"id":151,"method":"POST","url":"/api/unity/match-progress"},"res":{"statusCode":200},"responseTime":2,"msg":"request completed"}
{"level":30,"time":1791688786052,"pid":8852,"hostname":"Beast","req":{"id":152,"method":"GET","url":"/api/matches"},"res":{"statusCode":200},"responseTime":2,"msg":"request completed"}
{"level":30,"time":1791688791066,"pid":8852,"hostname":"Beast","req":{"id":153,"method":"GET","url":"/api/matches"},"res":{"statusCode":200},"responseTime":2,"msg":"request completed"}
{"level":30,"time":1791688796077,"pid":8852,"hostname":"Beast","req":{"id":154,"method":"GET","url":"/api/matches"},"res":{"statusCode":200},"responseTime":3,"msg":"request completed"}
{"level":30,"time":1791688796182,"pid":8852,"hostname":"Beast","req":{"id":155,"method":"POST","url":"/api/unity/match-progress"},"res":{"statusCode":200},"responseTime":4,"msg":"request completed"}
{"level":30,"time":1791688801090,"pid":8852,"hostname":"Beast","req":{"id":156,"method":"GET","url":"/api/matches"},"res":{"statusCode":200},"responseTime":3,"msg":"request completed"}
{"level":30,"time":1791688803921,"pid":8852,"hostname":"Beast","req":{"id":157,"method":"POST","url":"/api/unity/match-progress"},"res":{"statusCode":200},"responseTime":2,"msg":"request completed"}
{"level":30,"time":1791688806109,"pid":8852,"hostname":"Beast","req":{"id":158,"method":"GET","url":"/api/matches"},"res":{"statusCode":200},"responseTime":3,"msg":"request completed"}
{"level":30,"time":1791688811127,"pid":8852,"hostname":"Beast","req":{"id":159,"method":"GET","url":"/api/matches"},"res":{"statusCode":200},"responseTime":2,"msg":"request completed"}
{"level":30,"time":1791688812211,"pid":8852,"hostname":"Beast","req":{"id":160,"method":"POST","url":"/api/unity/match-progress"},"res":{"statusCode":200},"responseTime":2,"msg":"request completed"}
{"level":30,"time":1791688816146,"pid":8852,"hostname":"Beast","req":{"id":161,"method":"GET","url":"/api/matches"},"res":{"statusCode":200},"responseTime":3,"msg":"request completed"}
{"level":30,"time":1791688818210,"pid":8852,"hostname":"Beast","req":{"id":162,"method":"POST","url":"/api/unity/match-progress"},"res":{"statusCode":200},"responseTime":2,"msg":"request completed"}
{"level":30,"time":1791688821163,"pid":8852,"hostname":"Beast","req":{"id":163,"method":"GET","url":"/api/matches"},"res":{"statusCode":200},"responseTime":2,"msg":"request completed"}
{"level":30,"time":1791688825704,"pid":8852,"hostname":"Beast","req":{"id":164,"method":"POST","url":"/api/unity/match-progress"},"res":{"statusCode":200},"responseTime":2,"msg":"request completed"}
{"level":30,"time":1791688826180,"pid":8852,"hostname":"Beast","req":{"id":165,"method":"GET","url":"/api/matches"},"res":{"statusCode":200},"responseTime":2,"msg":"request completed"}
{"level":30,"time":1791688831194,"pid":8852,"hostname":"Beast","req":{"id":166,"method":"GET","url":"/api/matches"},"res":{"statusCode":200},"responseTime":2,"msg":"request completed"}
{"level":30,"time":1791688831254,"pid":8852,"hostname":"Beast","req":{"id":167,"method":"POST","url":"/api/unity/match-progress"},"res":{"statusCode":200},"responseTime":3,"msg":"request completed"}
{"level":30,"time":1791688835419,"pid":8852,"hostname":"Beast","req":{"id":168,"method":"POST","url":"/api/unity/match-progress"},"res":{"statusCode":200},"responseTime":2,"msg":"request completed"}
{"level":30,"time":1791688836213,"pid":8852,"hostname":"Beast","req":{"id":169,"method":"GET","url":"/api/matches"},"res":{"statusCode":200},"responseTime":3,"msg":"request completed"}
{"level":30,"time":1791688841232,"pid":8852,"hostname":"Beast","req":{"id":170,"method":"GET","url":"/api/matches"},"res":{"statusCode":200},"responseTime":4,"msg":"request completed"}
{"level":30,"time":1791688843829,"pid":8852,"hostname":"Beast","req":{"id":171,"method":"POST","url":"/api/unity/match-progress"},"res":{"statusCode":200},"responseTime":3,"msg":"request completed"}
{"level":30,"time":1791688846252,"pid":8852,"hostname":"Beast","req":{"id":172,"method":"GET","url":"/api/matches"},"res":{"statusCode":200},"responseTime":2,"msg":"request completed"}
{"level":30,"time":1791688851270,"pid":8852,"hostname":"Beast","req":{"id":173,"method":"GET","url":"/api/matches"},"res":{"statusCode":200},"responseTime":1,"msg":"request completed"}
{"level":30,"time":1791688853693,"pid":8852,"hostname":"Beast","req":{"id":174,"method":"POST","url":"/api/unity/match-progress"},"res":{"statusCode":200},"responseTime":1,"msg":"request completed"}
{"level":30,"time":1791688856279,"pid":8852,"hostname":"Beast","req":{"id":175,"method":"GET","url":"/api/matches"},"res":{"statusCode":200},"responseTime":2,"msg":"request completed"}
{"level":30,"time":1791688861289,"pid":8852,"hostname":"Beast","req":{"id":176,"method":"GET","url":"/api/matches"},"res":{"statusCode":200},"responseTime":2,"msg":"request completed"}
{"level":30,"time":1791688862941,"pid":8852,"hostname":"Beast","req":{"id":177,"method":"POST","url":"/api/unity/match-progress"},"res":{"statusCode":200},"responseTime":2,"msg":"request completed"}
{"level":30,"time":1791688866308,"pid":8852,"hostname":"Beast","req":{"id":178,"method":"GET","url":"/api/matches"},"res":{"statusCode":200},"responseTime":2,"msg":"request completed"}
{"level":30,"time":1791688866872,"pid":8852,"hostname":"Beast","req":{"id":179,"method":"POST","url":"/api/unity/match-progress"},"res":{"statusCode":200},"responseTime":2,"msg":"request completed"}
{"level":30,"time":1791688871316,"pid":8852,"hostname":"Beast","req":{"id":180,"method":"GET","url":"/api/matches"},"res":{"statusCode":200},"responseTime":3,"msg":"request completed"}
{"level":30,"time":1791688876327,"pid":8852,"hostname":"Beast","req":{"id":181,"method":"GET","url":"/api/matches"},"res":{"statusCode":200},"responseTime":3,"msg":"request completed"}
{"level":30,"time":1791688876329,"pid":8852,"hostname":"Beast","req":{"id":182,"method":"POST","url":"/api/unity/match-progress"},"res":{"statusCode":200},"responseTime":2,"msg":"request completed"}
{"level":30,"time":1791688881342,"pid":8852,"hostname":"Beast","req":{"id":183,"method":"GET","url":"/api/matches"},"res":{"statusCode":200},"responseTime":2,"msg":"request completed"}
{"level":30,"time":1791688885792,"pid":8852,"hostname":"Beast","req":{"id":184,"method":"POST","url":"/api/unity/match-progress"},"res":{"statusCode":200},"responseTime":2,"msg":"request completed"}
{"level":30,"time":1791688886362,"pid":8852,"hostname":"Beast","req":{"id":185,"method":"GET","url":"/api/matches"},"res":{"statusCode":200},"responseTime":4,"msg":"request completed"}
{"level":30,"time":1791688891372,"pid":8852,"hostname":"Beast","req":{"id":186,"method":"GET","url":"/api/matches"},"res":{"statusCode":200},"responseTime":2,"msg":"request completed"}
{"level":30,"time":1791688892143,"pid":8852,"hostname":"Beast","req":{"id":187,"method":"POST","url":"/api/unity/match-progress"},"res":{"statusCode":200},"responseTime":2,"msg":"request completed"}
{"level":30,"time":1791688896387,"pid":8852,"hostname":"Beast","req":{"id":188,"method":"GET","url":"/api/matches"},"res":{"statusCode":200},"responseTime":3,"msg":"request completed"}
{"level":30,"time":1791688901406,"pid":8852,"hostname":"Beast","req":{"id":189,"method":"GET","url":"/api/matches"},"res":{"statusCode":200},"responseTime":2,"msg":"request completed"}
{"level":30,"time":1791688906418,"pid":8852,"hostname":"Beast","req":{"id":190,"method":"GET","url":"/api/matches"},"res":{"statusCode":200},"responseTime":3,"msg":"request completed"}
{"level":30,"time":1791688911441,"pid":8852,"hostname":"Beast","req":{"id":191,"method":"GET","url":"/api/matches"},"res":{"statusCode":200},"responseTime":3,"msg":"request completed"}
{"level":30,"time":1791688916462,"pid":8852,"hostname":"Beast","req":{"id":192,"method":"GET","url":"/api/matches"},"res":{"statusCode":200},"responseTime":3,"msg":"request completed"}
{"level":30,"time":1791688921480,"pid":8852,"hostname":"Beast","req":{"id":193,"method":"GET","url":"/api/matches"},"res":{"statusCode":200},"responseTime":2,"msg":"request completed"}
{"level":30,"time":1791688925515,"pid":8852,"hostname":"Beast","req":{"id":194,"method":"POST","url":"/api/unity/match-progress"},"res":{"statusCode":200},"responseTime":3,"msg":"request completed"}
{"level":30,"time":1791688926493,"pid":8852,"hostname":"Beast","req":{"id":195,"method":"GET","url":"/api/matches"},"res":{"statusCode":200},"responseTime":2,"msg":"request completed"}
{"level":30,"time":1791688931510,"pid":8852,"hostname":"Beast","req":{"id":196,"method":"GET","url":"/api/matches"},"res":{"statusCode":200},"responseTime":2,"msg":"request completed"}
{"level":30,"time":1791688936530,"pid":8852,"hostname":"Beast","req":{"id":197,"method":"GET","url":"/api/matches"},"res":{"statusCode":200},"responseTime":2,"msg":"request completed"}
{"level":30,"time":1791688937813,"pid":8852,"hostname":"Beast","req":{"id":198,"method":"POST","url":"/api/unity/match-progress"},"res":{"statusCode":200},"responseTime":1,"msg":"request completed"}
{"level":30,"time":1791688941541,"pid":8852,"hostname":"Beast","req":{"id":199,"method":"GET","url":"/api/matches"},"res":{"statusCode":200},"responseTime":3,"msg":"request completed"}
{"level":30,"time":1791688943076,"pid":8852,"hostname":"Beast","req":{"id":200,"method":"POST","url":"/api/unity/match-progress"},"res":{"statusCode":200},"responseTime":2,"msg":"request completed"}
{"level":30,"time":1791688946548,"pid":8852,"hostname":"Beast","req":{"id":201,"method":"GET","url":"/api/matches"},"res":{"statusCode":200},"responseTime":3,"msg":"request completed"}
{"level":30,"time":1791688949201,"pid":8852,"hostname":"Beast","req":{"id":202,"method":"POST","url":"/api/unity/match-progress"},"res":{"statusCode":200},"responseTime":3,"msg":"request completed"}
{"level":30,"time":1791688951559,"pid":8852,"hostname":"Beast","req":{"id":203,"method":"GET","url":"/api/matches"},"res":{"statusCode":200},"responseTime":2,"msg":"request completed"}
{"level":30,"time":1791688956571,"pid":8852,"hostname":"Beast","req":{"id":204,"method":"GET","url":"/api/matches"},"res":{"statusCode":200},"responseTime":1,"msg":"request completed"}
{"level":30,"time":1791688958949,"pid":8852,"hostname":"Beast","req":{"id":205,"method":"POST","url":"/api/unity/match-progress"},"res":{"statusCode":200},"responseTime":2,"msg":"request completed"}
{"level":30,"time":1791688961584,"pid":8852,"hostname":"Beast","req":{"id":206,"method":"GET","url":"/api/matches"},"res":{"statusCode":200},"responseTime":3,"msg":"request completed"}
{"level":30,"time":1791688966596,"pid":8852,"hostname":"Beast","req":{"id":207,"method":"GET","url":"/api/matches"},"res":{"statusCode":200},"responseTime":3,"msg":"request completed"}
{"level":30,"time":1791688968704,"pid":8852,"hostname":"Beast","req":{"id":208,"method":"POST","url":"/api/unity/match-progress"},"res":{"statusCode":200},"responseTime":2,"msg":"request completed"}
{"level":30,"time":1791688971614,"pid":8852,"hostname":"Beast","req":{"id":209,"method":"GET","url":"/api/matches"},"res":{"statusCode":200},"responseTime":2,"msg":"request completed"}
{"level":30,"time":1791688974732,"pid":8852,"hostname":"Beast","req":{"id":210,"method":"POST","url":"/api/unity/match-progress"},"res":{"statusCode":200},"responseTime":2,"msg":"request completed"}
{"level":30,"time":1791688976629,"pid":8852,"hostname":"Beast","req":{"id":211,"method":"GET","url":"/api/matches"},"res":{"statusCode":200},"responseTime":3,"msg":"request completed"}
{"level":30,"time":1791688979960,"pid":8852,"hostname":"Beast","req":{"id":212,"method":"POST","url":"/api/unity/match-progress"},"res":{"statusCode":200},"responseTime":2,"msg":"request completed"}
{"level":30,"time":1791688981646,"pid":8852,"hostname":"Beast","req":{"id":213,"method":"GET","url":"/api/matches"},"res":{"statusCode":200},"responseTime":3,"msg":"request completed"}
{"level":30,"time":1791688986662,"pid":8852,"hostname":"Beast","req":{"id":214,"method":"GET","url":"/api/matches"},"res":{"statusCode":200},"responseTime":2,"msg":"request completed"}
{"level":30,"time":1791688991668,"pid":8852,"hostname":"Beast","req":{"id":215,"method":"GET","url":"/api/matches"},"res":{"statusCode":200},"responseTime":3,"msg":"request completed"}
{"level":30,"time":1791688996688,"pid":8852,"hostname":"Beast","req":{"id":216,"method":"GET","url":"/api/matches"},"res":{"statusCode":200},"responseTime":3,"msg":"request completed"}
{"level":30,"time":1791689001710,"pid":8852,"hostname":"Beast","req":{"id":217,"method":"GET","url":"/api/matches"},"res":{"statusCode":200},"responseTime":2,"msg":"request completed"}
{"level":30,"time":1791689006728,"pid":8852,"hostname":"Beast","req":{"id":218,"method":"GET","url":"/api/matches"},"res":{"statusCode":200},"responseTime":2,"msg":"request completed"}
{"level":30,"time":1791689008016,"pid":8852,"hostname":"Beast","req":{"id":219,"method":"POST","url":"/api/unity/match-progress"},"res":{"statusCode":200},"responseTime":1,"msg":"request completed"}
{"level":30,"time":1791689011736,"pid":8852,"hostname":"Beast","req":{"id":220,"method":"GET","url":"/api/matches"},"res":{"statusCode":200},"responseTime":3,"msg":"request completed"}
{"level":30,"time":1791689016757,"pid":8852,"hostname":"Beast","req":{"id":221,"method":"GET","url":"/api/matches"},"res":{"statusCode":200},"responseTime":4,"msg":"request completed"}
{"level":30,"time":1791689021347,"pid":8852,"hostname":"Beast","req":{"id":222,"method":"POST","url":"/api/unity/match-progress"},"res":{"statusCode":200},"responseTime":3,"msg":"request completed"}
{"level":30,"time":1791689021769,"pid":8852,"hostname":"Beast","req":{"id":223,"method":"GET","url":"/api/matches"},"res":{"statusCode":200},"responseTime":2,"msg":"request completed"}
{"level":30,"time":1791689026789,"pid":8852,"hostname":"Beast","req":{"id":224,"method":"GET","url":"/api/matches"},"res":{"statusCode":200},"responseTime":2,"msg":"request completed"}
{"level":30,"time":1791689026872,"pid":8852,"hostname":"Beast","req":{"id":225,"method":"POST","url":"/api/unity/match-progress"},"res":{"statusCode":200},"responseTime":2,"msg":"request completed"}
{"level":30,"time":1791689031146,"pid":8852,"hostname":"Beast","req":{"id":226,"method":"POST","url":"/api/unity/match-progress"},"res":{"statusCode":200},"responseTime":2,"msg":"request completed"}
{"level":30,"time":1791689031800,"pid":8852,"hostname":"Beast","req":{"id":227,"method":"GET","url":"/api/matches"},"res":{"statusCode":200},"responseTime":2,"msg":"request completed"}
{"level":30,"time":1791689036819,"pid":8852,"hostname":"Beast","req":{"id":228,"method":"GET","url":"/api/matches"},"res":{"statusCode":200},"responseTime":3,"msg":"request completed"}
{"level":30,"time":1791689039828,"pid":8852,"hostname":"Beast","req":{"id":229,"method":"POST","url":"/api/unity/match-progress"},"res":{"statusCode":200},"responseTime":2,"msg":"request completed"}
{"level":30,"time":1791689041825,"pid":8852,"hostname":"Beast","req":{"id":230,"method":"GET","url":"/api/matches"},"res":{"statusCode":200},"responseTime":2,"msg":"request completed"}
{"level":30,"time":1791689046839,"pid":8852,"hostname":"Beast","req":{"id":231,"method":"GET","url":"/api/matches"},"res":{"statusCode":200},"responseTime":1,"msg":"request completed"}
{"level":30,"time":1791689051858,"pid":8852,"hostname":"Beast","req":{"id":232,"method":"GET","url":"/api/matches"},"res":{"statusCode":200},"responseTime":1,"msg":"request completed"}
{"level":30,"time":1791689056580,"pid":8852,"hostname":"Beast","req":{"id":233,"method":"POST","url":"/api/unity/match-progress"},"res":{"statusCode":200},"responseTime":2,"msg":"request completed"}
{"level":30,"time":1791689056864,"pid":8852,"hostname":"Beast","req":{"id":234,"method":"GET","url":"/api/matches"},"res":{"statusCode":200},"responseTime":2,"msg":"request completed"}
{"level":30,"time":1791689061880,"pid":8852,"hostname":"Beast","req":{"id":235,"method":"GET","url":"/api/matches"},"res":{"statusCode":200},"responseTime":2,"msg":"request completed"}
{"level":30,"time":1791689066670,"pid":8852,"hostname":"Beast","req":{"id":236,"method":"POST","url":"/api/unity/match-progress"},"res":{"statusCode":200},"responseTime":2,"msg":"request completed"}
{"level":30,"time":1791689066900,"pid":8852,"hostname":"Beast","req":{"id":237,"method":"GET","url":"/api/matches"},"res":{"statusCode":200},"responseTime":3,"msg":"request completed"}
{"level":30,"time":1791689071917,"pid":8852,"hostname":"Beast","req":{"id":238,"method":"GET","url":"/api/matches"},"res":{"statusCode":200},"responseTime":2,"msg":"request completed"}
{"level":30,"time":1791689076928,"pid":8852,"hostname":"Beast","req":{"id":239,"method":"GET","url":"/api/matches"},"res":{"statusCode":200},"responseTime":2,"msg":"request completed"}
{"level":30,"time":1791689080209,"pid":8852,"hostname":"Beast","req":{"id":240,"method":"POST","url":"/api/unity/match-progress"},"res":{"statusCode":200},"responseTime":3,"msg":"request completed"}
{"level":30,"time":1791689081946,"pid":8852,"hostname":"Beast","req":{"id":241,"method":"GET","url":"/api/matches"},"res":{"statusCode":200},"responseTime":3,"msg":"request completed"}
{"level":30,"time":1791689082813,"pid":8852,"hostname":"Beast","req":{"id":242,"method":"POST","url":"/api/unity/match-progress"},"res":{"statusCode":200},"responseTime":2,"msg":"request completed"}
{"level":30,"time":1791689086956,"pid":8852,"hostname":"Beast","req":{"id":243,"method":"GET","url":"/api/matches"},"res":{"statusCode":200},"responseTime":2,"msg":"request completed"}
{"level":30,"time":1791689091974,"pid":8852,"hostname":"Beast","req":{"id":244,"method":"GET","url":"/api/matches"},"res":{"statusCode":200},"responseTime":3,"msg":"request completed"}
{"level":30,"time":1791689096983,"pid":8852,"hostname":"Beast","req":{"id":245,"method":"GET","url":"/api/matches"},"res":{"statusCode":200},"responseTime":2,"msg":"request completed"}
{"level":30,"time":1791689100198,"pid":8852,"hostname":"Beast","req":{"id":246,"method":"POST","url":"/api/unity/match-progress"},"res":{"statusCode":200},"responseTime":2,"msg":"request completed"}
{"level":30,"time":1791689101998,"pid":8852,"hostname":"Beast","req":{"id":247,"method":"GET","url":"/api/matches"},"res":{"statusCode":200},"responseTime":3,"msg":"request completed"}
{"level":30,"time":1791689107008,"pid":8852,"hostname":"Beast","req":{"id":248,"method":"GET","url":"/api/matches"},"res":{"statusCode":200},"responseTime":4,"msg":"request completed"}
{"level":30,"time":1791689112023,"pid":8852,"hostname":"Beast","req":{"id":249,"method":"GET","url":"/api/matches"},"res":{"statusCode":200},"responseTime":4,"msg":"request completed"}
{"level":30,"time":1791689117042,"pid":8852,"hostname":"Beast","req":{"id":250,"method":"GET","url":"/api/matches"},"res":{"statusCode":200},"responseTime":1,"msg":"request completed"}
{"level":30,"time":1791689122054,"pid":8852,"hostname":"Beast","req":{"id":251,"method":"GET","url":"/api/matches"},"res":{"statusCode":200},"responseTime":3,"msg":"request completed"}
{"level":30,"time":1791689127060,"pid":8852,"hostname":"Beast","req":{"id":252,"method":"GET","url":"/api/matches"},"res":{"statusCode":200},"responseTime":2,"msg":"request completed"}
{"level":30,"time":1791689132071,"pid":8852,"hostname":"Beast","req":{"id":253,"method":"GET","url":"/api/matches"},"res":{"statusCode":200},"responseTime":2,"msg":"request completed"}
{"level":30,"time":1791689134022,"pid":8852,"hostname":"Beast","req":{"id":254,"method":"POST","url":"/api/unity/match-progress"},"res":{"statusCode":200},"responseTime":2,"msg":"request completed"}
{"level":30,"time":1791689137093,"pid":8852,"hostname":"Beast","req":{"id":255,"method":"GET","url":"/api/matches"},"res":{"statusCode":200},"responseTime":3,"msg":"request completed"}
{"level":30,"time":1791689141850,"pid":8852,"hostname":"Beast","req":{"id":256,"method":"POST","url":"/api/unity/match-progress"},"res":{"statusCode":200},"responseTime":2,"msg":"request completed"}
{"level":30,"time":1791689142100,"pid":8852,"hostname":"Beast","req":{"id":257,"method":"GET","url":"/api/matches"},"res":{"statusCode":200},"responseTime":4,"msg":"request completed"}
{"level":30,"time":1791689146048,"pid":8852,"hostname":"Beast","req":{"id":258,"method":"POST","url":"/api/unity/match-progress"},"res":{"statusCode":200},"responseTime":2,"msg":"request completed"}
{"level":30,"time":1791689147113,"pid":8852,"hostname":"Beast","req":{"id":259,"method":"GET","url":"/api/matches"},"res":{"statusCode":200},"responseTime":2,"msg":"request completed"}
{"level":30,"time":1791689152120,"pid":8852,"hostname":"Beast","req":{"id":260,"method":"GET","url":"/api/matches"},"res":{"statusCode":200},"responseTime":2,"msg":"request completed"}
{"level":30,"time":1791689156043,"pid":8852,"hostname":"Beast","req":{"id":261,"method":"POST","url":"/api/unity/match-progress"},"res":{"statusCode":200},"responseTime":2,"msg":"request completed"}
{"level":30,"time":1791689157134,"pid":8852,"hostname":"Beast","req":{"id":262,"method":"GET","url":"/api/matches"},"res":{"statusCode":200},"responseTime":1,"msg":"request completed"}
{"level":30,"time":1791689162147,"pid":8852,"hostname":"Beast","req":{"id":263,"method":"GET","url":"/api/matches"},"res":{"statusCode":200},"responseTime":2,"msg":"request completed"}
{"level":30,"time":1791689164101,"pid":8852,"hostname":"Beast","req":{"id":264,"method":"POST","url":"/api/unity/match-progress"},"res":{"statusCode":200},"responseTime":2,"msg":"request completed"}
{"level":30,"time":1791689167163,"pid":8852,"hostname":"Beast","req":{"id":265,"method":"GET","url":"/api/matches"},"res":{"statusCode":200},"responseTime":2,"msg":"request completed"}
{"level":30,"time":1791689172179,"pid":8852,"hostname":"Beast","req":{"id":266,"method":"GET","url":"/api/matches"},"res":{"statusCode":200},"responseTime":2,"msg":"request completed"}
{"level":30,"time":1791689173420,"pid":8852,"hostname":"Beast","req":{"id":267,"method":"POST","url":"/api/unity/match-progress"},"res":{"statusCode":200},"responseTime":1,"msg":"request completed"}
{"level":30,"time":1791689177190,"pid":8852,"hostname":"Beast","req":{"id":268,"method":"GET","url":"/api/matches"},"res":{"statusCode":200},"responseTime":3,"msg":"request completed"}
{"level":30,"time":1791689177717,"pid":8852,"hostname":"Beast","req":{"id":269,"method":"POST","url":"/api/unity/match-progress"},"res":{"statusCode":200},"responseTime":3,"msg":"request completed"}
{"level":30,"time":1791689182209,"pid":8852,"hostname":"Beast","req":{"id":270,"method":"GET","url":"/api/matches"},"res":{"statusCode":200},"responseTime":2,"msg":"request completed"}
{"level":30,"time":1791689187222,"pid":8852,"hostname":"Beast","req":{"id":271,"method":"GET","url":"/api/matches"},"res":{"statusCode":200},"responseTime":2,"msg":"request completed"}
{"level":30,"time":1791689192235,"pid":8852,"hostname":"Beast","req":{"id":272,"method":"GET","url":"/api/matches"},"res":{"statusCode":200},"responseTime":2,"msg":"request completed"}
{"level":30,"time":1791689197247,"pid":8852,"hostname":"Beast","req":{"id":273,"method":"GET","url":"/api/matches"},"res":{"statusCode":200},"responseTime":3,"msg":"request completed"}
{"level":30,"time":1791689202263,"pid":8852,"hostname":"Beast","req":{"id":274,"method":"GET","url":"/api/matches"},"res":{"statusCode":200},"responseTime":3,"msg":"request completed"}
{"level":30,"time":1791689204861,"pid":8852,"hostname":"Beast","req":{"id":275,"method":"POST","url":"/api/unity/match-progress"},"res":{"statusCode":200},"responseTime":1,"msg":"request completed"}
{"level":30,"time":1791689207279,"pid":8852,"hostname":"Beast","req":{"id":276,"method":"GET","url":"/api/matches"},"res":{"statusCode":200},"responseTime":3,"msg":"request completed"}
{"level":30,"time":1791689212293,"pid":8852,"hostname":"Beast","req":{"id":277,"method":"GET","url":"/api/matches"},"res":{"statusCode":200},"responseTime":2,"msg":"request completed"}
{"level":30,"time":1791689213180,"pid":8852,"hostname":"Beast","req":{"id":278,"method":"POST","url":"/api/unity/match-progress"},"res":{"statusCode":200},"responseTime":2,"msg":"request completed"}
{"level":30,"time":1791689217306,"pid":8852,"hostname":"Beast","req":{"id":279,"method":"GET","url":"/api/matches"},"res":{"statusCode":200},"responseTime":2,"msg":"request completed"}
{"level":30,"time":1791689220724,"pid":8852,"hostname":"Beast","req":{"id":280,"method":"POST","url":"/api/unity/match-progress"},"res":{"statusCode":200},"responseTime":3,"msg":"request completed"}
{"level":30,"time":1791689222326,"pid":8852,"hostname":"Beast","req":{"id":281,"method":"GET","url":"/api/matches"},"res":{"statusCode":200},"responseTime":3,"msg":"request completed"}
{"level":30,"time":1791689227344,"pid":8852,"hostname":"Beast","req":{"id":282,"method":"GET","url":"/api/matches"},"res":{"statusCode":200},"responseTime":3,"msg":"request completed"}
{"level":30,"time":1791689230373,"pid":8852,"hostname":"Beast","req":{"id":283,"method":"POST","url":"/api/unity/match-progress"},"res":{"statusCode":200},"responseTime":3,"msg":"request completed"}
{"level":30,"time":1791689232359,"pid":8852,"hostname":"Beast","req":{"id":284,"method":"GET","url":"/api/matches"},"res":{"statusCode":200},"responseTime":3,"msg":"request completed"}
{"level":30,"time":1791689237379,"pid":8852,"hostname":"Beast","req":{"id":285,"method":"GET","url":"/api/matches"},"res":{"statusCode":200},"responseTime":3,"msg":"request completed"}
{"level":30,"time":1791689242390,"pid":8852,"hostname":"Beast","req":{"id":286,"method":"GET","url":"/api/matches"},"res":{"statusCode":200},"responseTime":1,"msg":"request completed"}
{"level":30,"time":1791689242485,"pid":8852,"hostname":"Beast","req":{"id":287,"method":"POST","url":"/api/unity/match-progress"},"res":{"statusCode":200},"responseTime":2,"msg":"request completed"}
{"level":30,"time":1791689247407,"pid":8852,"hostname":"Beast","req":{"id":288,"method":"GET","url":"/api/matches"},"res":{"statusCode":200},"responseTime":2,"msg":"request completed"}
{"level":30,"time":1791689252420,"pid":8852,"hostname":"Beast","req":{"id":289,"method":"GET","url":"/api/matches"},"res":{"statusCode":200},"responseTime":2,"msg":"request completed"}
{"level":30,"time":1791689257428,"pid":8852,"hostname":"Beast","req":{"id":290,"method":"GET","url":"/api/matches"},"res":{"statusCode":200},"responseTime":2,"msg":"request completed"}
{"level":30,"time":1791689257919,"pid":8852,"hostname":"Beast","req":{"id":291,"method":"POST","url":"/api/unity/match-progress"},"res":{"statusCode":200},"responseTime":3,"msg":"request completed"}
{"level":30,"time":1791689262441,"pid":8852,"hostname":"Beast","req":{"id":292,"method":"GET","url":"/api/matches"},"res":{"statusCode":200},"responseTime":2,"msg":"request completed"}
{"level":30,"time":1791689267450,"pid":8852,"hostname":"Beast","req":{"id":293,"method":"GET","url":"/api/matches"},"res":{"statusCode":200},"responseTime":2,"msg":"request completed"}
{"level":30,"time":1791689267584,"pid":8852,"hostname":"Beast","req":{"id":294,"method":"POST","url":"/api/unity/match-progress"},"res":{"statusCode":200},"responseTime":1,"msg":"request completed"}
{"level":30,"time":1791689272463,"pid":8852,"hostname":"Beast","req":{"id":295,"method":"GET","url":"/api/matches"},"res":{"statusCode":200},"responseTime":2,"msg":"request completed"}
{"level":30,"time":1791689277481,"pid":8852,"hostname":"Beast","req":{"id":296,"method":"GET","url":"/api/matches"},"res":{"statusCode":200},"responseTime":3,"msg":"request completed"}
{"level":30,"time":1791689282501,"pid":8852,"hostname":"Beast","req":{"id":297,"method":"GET","url":"/api/matches"},"res":{"statusCode":200},"responseTime":2,"msg":"request completed"}
{"level":30,"time":1791689283904,"pid":8852,"hostname":"Beast","req":{"id":298,"method":"POST","url":"/api/unity/match-progress"},"res":{"statusCode":200},"responseTime":2,"msg":"request completed"}
{"level":30,"time":1791689287513,"pid":8852,"hostname":"Beast","req":{"id":299,"method":"GET","url":"/api/matches"},"res":{"statusCode":200},"responseTime":3,"msg":"request completed"}
{"level":30,"time":1791689292518,"pid":8852,"hostname":"Beast","req":{"id":300,"method":"GET","url":"/api/matches"},"res":{"statusCode":200},"responseTime":1,"msg":"request completed"}
{"level":30,"time":1791689295398,"pid":8852,"hostname":"Beast","req":{"id":301,"method":"POST","url":"/api/unity/match-progress"},"res":{"statusCode":200},"responseTime":2,"msg":"request completed"}
{"level":30,"time":1791689297530,"pid":8852,"hostname":"Beast","req":{"id":302,"method":"GET","url":"/api/matches"},"res":{"statusCode":200},"responseTime":3,"msg":"request completed"}
{"level":30,"time":1791689302539,"pid":8852,"hostname":"Beast","req":{"id":303,"method":"GET","url":"/api/matches"},"res":{"statusCode":200},"responseTime":2,"msg":"request completed"}
{"level":30,"time":1791689307562,"pid":8852,"hostname":"Beast","req":{"id":304,"method":"GET","url":"/api/matches"},"res":{"statusCode":200},"responseTime":2,"msg":"request completed"}
{"level":30,"time":1791689312569,"pid":8852,"hostname":"Beast","req":{"id":305,"method":"GET","url":"/api/matches"},"res":{"statusCode":200},"responseTime":2,"msg":"request completed"}
{"level":30,"time":1791689312817,"pid":8852,"hostname":"Beast","req":{"id":306,"method":"POST","url":"/api/unity/match-progress"},"res":{"statusCode":200},"responseTime":3,"msg":"request completed"}
{"level":30,"time":1791689317583,"pid":8852,"hostname":"Beast","req":{"id":307,"method":"GET","url":"/api/matches"},"res":{"statusCode":200},"responseTime":3,"msg":"request completed"}
{"level":30,"time":1791689319073,"pid":8852,"hostname":"Beast","req":{"id":308,"method":"POST","url":"/api/unity/match-progress"},"res":{"statusCode":200},"responseTime":2,"msg":"request completed"}
{"level":30,"time":1791689322591,"pid":8852,"hostname":"Beast","req":{"id":309,"method":"GET","url":"/api/matches"},"res":{"statusCode":200},"responseTime":2,"msg":"request completed"}
{"level":30,"time":1791689327340,"pid":8852,"hostname":"Beast","req":{"id":310,"method":"POST","url":"/api/unity/match-progress"},"res":{"statusCode":200},"responseTime":2,"msg":"request completed"}
{"level":30,"time":1791689327603,"pid":8852,"hostname":"Beast","req":{"id":311,"method":"GET","url":"/api/matches"},"res":{"statusCode":200},"responseTime":2,"msg":"request completed"}
{"level":30,"time":1791689332616,"pid":8852,"hostname":"Beast","req":{"id":312,"method":"GET","url":"/api/matches"},"res":{"statusCode":200},"responseTime":2,"msg":"request completed"}
{"level":30,"time":1791689333049,"pid":8852,"hostname":"Beast","req":{"id":313,"method":"POST","url":"/api/unity/match-progress"},"res":{"statusCode":200},"responseTime":2,"msg":"request completed"}
{"level":30,"time":1791689337634,"pid":8852,"hostname":"Beast","req":{"id":314,"method":"GET","url":"/api/matches"},"res":{"statusCode":200},"responseTime":2,"msg":"request completed"}
{"level":30,"time":1791689342654,"pid":8852,"hostname":"Beast","req":{"id":315,"method":"GET","url":"/api/matches"},"res":{"statusCode":200},"responseTime":2,"msg":"request completed"}
{"level":30,"time":1791689347666,"pid":8852,"hostname":"Beast","req":{"id":316,"method":"GET","url":"/api/matches"},"res":{"statusCode":200},"responseTime":3,"msg":"request completed"}
{"level":30,"time":1791689352676,"pid":8852,"hostname":"Beast","req":{"id":317,"method":"GET","url":"/api/matches"},"res":{"statusCode":200},"responseTime":3,"msg":"request completed"}
{"level":30,"time":1791689353623,"pid":8852,"hostname":"Beast","req":{"id":318,"method":"POST","url":"/api/unity/match-result"},"res":{"statusCode":200},"responseTime":27,"msg":"request completed"}
{"level":30,"time":1791689357692,"pid":8852,"hostname":"Beast","req":{"id":319,"method":"GET","url":"/api/matches"},"res":{"statusCode":200},"responseTime":2,"msg":"request completed"}
{"level":30,"time":1791689361040,"pid":8852,"hostname":"Beast","msg":"WAL checkpointed and database closed for shutdown"}
