[static-debug] PUBLIC_DIR=C:\vbe-controls\artifacts\api-server\dist\public staticDir=C:\vbe-controls\artifacts\api-server\dist\public exists=true
{"level":30,"time":1791172216816,"pid":38120,"hostname":"Beast","tablesChecked":56,"columnsChecked":705,"msg":"schema check: save is up to date, 0 missing columns"}
[migrate] could not drop players.outfit_id: Failed to run the query 'ALTER TABLE players DROP COLUMN outfit_id'
[migrate] could not drop staff.team_id: Failed to run the query 'ALTER TABLE staff DROP COLUMN team_id'
{"level":30,"time":1791172216817,"pid":38120,"hostname":"Beast","starterDbPath":null,"reason":"STARTER_DB_PATH not set","msg":"reference data backfill skipped"}
{"level":30,"time":1791172216835,"pid":38120,"hostname":"Beast","port":4211,"msg":"Server listening"}
{"level":30,"time":1791172217169,"pid":38120,"hostname":"Beast","req":{"id":1,"method":"GET","url":"/api/healthz"},"res":{"statusCode":200},"responseTime":3,"msg":"request completed"}
{"level":30,"time":1791172217180,"pid":38120,"hostname":"Beast","req":{"id":2,"method":"POST","url":"/api/profiles"},"res":{"statusCode":201},"responseTime":6,"msg":"request completed"}
{"level":30,"time":1791172217183,"pid":38120,"hostname":"Beast","req":{"id":3,"method":"POST","url":"/api/profiles/9ead56d8-04c2-468a-a895-2f6a3e2fe6e8/select"},"res":{"statusCode":200},"responseTime":1,"msg":"request completed"}
{"level":30,"time":1791172217195,"pid":38120,"hostname":"Beast","req":{"id":4,"method":"GET","url":"/api/club-templates"},"res":{"statusCode":200},"responseTime":3,"msg":"request completed"}
{"level":30,"time":1791172217267,"pid":38120,"hostname":"Beast","req":{"id":5,"method":"POST","url":"/api/careers"},"res":{"statusCode":200},"responseTime":63,"msg":"request completed"}
{"level":30,"time":1791172217811,"pid":38120,"hostname":"Beast","req":{"id":6,"method":"GET","url":"/"},"res":{"statusCode":200},"responseTime":3,"msg":"request completed"}
{"level":30,"time":1791172217822,"pid":38120,"hostname":"Beast","req":{"id":7,"method":"GET","url":"/assets/index-DKb08e2y.css"},"res":{"statusCode":200},"responseTime":3,"msg":"request completed"}
{"level":30,"time":1791172217829,"pid":38120,"hostname":"Beast","req":{"id":8,"method":"GET","url":"/assets/index-DfvP6Ot0.js"},"res":{"statusCode":200},"responseTime":9,"msg":"request completed"}
{"level":30,"time":1791172218264,"pid":38120,"hostname":"Beast","req":{"id":9,"method":"GET","url":"/api/auth/user"},"res":{"statusCode":200},"responseTime":1,"msg":"request completed"}
{"level":30,"time":1791172218265,"pid":38120,"hostname":"Beast","req":{"id":10,"method":"GET","url":"/api/seasons/current"},"res":{"statusCode":200},"responseTime":1,"msg":"request completed"}
{"level":30,"time":1791172218270,"pid":38120,"hostname":"Beast","req":{"id":11,"method":"GET","url":"/images/brand/bve-title-large.png"},"res":{"statusCode":200},"responseTime":4,"msg":"request completed"}
{"level":30,"time":1791172218282,"pid":38120,"hostname":"Beast","req":{"id":13,"method":"GET","url":"/favicon.svg"},"res":{"statusCode":200},"responseTime":1,"msg":"request completed"}
{"level":30,"time":1791172218285,"pid":38120,"hostname":"Beast","req":{"id":14,"method":"GET","url":"/api/team"},"res":{"statusCode":200},"responseTime":1,"msg":"request completed"}
{"level":30,"time":1791172218296,"pid":38120,"hostname":"Beast","req":{"id":12,"method":"GET","url":"/audio/music/beach-volleyball-empire.mp3"},"res":{"statusCode":206},"responseTime":17,"msg":"request completed"}
{"level":30,"time":1791172218336,"pid":38120,"hostname":"Beast","req":{"id":15,"method":"GET","url":"/favicon.svg"},"res":{"statusCode":304},"responseTime":1,"msg":"request completed"}
{"level":30,"time":1791172220335,"pid":38120,"hostname":"Beast","req":{"id":16,"method":"GET","url":"/api/achievements"},"res":{"statusCode":200},"responseTime":2,"msg":"request completed"}
{"level":30,"time":1791172220338,"pid":38120,"hostname":"Beast","req":{"id":17,"method":"GET","url":"/api/calendar"},"res":{"statusCode":200},"responseTime":3,"msg":"request completed"}
{"level":30,"time":1791172220340,"pid":38120,"hostname":"Beast","req":{"id":18,"method":"GET","url":"/api/calendar/round-names"},"res":{"statusCode":200},"responseTime":1,"msg":"request completed"}
{"level":30,"time":1791172220341,"pid":38120,"hostname":"Beast","req":{"id":19,"method":"GET","url":"/api/auth/user"},"res":{"statusCode":304},"responseTime":1,"msg":"request completed"}
{"level":30,"time":1791172220344,"pid":38120,"hostname":"Beast","req":{"id":20,"method":"GET","url":"/api/attention-items"},"res":{"statusCode":200},"responseTime":3,"msg":"request completed"}
{"level":30,"time":1791172220347,"pid":38120,"hostname":"Beast","req":{"id":21,"method":"GET","url":"/api/dashboard"},"res":{"statusCode":200},"responseTime":3,"msg":"request completed"}
{"level":30,"time":1791172220349,"pid":38120,"hostname":"Beast","req":{"id":22,"method":"GET","url":"/api/seasons/1/ladder"},"res":{"statusCode":200},"responseTime":1,"msg":"request completed"}
{"level":30,"time":1791172220351,"pid":38120,"hostname":"Beast","req":{"id":23,"method":"GET","url":"/api/club-rating"},"res":{"statusCode":200},"responseTime":2,"msg":"request completed"}
{"level":30,"time":1791172220353,"pid":38120,"hostname":"Beast","req":{"id":24,"method":"GET","url":"/api/facilities"},"res":{"statusCode":200},"responseTime":2,"msg":"request completed"}
{"level":30,"time":1791172220353,"pid":38120,"hostname":"Beast","req":{"id":25,"method":"GET","url":"/api/seasons/current"},"res":{"statusCode":304},"responseTime":0,"msg":"request completed"}
{"level":30,"time":1791172220361,"pid":38120,"hostname":"Beast","req":{"id":26,"method":"GET","url":"/api/news"},"res":{"statusCode":200},"responseTime":8,"msg":"request completed"}
{"level":30,"time":1791172220363,"pid":38120,"hostname":"Beast","req":{"id":27,"method":"GET","url":"/api/events/upcoming"},"res":{"statusCode":200},"responseTime":2,"msg":"request completed"}
{"level":30,"time":1791172220365,"pid":38120,"hostname":"Beast","req":{"id":28,"method":"GET","url":"/api/board-confidence"},"res":{"statusCode":200},"responseTime":2,"msg":"request completed"}
{"level":30,"time":1791172220416,"pid":38120,"hostname":"Beast","req":{"id":29,"method":"GET","url":"/images/hero-women-volleyball.webp"},"res":{"statusCode":200},"responseTime":1,"msg":"request completed"}
{"level":30,"time":1791172221750,"pid":38120,"hostname":"Beast","req":{"id":30,"method":"POST","url":"/api/calendar/next-match"},"res":{"statusCode":200},"responseTime":992,"msg":"request completed"}
{"level":30,"time":1791172221755,"pid":38120,"hostname":"Beast","req":{"id":31,"method":"GET","url":"/api/auth/user"},"res":{"statusCode":304},"responseTime":1,"msg":"request completed"}
{"level":30,"time":1791172221756,"pid":38120,"hostname":"Beast","req":{"id":32,"method":"GET","url":"/api/team"},"res":{"statusCode":200},"responseTime":1,"msg":"request completed"}
{"level":30,"time":1791172221757,"pid":38120,"hostname":"Beast","req":{"id":33,"method":"GET","url":"/api/seasons/current"},"res":{"statusCode":200},"responseTime":0,"msg":"request completed"}
{"level":30,"time":1791172221758,"pid":38120,"hostname":"Beast","req":{"id":34,"method":"GET","url":"/api/achievements"},"res":{"statusCode":304},"responseTime":1,"msg":"request completed"}
{"level":30,"time":1791172221761,"pid":38120,"hostname":"Beast","req":{"id":35,"method":"GET","url":"/api/calendar"},"res":{"statusCode":200},"responseTime":3,"msg":"request completed"}
{"level":30,"time":1791172221762,"pid":38120,"hostname":"Beast","req":{"id":36,"method":"GET","url":"/api/calendar/round-names"},"res":{"statusCode":304},"responseTime":1,"msg":"request completed"}
{"level":30,"time":1791172221763,"pid":38120,"hostname":"Beast","req":{"id":37,"method":"GET","url":"/api/attention-items"},"res":{"statusCode":200},"responseTime":1,"msg":"request completed"}
{"level":30,"time":1791172221766,"pid":38120,"hostname":"Beast","req":{"id":38,"method":"GET","url":"/api/dashboard"},"res":{"statusCode":200},"responseTime":3,"msg":"request completed"}
{"level":30,"time":1791172221767,"pid":38120,"hostname":"Beast","req":{"id":39,"method":"GET","url":"/api/seasons/1/ladder"},"res":{"statusCode":200},"responseTime":1,"msg":"request completed"}
{"level":30,"time":1791172221769,"pid":38120,"hostname":"Beast","req":{"id":40,"method":"GET","url":"/api/club-rating"},"res":{"statusCode":304},"responseTime":2,"msg":"request completed"}
{"level":30,"time":1791172221769,"pid":38120,"hostname":"Beast","req":{"id":41,"method":"GET","url":"/api/facilities"},"res":{"statusCode":304},"responseTime":0,"msg":"request completed"}
{"level":30,"time":1791172221770,"pid":38120,"hostname":"Beast","req":{"id":42,"method":"GET","url":"/api/news"},"res":{"statusCode":304},"responseTime":1,"msg":"request completed"}
{"level":30,"time":1791172221772,"pid":38120,"hostname":"Beast","req":{"id":43,"method":"GET","url":"/api/events/upcoming"},"res":{"statusCode":200},"responseTime":1,"msg":"request completed"}
{"level":30,"time":1791172221774,"pid":38120,"hostname":"Beast","req":{"id":44,"method":"GET","url":"/api/board-confidence"},"res":{"statusCode":200},"responseTime":2,"msg":"request completed"}
{"level":30,"time":1791172221800,"pid":38120,"hostname":"Beast","req":{"id":45,"method":"POST","url":"/api/matches/1/watch"},"res":{"statusCode":200},"responseTime":5,"msg":"request completed"}
{"level":30,"time":1791172221809,"pid":38120,"hostname":"Beast","req":{"id":46,"method":"GET","url":"/api/careers"},"res":{"statusCode":200},"responseTime":1,"msg":"request completed"}
{"level":30,"time":1791172221810,"pid":38120,"hostname":"Beast","req":{"id":47,"method":"HEAD","url":"/unity-build/index.html"},"res":{"statusCode":200},"responseTime":0,"msg":"request completed"}
{"level":30,"time":1791172221818,"pid":38120,"hostname":"Beast","req":{"id":48,"method":"GET","url":"/unity-build/index.html"},"res":{"statusCode":200},"responseTime":2,"msg":"request completed"}
{"level":30,"time":1791172221825,"pid":38120,"hostname":"Beast","req":{"id":49,"method":"GET","url":"/unity-build/Build/Volleyball_WebGL_Uncompressed_2.loader.js"},"res":{"statusCode":200},"responseTime":1,"msg":"request completed"}
{"level":30,"time":1791172221841,"pid":38120,"hostname":"Beast","req":{"id":50,"method":"GET","url":"/unity-build/Build/Volleyball_WebGL_Uncompressed_2.framework.js"},"res":{"statusCode":200},"responseTime":3,"msg":"request completed"}
{"level":30,"time":1791172222194,"pid":38120,"hostname":"Beast","req":{"id":51,"method":"GET","url":"/unity-build/Build/Volleyball_WebGL_Uncompressed_2.wasm"},"res":{"statusCode":200},"responseTime":329,"msg":"request completed"}
{"level":30,"time":1791172223854,"pid":38120,"hostname":"Beast","req":{"id":52,"method":"GET","url":"/unity-build/Build/Volleyball_WebGL_Uncompressed_2.data"},"res":{"statusCode":200},"responseTime":1988,"msg":"request completed"}
{"level":30,"time":1791172227291,"pid":38120,"hostname":"Beast","req":{"id":54,"method":"GET","url":"/api/unity/match-state"},"careerSaveId":1,"careerSource":"query","teamId":1,"msg":"unity/match-state career resolved"}
{"level":30,"time":1791172227293,"pid":38120,"hostname":"Beast","req":{"id":54,"method":"GET","url":"/api/unity/match-state"},"matchId":1,"status":"in_progress","playerCount":4,"msg":"unity/match-state served"}
{"level":30,"time":1791172227294,"pid":38120,"hostname":"Beast","req":{"id":54,"method":"GET","url":"/api/unity/match-state"},"res":{"statusCode":200},"responseTime":4,"msg":"request completed"}
{"level":30,"time":1791172227295,"pid":38120,"hostname":"Beast","req":{"id":53,"method":"GET","url":"/unity-build/StreamingAssets/commentary/A_serve_1.mp3"},"res":{"statusCode":200},"responseTime":5,"msg":"request completed"}
{"level":30,"time":1791172228245,"pid":38120,"hostname":"Beast","req":{"id":55,"method":"GET","url":"/unity-build/StreamingAssets/commentary/A_serve_2.mp3"},"res":{"statusCode":200},"responseTime":2,"msg":"request completed"}
{"level":30,"time":1791172228279,"pid":38120,"hostname":"Beast","req":{"id":56,"method":"GET","url":"/unity-build/StreamingAssets/commentary/A_serve_3.mp3"},"res":{"statusCode":200},"responseTime":2,"msg":"request completed"}
{"level":30,"time":1791172228476,"pid":38120,"hostname":"Beast","req":{"id":57,"method":"GET","url":"/unity-build/StreamingAssets/commentary/A_dig_1.mp3"},"res":{"statusCode":200},"responseTime":3,"msg":"request completed"}
{"level":30,"time":1791172228514,"pid":38120,"hostname":"Beast","req":{"id":58,"method":"GET","url":"/unity-build/StreamingAssets/commentary/A_dig_2.mp3"},"res":{"statusCode":200},"responseTime":2,"msg":"request completed"}
{"level":30,"time":1791172228548,"pid":38120,"hostname":"Beast","req":{"id":59,"method":"GET","url":"/unity-build/StreamingAssets/commentary/A_dig_3.mp3"},"res":{"statusCode":200},"responseTime":2,"msg":"request completed"}
{"level":30,"time":1791172228583,"pid":38120,"hostname":"Beast","req":{"id":60,"method":"GET","url":"/unity-build/StreamingAssets/commentary/A_set_1.mp3"},"res":{"statusCode":200},"responseTime":2,"msg":"request completed"}
{"level":30,"time":1791172228619,"pid":38120,"hostname":"Beast","req":{"id":61,"method":"GET","url":"/unity-build/StreamingAssets/commentary/A_set_2.mp3"},"res":{"statusCode":200},"responseTime":2,"msg":"request completed"}
{"level":30,"time":1791172228655,"pid":38120,"hostname":"Beast","req":{"id":62,"method":"GET","url":"/unity-build/StreamingAssets/commentary/A_set_3.mp3"},"res":{"statusCode":200},"responseTime":2,"msg":"request completed"}
{"level":30,"time":1791172228690,"pid":38120,"hostname":"Beast","req":{"id":63,"method":"GET","url":"/unity-build/StreamingAssets/commentary/A_spike_1.mp3"},"res":{"statusCode":200},"responseTime":2,"msg":"request completed"}
{"level":30,"time":1791172228726,"pid":38120,"hostname":"Beast","req":{"id":64,"method":"GET","url":"/unity-build/StreamingAssets/commentary/A_spike_2.mp3"},"res":{"statusCode":200},"responseTime":2,"msg":"request completed"}
{"level":30,"time":1791172228761,"pid":38120,"hostname":"Beast","req":{"id":65,"method":"GET","url":"/unity-build/StreamingAssets/commentary/A_spike_3.mp3"},"res":{"statusCode":200},"responseTime":2,"msg":"request completed"}
{"level":30,"time":1791172228778,"pid":38120,"hostname":"Beast","req":{"id":66,"method":"GET","url":"/unity-build/StreamingAssets/commentary/A_blockattempt_1.mp3"},"res":{"statusCode":200},"responseTime":2,"msg":"request completed"}
{"level":30,"time":1791172228815,"pid":38120,"hostname":"Beast","req":{"id":67,"method":"GET","url":"/unity-build/StreamingAssets/commentary/A_blockattempt_2.mp3"},"res":{"statusCode":200},"responseTime":3,"msg":"request completed"}
{"level":30,"time":1791172228850,"pid":38120,"hostname":"Beast","req":{"id":68,"method":"GET","url":"/unity-build/StreamingAssets/commentary/A_blockattempt_3.mp3"},"res":{"statusCode":200},"responseTime":3,"msg":"request completed"}
{"level":30,"time":1791172228884,"pid":38120,"hostname":"Beast","req":{"id":69,"method":"GET","url":"/unity-build/StreamingAssets/commentary/A_block_1.mp3"},"res":{"statusCode":200},"responseTime":2,"msg":"request completed"}
{"level":30,"time":1791172228918,"pid":38120,"hostname":"Beast","req":{"id":70,"method":"GET","url":"/unity-build/StreamingAssets/commentary/A_block_2.mp3"},"res":{"statusCode":200},"responseTime":2,"msg":"request completed"}
{"level":30,"time":1791172228936,"pid":38120,"hostname":"Beast","req":{"id":71,"method":"GET","url":"/unity-build/StreamingAssets/commentary/A_block_3.mp3"},"res":{"statusCode":200},"responseTime":2,"msg":"request completed"}
{"level":30,"time":1791172228970,"pid":38120,"hostname":"Beast","req":{"id":72,"method":"GET","url":"/unity-build/StreamingAssets/commentary/A_point_1.mp3"},"res":{"statusCode":200},"responseTime":2,"msg":"request completed"}
{"level":30,"time":1791172229008,"pid":38120,"hostname":"Beast","req":{"id":73,"method":"GET","url":"/unity-build/StreamingAssets/commentary/A_point_2.mp3"},"res":{"statusCode":200},"responseTime":2,"msg":"request completed"}
{"level":30,"time":1791172229044,"pid":38120,"hostname":"Beast","req":{"id":74,"method":"GET","url":"/unity-build/StreamingAssets/commentary/A_point_3.mp3"},"res":{"statusCode":200},"responseTime":2,"msg":"request completed"}
{"level":30,"time":1791172229081,"pid":38120,"hostname":"Beast","req":{"id":75,"method":"GET","url":"/unity-build/StreamingAssets/commentary/A_rally_1.mp3"},"res":{"statusCode":200},"responseTime":2,"msg":"request completed"}
{"level":30,"time":1791172229118,"pid":38120,"hostname":"Beast","req":{"id":76,"method":"GET","url":"/unity-build/StreamingAssets/commentary/A_rally_2.mp3"},"res":{"statusCode":200},"responseTime":2,"msg":"request completed"}
{"level":30,"time":1791172229155,"pid":38120,"hostname":"Beast","req":{"id":77,"method":"GET","url":"/unity-build/StreamingAssets/commentary/A_rally_3.mp3"},"res":{"statusCode":200},"responseTime":2,"msg":"request completed"}
{"level":30,"time":1791172229193,"pid":38120,"hostname":"Beast","req":{"id":78,"method":"GET","url":"/unity-build/StreamingAssets/commentary/B_serve_1.mp3"},"res":{"statusCode":200},"responseTime":2,"msg":"request completed"}
{"level":30,"time":1791172229229,"pid":38120,"hostname":"Beast","req":{"id":79,"method":"GET","url":"/unity-build/StreamingAssets/commentary/B_serve_2.mp3"},"res":{"statusCode":200},"responseTime":2,"msg":"request completed"}
{"level":30,"time":1791172229266,"pid":38120,"hostname":"Beast","req":{"id":80,"method":"GET","url":"/unity-build/StreamingAssets/commentary/B_serve_3.mp3"},"res":{"statusCode":200},"responseTime":2,"msg":"request completed"}
{"level":30,"time":1791172229305,"pid":38120,"hostname":"Beast","req":{"id":81,"method":"GET","url":"/unity-build/StreamingAssets/commentary/B_dig_1.mp3"},"res":{"statusCode":200},"responseTime":1,"msg":"request completed"}
{"level":30,"time":1791172229343,"pid":38120,"hostname":"Beast","req":{"id":82,"method":"GET","url":"/unity-build/StreamingAssets/commentary/B_dig_2.mp3"},"res":{"statusCode":200},"responseTime":2,"msg":"request completed"}
{"level":30,"time":1791172229380,"pid":38120,"hostname":"Beast","req":{"id":83,"method":"GET","url":"/unity-build/StreamingAssets/commentary/B_dig_3.mp3"},"res":{"statusCode":200},"responseTime":2,"msg":"request completed"}
{"level":30,"time":1791172229418,"pid":38120,"hostname":"Beast","req":{"id":84,"method":"GET","url":"/unity-build/StreamingAssets/commentary/B_set_1.mp3"},"res":{"statusCode":200},"responseTime":2,"msg":"request completed"}
{"level":30,"time":1791172229455,"pid":38120,"hostname":"Beast","req":{"id":85,"method":"GET","url":"/unity-build/StreamingAssets/commentary/B_set_2.mp3"},"res":{"statusCode":200},"responseTime":2,"msg":"request completed"}
{"level":30,"time":1791172229490,"pid":38120,"hostname":"Beast","req":{"id":86,"method":"GET","url":"/unity-build/StreamingAssets/commentary/B_set_3.mp3"},"res":{"statusCode":200},"responseTime":1,"msg":"request completed"}
{"level":30,"time":1791172229528,"pid":38120,"hostname":"Beast","req":{"id":87,"method":"GET","url":"/unity-build/StreamingAssets/commentary/B_spike_1.mp3"},"res":{"statusCode":200},"responseTime":2,"msg":"request completed"}
{"level":30,"time":1791172229564,"pid":38120,"hostname":"Beast","req":{"id":88,"method":"GET","url":"/unity-build/StreamingAssets/commentary/B_spike_2.mp3"},"res":{"statusCode":200},"responseTime":2,"msg":"request completed"}
{"level":30,"time":1791172229600,"pid":38120,"hostname":"Beast","req":{"id":89,"method":"GET","url":"/unity-build/StreamingAssets/commentary/B_spike_3.mp3"},"res":{"statusCode":200},"responseTime":1,"msg":"request completed"}
{"level":30,"time":1791172229637,"pid":38120,"hostname":"Beast","req":{"id":90,"method":"GET","url":"/unity-build/StreamingAssets/commentary/B_blockattempt_1.mp3"},"res":{"statusCode":200},"responseTime":1,"msg":"request completed"}
{"level":30,"time":1791172229675,"pid":38120,"hostname":"Beast","req":{"id":91,"method":"GET","url":"/unity-build/StreamingAssets/commentary/B_blockattempt_2.mp3"},"res":{"statusCode":200},"responseTime":2,"msg":"request completed"}
{"level":30,"time":1791172229715,"pid":38120,"hostname":"Beast","req":{"id":92,"method":"GET","url":"/unity-build/StreamingAssets/commentary/B_blockattempt_3.mp3"},"res":{"statusCode":200},"responseTime":3,"msg":"request completed"}
{"level":30,"time":1791172229750,"pid":38120,"hostname":"Beast","req":{"id":93,"method":"GET","url":"/unity-build/StreamingAssets/commentary/B_block_1.mp3"},"res":{"statusCode":200},"responseTime":2,"msg":"request completed"}
{"level":30,"time":1791172229788,"pid":38120,"hostname":"Beast","req":{"id":94,"method":"GET","url":"/unity-build/StreamingAssets/commentary/B_block_2.mp3"},"res":{"statusCode":200},"responseTime":2,"msg":"request completed"}
{"level":30,"time":1791172229823,"pid":38120,"hostname":"Beast","req":{"id":95,"method":"GET","url":"/unity-build/StreamingAssets/commentary/B_block_3.mp3"},"res":{"statusCode":200},"responseTime":1,"msg":"request completed"}
{"level":30,"time":1791172229861,"pid":38120,"hostname":"Beast","req":{"id":96,"method":"GET","url":"/unity-build/StreamingAssets/commentary/B_point_1.mp3"},"res":{"statusCode":200},"responseTime":2,"msg":"request completed"}
{"level":30,"time":1791172229902,"pid":38120,"hostname":"Beast","req":{"id":97,"method":"GET","url":"/unity-build/StreamingAssets/commentary/B_point_2.mp3"},"res":{"statusCode":200},"responseTime":2,"msg":"request completed"}
{"level":30,"time":1791172229938,"pid":38120,"hostname":"Beast","req":{"id":98,"method":"GET","url":"/unity-build/StreamingAssets/commentary/B_point_3.mp3"},"res":{"statusCode":200},"responseTime":2,"msg":"request completed"}
{"level":30,"time":1791172229977,"pid":38120,"hostname":"Beast","req":{"id":99,"method":"GET","url":"/unity-build/StreamingAssets/commentary/B_rally_1.mp3"},"res":{"statusCode":200},"responseTime":2,"msg":"request completed"}
{"level":30,"time":1791172230015,"pid":38120,"hostname":"Beast","req":{"id":100,"method":"GET","url":"/unity-build/StreamingAssets/commentary/B_rally_2.mp3"},"res":{"statusCode":200},"responseTime":1,"msg":"request completed"}
{"level":30,"time":1791172230052,"pid":38120,"hostname":"Beast","req":{"id":101,"method":"GET","url":"/unity-build/StreamingAssets/commentary/B_rally_3.mp3"},"res":{"statusCode":200},"responseTime":2,"msg":"request completed"}
{"level":30,"time":1791172233021,"pid":38120,"hostname":"Beast","req":{"id":102,"method":"POST","url":"/api/unity/match-progress"},"res":{"statusCode":200},"responseTime":2,"msg":"request completed"}
{"level":30,"time":1791172240790,"pid":38120,"hostname":"Beast","req":{"id":103,"method":"POST","url":"/api/unity/match-progress"},"res":{"statusCode":200},"responseTime":1,"msg":"request completed"}
{"level":30,"time":1791172244019,"pid":38120,"hostname":"Beast","req":{"id":104,"method":"POST","url":"/api/unity/match-progress"},"res":{"statusCode":200},"responseTime":1,"msg":"request completed"}
{"level":30,"time":1791172244674,"pid":38120,"hostname":"Beast","msg":"WAL checkpointed and database closed for shutdown"}
