[static-debug] PUBLIC_DIR=C:\vbe-final\artifacts\api-server\dist\public staticDir=C:\vbe-final\artifacts\api-server\dist\public exists=true
{"level":30,"time":1791686549906,"pid":14512,"hostname":"Beast","tablesChecked":57,"columnsChecked":730,"msg":"schema check: save is up to date, 0 missing columns"}
[migrate] could not drop players.outfit_id: Failed to run the query 'ALTER TABLE players DROP COLUMN outfit_id'
[migrate] could not drop staff.team_id: Failed to run the query 'ALTER TABLE staff DROP COLUMN team_id'
{"level":30,"time":1791686549906,"pid":14512,"hostname":"Beast","starterDbPath":null,"reason":"STARTER_DB_PATH not set","msg":"reference data backfill skipped"}
{"level":30,"time":1791686549925,"pid":14512,"hostname":"Beast","port":4235,"msg":"Server listening"}
{"level":30,"time":1791686550229,"pid":14512,"hostname":"Beast","req":{"id":1,"method":"GET","url":"/api/healthz"},"res":{"statusCode":200},"responseTime":3,"msg":"request completed"}
{"level":30,"time":1791686550240,"pid":14512,"hostname":"Beast","req":{"id":2,"method":"POST","url":"/api/profiles"},"res":{"statusCode":201},"responseTime":6,"msg":"request completed"}
{"level":30,"time":1791686550253,"pid":14512,"hostname":"Beast","req":{"id":3,"method":"POST","url":"/api/profiles/5328c931-b872-46cc-acdc-d77d8bf00125/select"},"res":{"statusCode":200},"responseTime":2,"msg":"request completed"}
{"level":30,"time":1791686550268,"pid":14512,"hostname":"Beast","req":{"id":4,"method":"GET","url":"/api/club-templates"},"res":{"statusCode":200},"responseTime":2,"msg":"request completed"}
{"level":30,"time":1791686550344,"pid":14512,"hostname":"Beast","req":{"id":5,"method":"POST","url":"/api/careers"},"res":{"statusCode":200},"responseTime":62,"msg":"request completed"}
{"level":30,"time":1791686551675,"pid":14512,"hostname":"Beast","req":{"id":6,"method":"GET","url":"/"},"res":{"statusCode":200},"responseTime":3,"msg":"request completed"}
{"level":30,"time":1791686551686,"pid":14512,"hostname":"Beast","req":{"id":7,"method":"GET","url":"/assets/index-BFTloZe0.css"},"res":{"statusCode":200},"responseTime":4,"msg":"request completed"}
{"level":30,"time":1791686551692,"pid":14512,"hostname":"Beast","req":{"id":8,"method":"GET","url":"/assets/index-DF3UacLk.js"},"res":{"statusCode":200},"responseTime":9,"msg":"request completed"}
{"level":30,"time":1791686552114,"pid":14512,"hostname":"Beast","req":{"id":9,"method":"GET","url":"/api/auth/user"},"res":{"statusCode":200},"responseTime":1,"msg":"request completed"}
{"level":30,"time":1791686552116,"pid":14512,"hostname":"Beast","req":{"id":10,"method":"GET","url":"/api/seasons/current"},"res":{"statusCode":200},"responseTime":1,"msg":"request completed"}
{"level":30,"time":1791686552121,"pid":14512,"hostname":"Beast","req":{"id":11,"method":"GET","url":"/images/brand/bve-title-large.png"},"res":{"statusCode":200},"responseTime":5,"msg":"request completed"}
{"level":30,"time":1791686552135,"pid":14512,"hostname":"Beast","req":{"id":13,"method":"GET","url":"/favicon.svg"},"res":{"statusCode":200},"responseTime":2,"msg":"request completed"}
{"level":30,"time":1791686552137,"pid":14512,"hostname":"Beast","req":{"id":14,"method":"GET","url":"/api/team"},"res":{"statusCode":200},"responseTime":1,"msg":"request completed"}
{"level":30,"time":1791686552154,"pid":14512,"hostname":"Beast","req":{"id":12,"method":"GET","url":"/audio/music/beach-volleyball-empire.mp3"},"res":{"statusCode":206},"responseTime":24,"msg":"request completed"}
{"level":30,"time":1791686552206,"pid":14512,"hostname":"Beast","req":{"id":15,"method":"GET","url":"/favicon.svg"},"res":{"statusCode":304},"responseTime":1,"msg":"request completed"}
{"level":30,"time":1791686554185,"pid":14512,"hostname":"Beast","req":{"id":16,"method":"GET","url":"/"},"res":{"statusCode":304},"responseTime":1,"msg":"request completed"}
{"level":30,"time":1791686554192,"pid":14512,"hostname":"Beast","req":{"id":17,"method":"GET","url":"/assets/index-BFTloZe0.css"},"res":{"statusCode":304},"responseTime":1,"msg":"request completed"}
{"level":30,"time":1791686554193,"pid":14512,"hostname":"Beast","req":{"id":18,"method":"GET","url":"/assets/index-DF3UacLk.js"},"res":{"statusCode":304},"responseTime":1,"msg":"request completed"}
{"level":30,"time":1791686554210,"pid":14512,"hostname":"Beast","req":{"id":19,"method":"GET","url":"/images/brand/bve-title-large.png"},"res":{"statusCode":304},"responseTime":1,"msg":"request completed"}
{"level":30,"time":1791686554211,"pid":14512,"hostname":"Beast","req":{"id":20,"method":"GET","url":"/api/auth/user"},"res":{"statusCode":304},"responseTime":0,"msg":"request completed"}
{"level":30,"time":1791686554214,"pid":14512,"hostname":"Beast","req":{"id":21,"method":"GET","url":"/api/seasons/current"},"res":{"statusCode":304},"responseTime":2,"msg":"request completed"}
{"level":30,"time":1791686554218,"pid":14512,"hostname":"Beast","req":{"id":22,"method":"GET","url":"/audio/music/beach-volleyball-empire.mp3"},"res":{"statusCode":304},"responseTime":1,"msg":"request completed"}
{"level":30,"time":1791686554218,"pid":14512,"hostname":"Beast","req":{"id":23,"method":"GET","url":"/favicon.svg"},"res":{"statusCode":304},"responseTime":1,"msg":"request completed"}
{"level":30,"time":1791686554220,"pid":14512,"hostname":"Beast","req":{"id":24,"method":"GET","url":"/api/team"},"res":{"statusCode":304},"responseTime":1,"msg":"request completed"}
{"level":30,"time":1791686554236,"pid":14512,"hostname":"Beast","req":{"id":25,"method":"GET","url":"/favicon.svg"},"res":{"statusCode":304},"responseTime":1,"msg":"request completed"}
{"level":30,"time":1791686556708,"pid":14512,"hostname":"Beast","req":{"id":26,"method":"GET","url":"/api/achievements"},"res":{"statusCode":200},"responseTime":2,"msg":"request completed"}
{"level":30,"time":1791686556713,"pid":14512,"hostname":"Beast","req":{"id":27,"method":"GET","url":"/api/calendar"},"res":{"statusCode":200},"responseTime":5,"msg":"request completed"}
{"level":30,"time":1791686556716,"pid":14512,"hostname":"Beast","req":{"id":28,"method":"GET","url":"/api/calendar/round-names"},"res":{"statusCode":200},"responseTime":2,"msg":"request completed"}
{"level":30,"time":1791686556716,"pid":14512,"hostname":"Beast","req":{"id":29,"method":"GET","url":"/api/auth/user"},"res":{"statusCode":304},"responseTime":0,"msg":"request completed"}
{"level":30,"time":1791686556720,"pid":14512,"hostname":"Beast","req":{"id":30,"method":"GET","url":"/api/attention-items"},"res":{"statusCode":200},"responseTime":3,"msg":"request completed"}
{"level":30,"time":1791686556725,"pid":14512,"hostname":"Beast","req":{"id":31,"method":"GET","url":"/api/dashboard"},"res":{"statusCode":200},"responseTime":5,"msg":"request completed"}
{"level":30,"time":1791686556727,"pid":14512,"hostname":"Beast","req":{"id":32,"method":"GET","url":"/api/seasons/1/ladder"},"res":{"statusCode":200},"responseTime":2,"msg":"request completed"}
{"level":30,"time":1791686556728,"pid":14512,"hostname":"Beast","req":{"id":33,"method":"GET","url":"/api/seasons/current"},"res":{"statusCode":304},"responseTime":1,"msg":"request completed"}
{"level":30,"time":1791686556731,"pid":14512,"hostname":"Beast","req":{"id":34,"method":"GET","url":"/api/club-rating"},"res":{"statusCode":200},"responseTime":3,"msg":"request completed"}
{"level":30,"time":1791686556732,"pid":14512,"hostname":"Beast","req":{"id":35,"method":"GET","url":"/api/facilities"},"res":{"statusCode":200},"responseTime":1,"msg":"request completed"}
{"level":30,"time":1791686556752,"pid":14512,"hostname":"Beast","req":{"id":36,"method":"GET","url":"/api/news"},"res":{"statusCode":200},"responseTime":19,"msg":"request completed"}
{"level":30,"time":1791686556755,"pid":14512,"hostname":"Beast","req":{"id":37,"method":"GET","url":"/api/events/upcoming"},"res":{"statusCode":200},"responseTime":3,"msg":"request completed"}
{"level":30,"time":1791686556758,"pid":14512,"hostname":"Beast","req":{"id":38,"method":"GET","url":"/api/board-confidence"},"res":{"statusCode":200},"responseTime":2,"msg":"request completed"}
{"level":30,"time":1791686556793,"pid":14512,"hostname":"Beast","req":{"id":39,"method":"GET","url":"/images/hero-women-volleyball.webp"},"res":{"statusCode":200},"responseTime":2,"msg":"request completed"}
{"level":30,"time":1791686559035,"pid":14512,"hostname":"Beast","req":{"id":40,"method":"POST","url":"/api/calendar/next-match"},"res":{"statusCode":200},"responseTime":1901,"msg":"request completed"}
{"level":30,"time":1791686559039,"pid":14512,"hostname":"Beast","req":{"id":41,"method":"GET","url":"/api/auth/user"},"res":{"statusCode":304},"responseTime":1,"msg":"request completed"}
{"level":30,"time":1791686559040,"pid":14512,"hostname":"Beast","req":{"id":42,"method":"GET","url":"/api/team"},"res":{"statusCode":200},"responseTime":1,"msg":"request completed"}
{"level":30,"time":1791686559041,"pid":14512,"hostname":"Beast","req":{"id":43,"method":"GET","url":"/api/seasons/current"},"res":{"statusCode":200},"responseTime":1,"msg":"request completed"}
{"level":30,"time":1791686559042,"pid":14512,"hostname":"Beast","req":{"id":44,"method":"GET","url":"/api/achievements"},"res":{"statusCode":304},"responseTime":1,"msg":"request completed"}
{"level":30,"time":1791686559045,"pid":14512,"hostname":"Beast","req":{"id":45,"method":"GET","url":"/api/calendar"},"res":{"statusCode":200},"responseTime":3,"msg":"request completed"}
{"level":30,"time":1791686559046,"pid":14512,"hostname":"Beast","req":{"id":46,"method":"GET","url":"/api/calendar/round-names"},"res":{"statusCode":304},"responseTime":1,"msg":"request completed"}
{"level":30,"time":1791686559049,"pid":14512,"hostname":"Beast","req":{"id":47,"method":"GET","url":"/api/attention-items"},"res":{"statusCode":200},"responseTime":3,"msg":"request completed"}
{"level":30,"time":1791686559053,"pid":14512,"hostname":"Beast","req":{"id":48,"method":"GET","url":"/api/dashboard"},"res":{"statusCode":200},"responseTime":4,"msg":"request completed"}
{"level":30,"time":1791686559055,"pid":14512,"hostname":"Beast","req":{"id":49,"method":"GET","url":"/api/seasons/1/ladder"},"res":{"statusCode":200},"responseTime":2,"msg":"request completed"}
{"level":30,"time":1791686559057,"pid":14512,"hostname":"Beast","req":{"id":50,"method":"GET","url":"/api/club-rating"},"res":{"statusCode":304},"responseTime":2,"msg":"request completed"}
{"level":30,"time":1791686559058,"pid":14512,"hostname":"Beast","req":{"id":51,"method":"GET","url":"/api/facilities"},"res":{"statusCode":304},"responseTime":1,"msg":"request completed"}
{"level":30,"time":1791686559060,"pid":14512,"hostname":"Beast","req":{"id":52,"method":"GET","url":"/api/news"},"res":{"statusCode":304},"responseTime":2,"msg":"request completed"}
{"level":30,"time":1791686559062,"pid":14512,"hostname":"Beast","req":{"id":53,"method":"GET","url":"/api/events/upcoming"},"res":{"statusCode":200},"responseTime":2,"msg":"request completed"}
{"level":30,"time":1791686559067,"pid":14512,"hostname":"Beast","req":{"id":54,"method":"GET","url":"/api/board-confidence"},"res":{"statusCode":200},"responseTime":5,"msg":"request completed"}
{"level":30,"time":1791686559193,"pid":14512,"hostname":"Beast","req":{"id":55,"method":"POST","url":"/api/matches/1/watch"},"res":{"statusCode":200},"responseTime":4,"msg":"request completed"}
{"level":30,"time":1791686559202,"pid":14512,"hostname":"Beast","req":{"id":56,"method":"GET","url":"/api/careers"},"res":{"statusCode":200},"responseTime":2,"msg":"request completed"}
{"level":30,"time":1791686559203,"pid":14512,"hostname":"Beast","req":{"id":57,"method":"HEAD","url":"/unity-build/index.html"},"res":{"statusCode":200},"responseTime":1,"msg":"request completed"}
{"level":30,"time":1791686559209,"pid":14512,"hostname":"Beast","req":{"id":58,"method":"GET","url":"/unity-build/index.html"},"res":{"statusCode":200},"responseTime":1,"msg":"request completed"}
{"level":30,"time":1791686559216,"pid":14512,"hostname":"Beast","req":{"id":59,"method":"GET","url":"/unity-build/Build/Volleyball_WebGL_Uncompressed_2.loader.js"},"res":{"statusCode":200},"responseTime":2,"msg":"request completed"}
{"level":30,"time":1791686559229,"pid":14512,"hostname":"Beast","req":{"id":60,"method":"GET","url":"/unity-build/Build/Volleyball_WebGL_Uncompressed_2.framework.js"},"res":{"statusCode":200},"responseTime":4,"msg":"request completed"}
{"level":30,"time":1791686559617,"pid":14512,"hostname":"Beast","req":{"id":61,"method":"GET","url":"/unity-build/Build/Volleyball_WebGL_Uncompressed_2.wasm"},"res":{"statusCode":200},"responseTime":364,"msg":"request completed"}
{"level":30,"time":1791686561448,"pid":14512,"hostname":"Beast","req":{"id":62,"method":"GET","url":"/unity-build/Build/Volleyball_WebGL_Uncompressed_2.data"},"res":{"statusCode":200},"responseTime":2194,"msg":"request completed"}
{"level":30,"time":1791686565044,"pid":14512,"hostname":"Beast","req":{"id":64,"method":"GET","url":"/api/unity/match-state"},"careerSaveId":1,"careerSource":"query","teamId":1,"msg":"unity/match-state career resolved"}
{"level":30,"time":1791686565048,"pid":14512,"hostname":"Beast","req":{"id":64,"method":"GET","url":"/api/unity/match-state"},"matchId":1,"status":"in_progress","playerCount":4,"msg":"unity/match-state served"}
{"level":30,"time":1791686565050,"pid":14512,"hostname":"Beast","req":{"id":64,"method":"GET","url":"/api/unity/match-state"},"res":{"statusCode":200},"responseTime":6,"msg":"request completed"}
{"level":30,"time":1791686565053,"pid":14512,"hostname":"Beast","req":{"id":63,"method":"GET","url":"/unity-build/StreamingAssets/commentary/A_serve_1.mp3"},"res":{"statusCode":200},"responseTime":10,"msg":"request completed"}
{"level":30,"time":1791686566111,"pid":14512,"hostname":"Beast","req":{"id":65,"method":"GET","url":"/unity-build/StreamingAssets/commentary/A_serve_2.mp3"},"res":{"statusCode":200},"responseTime":2,"msg":"request completed"}
{"level":30,"time":1791686566159,"pid":14512,"hostname":"Beast","req":{"id":66,"method":"GET","url":"/unity-build/StreamingAssets/commentary/A_serve_3.mp3"},"res":{"statusCode":200},"responseTime":4,"msg":"request completed"}
{"level":30,"time":1791686566226,"pid":14512,"hostname":"Beast","req":{"id":67,"method":"GET","url":"/unity-build/StreamingAssets/commentary/A_dig_1.mp3"},"res":{"statusCode":200},"responseTime":3,"msg":"request completed"}
{"level":30,"time":1791686566271,"pid":14512,"hostname":"Beast","req":{"id":68,"method":"GET","url":"/unity-build/StreamingAssets/commentary/A_dig_2.mp3"},"res":{"statusCode":200},"responseTime":4,"msg":"request completed"}
{"level":30,"time":1791686566317,"pid":14512,"hostname":"Beast","req":{"id":69,"method":"GET","url":"/unity-build/StreamingAssets/commentary/A_dig_3.mp3"},"res":{"statusCode":200},"responseTime":3,"msg":"request completed"}
{"level":30,"time":1791686566357,"pid":14512,"hostname":"Beast","req":{"id":70,"method":"GET","url":"/unity-build/StreamingAssets/commentary/A_set_1.mp3"},"res":{"statusCode":200},"responseTime":4,"msg":"request completed"}
{"level":30,"time":1791686566396,"pid":14512,"hostname":"Beast","req":{"id":71,"method":"GET","url":"/unity-build/StreamingAssets/commentary/A_set_2.mp3"},"res":{"statusCode":200},"responseTime":3,"msg":"request completed"}
{"level":30,"time":1791686566438,"pid":14512,"hostname":"Beast","req":{"id":72,"method":"GET","url":"/unity-build/StreamingAssets/commentary/A_set_3.mp3"},"res":{"statusCode":200},"responseTime":3,"msg":"request completed"}
{"level":30,"time":1791686566478,"pid":14512,"hostname":"Beast","req":{"id":73,"method":"GET","url":"/unity-build/StreamingAssets/commentary/A_spike_1.mp3"},"res":{"statusCode":200},"responseTime":4,"msg":"request completed"}
{"level":30,"time":1791686566514,"pid":14512,"hostname":"Beast","req":{"id":74,"method":"GET","url":"/unity-build/StreamingAssets/commentary/A_spike_2.mp3"},"res":{"statusCode":200},"responseTime":3,"msg":"request completed"}
{"level":30,"time":1791686566557,"pid":14512,"hostname":"Beast","req":{"id":75,"method":"GET","url":"/unity-build/StreamingAssets/commentary/A_spike_3.mp3"},"res":{"statusCode":200},"responseTime":2,"msg":"request completed"}
{"level":30,"time":1791686566603,"pid":14512,"hostname":"Beast","req":{"id":76,"method":"GET","url":"/unity-build/StreamingAssets/commentary/A_blockattempt_1.mp3"},"res":{"statusCode":200},"responseTime":3,"msg":"request completed"}
{"level":30,"time":1791686566651,"pid":14512,"hostname":"Beast","req":{"id":77,"method":"GET","url":"/unity-build/StreamingAssets/commentary/A_blockattempt_2.mp3"},"res":{"statusCode":200},"responseTime":3,"msg":"request completed"}
{"level":30,"time":1791686566699,"pid":14512,"hostname":"Beast","req":{"id":78,"method":"GET","url":"/unity-build/StreamingAssets/commentary/A_blockattempt_3.mp3"},"res":{"statusCode":200},"responseTime":2,"msg":"request completed"}
{"level":30,"time":1791686566743,"pid":14512,"hostname":"Beast","req":{"id":79,"method":"GET","url":"/unity-build/StreamingAssets/commentary/A_block_1.mp3"},"res":{"statusCode":200},"responseTime":3,"msg":"request completed"}
{"level":30,"time":1791686566789,"pid":14512,"hostname":"Beast","req":{"id":80,"method":"GET","url":"/unity-build/StreamingAssets/commentary/A_block_2.mp3"},"res":{"statusCode":200},"responseTime":2,"msg":"request completed"}
{"level":30,"time":1791686566839,"pid":14512,"hostname":"Beast","req":{"id":81,"method":"GET","url":"/unity-build/StreamingAssets/commentary/A_block_3.mp3"},"res":{"statusCode":200},"responseTime":2,"msg":"request completed"}
{"level":30,"time":1791686566885,"pid":14512,"hostname":"Beast","req":{"id":82,"method":"GET","url":"/unity-build/StreamingAssets/commentary/A_point_1.mp3"},"res":{"statusCode":200},"responseTime":2,"msg":"request completed"}
{"level":30,"time":1791686566933,"pid":14512,"hostname":"Beast","req":{"id":83,"method":"GET","url":"/unity-build/StreamingAssets/commentary/A_point_2.mp3"},"res":{"statusCode":200},"responseTime":3,"msg":"request completed"}
{"level":30,"time":1791686566975,"pid":14512,"hostname":"Beast","req":{"id":84,"method":"GET","url":"/unity-build/StreamingAssets/commentary/A_point_3.mp3"},"res":{"statusCode":200},"responseTime":2,"msg":"request completed"}
{"level":30,"time":1791686567023,"pid":14512,"hostname":"Beast","req":{"id":85,"method":"GET","url":"/unity-build/StreamingAssets/commentary/A_rally_1.mp3"},"res":{"statusCode":200},"responseTime":3,"msg":"request completed"}
{"level":30,"time":1791686567068,"pid":14512,"hostname":"Beast","req":{"id":86,"method":"GET","url":"/unity-build/StreamingAssets/commentary/A_rally_2.mp3"},"res":{"statusCode":200},"responseTime":3,"msg":"request completed"}
{"level":30,"time":1791686567116,"pid":14512,"hostname":"Beast","req":{"id":87,"method":"GET","url":"/unity-build/StreamingAssets/commentary/A_rally_3.mp3"},"res":{"statusCode":200},"responseTime":3,"msg":"request completed"}
{"level":30,"time":1791686567160,"pid":14512,"hostname":"Beast","req":{"id":88,"method":"GET","url":"/unity-build/StreamingAssets/commentary/B_serve_1.mp3"},"res":{"statusCode":200},"responseTime":3,"msg":"request completed"}
{"level":30,"time":1791686567207,"pid":14512,"hostname":"Beast","req":{"id":89,"method":"GET","url":"/unity-build/StreamingAssets/commentary/B_serve_2.mp3"},"res":{"statusCode":200},"responseTime":3,"msg":"request completed"}
{"level":30,"time":1791686567256,"pid":14512,"hostname":"Beast","req":{"id":90,"method":"GET","url":"/unity-build/StreamingAssets/commentary/B_serve_3.mp3"},"res":{"statusCode":200},"responseTime":3,"msg":"request completed"}
{"level":30,"time":1791686567302,"pid":14512,"hostname":"Beast","req":{"id":91,"method":"GET","url":"/unity-build/StreamingAssets/commentary/B_dig_1.mp3"},"res":{"statusCode":200},"responseTime":3,"msg":"request completed"}
{"level":30,"time":1791686567345,"pid":14512,"hostname":"Beast","req":{"id":92,"method":"GET","url":"/unity-build/StreamingAssets/commentary/B_dig_2.mp3"},"res":{"statusCode":200},"responseTime":3,"msg":"request completed"}
{"level":30,"time":1791686567393,"pid":14512,"hostname":"Beast","req":{"id":93,"method":"GET","url":"/unity-build/StreamingAssets/commentary/B_dig_3.mp3"},"res":{"statusCode":200},"responseTime":3,"msg":"request completed"}
{"level":30,"time":1791686567440,"pid":14512,"hostname":"Beast","req":{"id":94,"method":"GET","url":"/unity-build/StreamingAssets/commentary/B_set_1.mp3"},"res":{"statusCode":200},"responseTime":2,"msg":"request completed"}
{"level":30,"time":1791686567488,"pid":14512,"hostname":"Beast","req":{"id":95,"method":"GET","url":"/unity-build/StreamingAssets/commentary/B_set_2.mp3"},"res":{"statusCode":200},"responseTime":2,"msg":"request completed"}
{"level":30,"time":1791686567534,"pid":14512,"hostname":"Beast","req":{"id":96,"method":"GET","url":"/unity-build/StreamingAssets/commentary/B_set_3.mp3"},"res":{"statusCode":200},"responseTime":2,"msg":"request completed"}
{"level":30,"time":1791686567578,"pid":14512,"hostname":"Beast","req":{"id":97,"method":"GET","url":"/unity-build/StreamingAssets/commentary/B_spike_1.mp3"},"res":{"statusCode":200},"responseTime":2,"msg":"request completed"}
{"level":30,"time":1791686567625,"pid":14512,"hostname":"Beast","req":{"id":98,"method":"GET","url":"/unity-build/StreamingAssets/commentary/B_spike_2.mp3"},"res":{"statusCode":200},"responseTime":2,"msg":"request completed"}
{"level":30,"time":1791686567671,"pid":14512,"hostname":"Beast","req":{"id":99,"method":"GET","url":"/unity-build/StreamingAssets/commentary/B_spike_3.mp3"},"res":{"statusCode":200},"responseTime":2,"msg":"request completed"}
{"level":30,"time":1791686567718,"pid":14512,"hostname":"Beast","req":{"id":100,"method":"GET","url":"/unity-build/StreamingAssets/commentary/B_blockattempt_1.mp3"},"res":{"statusCode":200},"responseTime":3,"msg":"request completed"}
{"level":30,"time":1791686567761,"pid":14512,"hostname":"Beast","req":{"id":101,"method":"GET","url":"/unity-build/StreamingAssets/commentary/B_blockattempt_2.mp3"},"res":{"statusCode":200},"responseTime":2,"msg":"request completed"}
{"level":30,"time":1791686567807,"pid":14512,"hostname":"Beast","req":{"id":102,"method":"GET","url":"/unity-build/StreamingAssets/commentary/B_blockattempt_3.mp3"},"res":{"statusCode":200},"responseTime":2,"msg":"request completed"}
{"level":30,"time":1791686567878,"pid":14512,"hostname":"Beast","req":{"id":103,"method":"GET","url":"/unity-build/StreamingAssets/commentary/B_block_1.mp3"},"res":{"statusCode":200},"responseTime":3,"msg":"request completed"}
{"level":30,"time":1791686567924,"pid":14512,"hostname":"Beast","req":{"id":104,"method":"GET","url":"/unity-build/StreamingAssets/commentary/B_block_2.mp3"},"res":{"statusCode":200},"responseTime":3,"msg":"request completed"}
{"level":30,"time":1791686567971,"pid":14512,"hostname":"Beast","req":{"id":105,"method":"GET","url":"/unity-build/StreamingAssets/commentary/B_block_3.mp3"},"res":{"statusCode":200},"responseTime":2,"msg":"request completed"}
{"level":30,"time":1791686568018,"pid":14512,"hostname":"Beast","req":{"id":106,"method":"GET","url":"/unity-build/StreamingAssets/commentary/B_point_1.mp3"},"res":{"statusCode":200},"responseTime":3,"msg":"request completed"}
{"level":30,"time":1791686568065,"pid":14512,"hostname":"Beast","req":{"id":107,"method":"GET","url":"/unity-build/StreamingAssets/commentary/B_point_2.mp3"},"res":{"statusCode":200},"responseTime":3,"msg":"request completed"}
{"level":30,"time":1791686568095,"pid":14512,"hostname":"Beast","req":{"id":108,"method":"POST","url":"/api/unity/match-progress"},"res":{"statusCode":200},"responseTime":3,"msg":"request completed"}
{"level":30,"time":1791686568115,"pid":14512,"hostname":"Beast","req":{"id":109,"method":"GET","url":"/unity-build/StreamingAssets/commentary/B_point_3.mp3"},"res":{"statusCode":200},"responseTime":3,"msg":"request completed"}
{"level":30,"time":1791686568158,"pid":14512,"hostname":"Beast","req":{"id":110,"method":"GET","url":"/unity-build/StreamingAssets/commentary/B_rally_1.mp3"},"res":{"statusCode":200},"responseTime":2,"msg":"request completed"}
{"level":30,"time":1791686568205,"pid":14512,"hostname":"Beast","req":{"id":111,"method":"GET","url":"/unity-build/StreamingAssets/commentary/B_rally_2.mp3"},"res":{"statusCode":200},"responseTime":3,"msg":"request completed"}
{"level":30,"time":1791686568252,"pid":14512,"hostname":"Beast","req":{"id":112,"method":"GET","url":"/unity-build/StreamingAssets/commentary/B_rally_3.mp3"},"res":{"statusCode":200},"responseTime":2,"msg":"request completed"}
{"level":30,"time":1791686577285,"pid":14512,"hostname":"Beast","req":{"id":113,"method":"POST","url":"/api/unity/match-progress"},"res":{"statusCode":200},"responseTime":2,"msg":"request completed"}
{"level":30,"time":1791686586602,"pid":14512,"hostname":"Beast","req":{"id":114,"method":"POST","url":"/api/unity/match-progress"},"res":{"statusCode":200},"responseTime":3,"msg":"request completed"}
{"level":30,"time":1791686589198,"pid":14512,"hostname":"Beast","msg":"WAL checkpointed and database closed for shutdown"}
