[static-debug] PUBLIC_DIR=C:\vbe-final\artifacts\api-server\dist\public staticDir=C:\vbe-final\artifacts\api-server\dist\public exists=true
{"level":30,"time":1791688248228,"pid":19372,"hostname":"Beast","tablesChecked":57,"columnsChecked":730,"msg":"schema check: save is up to date, 0 missing columns"}
[migrate] could not drop players.outfit_id: Failed to run the query 'ALTER TABLE players DROP COLUMN outfit_id'
[migrate] could not drop staff.team_id: Failed to run the query 'ALTER TABLE staff DROP COLUMN team_id'
{"level":30,"time":1791688248228,"pid":19372,"hostname":"Beast","starterDbPath":null,"reason":"STARTER_DB_PATH not set","msg":"reference data backfill skipped"}
{"level":30,"time":1791688248246,"pid":19372,"hostname":"Beast","port":4235,"msg":"Server listening"}
{"level":30,"time":1791688248579,"pid":19372,"hostname":"Beast","req":{"id":1,"method":"GET","url":"/api/healthz"},"res":{"statusCode":200},"responseTime":4,"msg":"request completed"}
{"level":30,"time":1791688248590,"pid":19372,"hostname":"Beast","req":{"id":2,"method":"POST","url":"/api/profiles"},"res":{"statusCode":201},"responseTime":6,"msg":"request completed"}
{"level":30,"time":1791688248593,"pid":19372,"hostname":"Beast","req":{"id":3,"method":"POST","url":"/api/profiles/b293fbe5-649b-4557-889d-10fce03f6b1b/select"},"res":{"statusCode":200},"responseTime":1,"msg":"request completed"}
{"level":30,"time":1791688248605,"pid":19372,"hostname":"Beast","req":{"id":4,"method":"GET","url":"/api/club-templates"},"res":{"statusCode":200},"responseTime":3,"msg":"request completed"}
{"level":30,"time":1791688248678,"pid":19372,"hostname":"Beast","req":{"id":5,"method":"POST","url":"/api/careers"},"res":{"statusCode":200},"responseTime":64,"msg":"request completed"}
{"level":30,"time":1791688249955,"pid":19372,"hostname":"Beast","req":{"id":6,"method":"GET","url":"/"},"res":{"statusCode":200},"responseTime":3,"msg":"request completed"}
{"level":30,"time":1791688249965,"pid":19372,"hostname":"Beast","req":{"id":7,"method":"GET","url":"/assets/index-BFTloZe0.css"},"res":{"statusCode":200},"responseTime":3,"msg":"request completed"}
{"level":30,"time":1791688249972,"pid":19372,"hostname":"Beast","req":{"id":8,"method":"GET","url":"/assets/index-DF3UacLk.js"},"res":{"statusCode":200},"responseTime":9,"msg":"request completed"}
{"level":30,"time":1791688250277,"pid":19372,"hostname":"Beast","req":{"id":9,"method":"GET","url":"/api/auth/user"},"res":{"statusCode":200},"responseTime":1,"msg":"request completed"}
{"level":30,"time":1791688250278,"pid":19372,"hostname":"Beast","req":{"id":10,"method":"GET","url":"/api/seasons/current"},"res":{"statusCode":200},"responseTime":1,"msg":"request completed"}
{"level":30,"time":1791688250283,"pid":19372,"hostname":"Beast","req":{"id":11,"method":"GET","url":"/images/brand/bve-title-large.png"},"res":{"statusCode":200},"responseTime":5,"msg":"request completed"}
{"level":30,"time":1791688250298,"pid":19372,"hostname":"Beast","req":{"id":13,"method":"GET","url":"/favicon.svg"},"res":{"statusCode":200},"responseTime":1,"msg":"request completed"}
{"level":30,"time":1791688250302,"pid":19372,"hostname":"Beast","req":{"id":14,"method":"GET","url":"/api/team"},"res":{"statusCode":200},"responseTime":2,"msg":"request completed"}
{"level":30,"time":1791688250328,"pid":19372,"hostname":"Beast","req":{"id":12,"method":"GET","url":"/audio/music/beach-volleyball-empire.mp3"},"res":{"statusCode":206},"responseTime":33,"msg":"request completed"}
{"level":30,"time":1791688250367,"pid":19372,"hostname":"Beast","req":{"id":15,"method":"GET","url":"/favicon.svg"},"res":{"statusCode":304},"responseTime":1,"msg":"request completed"}
{"level":30,"time":1791688252467,"pid":19372,"hostname":"Beast","req":{"id":16,"method":"GET","url":"/"},"res":{"statusCode":304},"responseTime":1,"msg":"request completed"}
{"level":30,"time":1791688252475,"pid":19372,"hostname":"Beast","req":{"id":17,"method":"GET","url":"/assets/index-BFTloZe0.css"},"res":{"statusCode":304},"responseTime":2,"msg":"request completed"}
{"level":30,"time":1791688252475,"pid":19372,"hostname":"Beast","req":{"id":18,"method":"GET","url":"/assets/index-DF3UacLk.js"},"res":{"statusCode":304},"responseTime":1,"msg":"request completed"}
{"level":30,"time":1791688252491,"pid":19372,"hostname":"Beast","req":{"id":19,"method":"GET","url":"/images/brand/bve-title-large.png"},"res":{"statusCode":304},"responseTime":1,"msg":"request completed"}
{"level":30,"time":1791688252493,"pid":19372,"hostname":"Beast","req":{"id":20,"method":"GET","url":"/api/auth/user"},"res":{"statusCode":304},"responseTime":1,"msg":"request completed"}
{"level":30,"time":1791688252494,"pid":19372,"hostname":"Beast","req":{"id":21,"method":"GET","url":"/api/seasons/current"},"res":{"statusCode":304},"responseTime":1,"msg":"request completed"}
{"level":30,"time":1791688252497,"pid":19372,"hostname":"Beast","req":{"id":22,"method":"GET","url":"/audio/music/beach-volleyball-empire.mp3"},"res":{"statusCode":304},"responseTime":0,"msg":"request completed"}
{"level":30,"time":1791688252498,"pid":19372,"hostname":"Beast","req":{"id":23,"method":"GET","url":"/favicon.svg"},"res":{"statusCode":304},"responseTime":0,"msg":"request completed"}
{"level":30,"time":1791688252500,"pid":19372,"hostname":"Beast","req":{"id":24,"method":"GET","url":"/api/team"},"res":{"statusCode":304},"responseTime":1,"msg":"request completed"}
{"level":30,"time":1791688252518,"pid":19372,"hostname":"Beast","req":{"id":25,"method":"GET","url":"/favicon.svg"},"res":{"statusCode":304},"responseTime":2,"msg":"request completed"}
{"level":30,"time":1791688254980,"pid":19372,"hostname":"Beast","req":{"id":26,"method":"GET","url":"/api/achievements"},"res":{"statusCode":200},"responseTime":3,"msg":"request completed"}
{"level":30,"time":1791688254985,"pid":19372,"hostname":"Beast","req":{"id":27,"method":"GET","url":"/api/calendar"},"res":{"statusCode":200},"responseTime":5,"msg":"request completed"}
{"level":30,"time":1791688254987,"pid":19372,"hostname":"Beast","req":{"id":28,"method":"GET","url":"/api/calendar/round-names"},"res":{"statusCode":200},"responseTime":1,"msg":"request completed"}
{"level":30,"time":1791688254991,"pid":19372,"hostname":"Beast","req":{"id":29,"method":"GET","url":"/api/attention-items"},"res":{"statusCode":200},"responseTime":3,"msg":"request completed"}
{"level":30,"time":1791688254996,"pid":19372,"hostname":"Beast","req":{"id":30,"method":"GET","url":"/api/dashboard"},"res":{"statusCode":200},"responseTime":5,"msg":"request completed"}
{"level":30,"time":1791688254997,"pid":19372,"hostname":"Beast","req":{"id":31,"method":"GET","url":"/api/auth/user"},"res":{"statusCode":304},"responseTime":0,"msg":"request completed"}
{"level":30,"time":1791688254998,"pid":19372,"hostname":"Beast","req":{"id":32,"method":"GET","url":"/api/seasons/current"},"res":{"statusCode":304},"responseTime":1,"msg":"request completed"}
{"level":30,"time":1791688255000,"pid":19372,"hostname":"Beast","req":{"id":33,"method":"GET","url":"/api/seasons/1/ladder"},"res":{"statusCode":200},"responseTime":2,"msg":"request completed"}
{"level":30,"time":1791688255003,"pid":19372,"hostname":"Beast","req":{"id":34,"method":"GET","url":"/api/club-rating"},"res":{"statusCode":200},"responseTime":3,"msg":"request completed"}
{"level":30,"time":1791688255005,"pid":19372,"hostname":"Beast","req":{"id":35,"method":"GET","url":"/api/facilities"},"res":{"statusCode":200},"responseTime":2,"msg":"request completed"}
{"level":30,"time":1791688255015,"pid":19372,"hostname":"Beast","req":{"id":36,"method":"GET","url":"/api/news"},"res":{"statusCode":200},"responseTime":10,"msg":"request completed"}
{"level":30,"time":1791688255017,"pid":19372,"hostname":"Beast","req":{"id":37,"method":"GET","url":"/api/events/upcoming"},"res":{"statusCode":200},"responseTime":2,"msg":"request completed"}
{"level":30,"time":1791688255020,"pid":19372,"hostname":"Beast","req":{"id":38,"method":"GET","url":"/api/board-confidence"},"res":{"statusCode":200},"responseTime":2,"msg":"request completed"}
{"level":30,"time":1791688255031,"pid":19372,"hostname":"Beast","req":{"id":39,"method":"GET","url":"/images/hero-women-volleyball.webp"},"res":{"statusCode":200},"responseTime":1,"msg":"request completed"}
{"level":30,"time":1791688257258,"pid":19372,"hostname":"Beast","req":{"id":40,"method":"POST","url":"/api/calendar/next-match"},"res":{"statusCode":200},"responseTime":1854,"msg":"request completed"}
{"level":30,"time":1791688257262,"pid":19372,"hostname":"Beast","req":{"id":41,"method":"GET","url":"/api/auth/user"},"res":{"statusCode":304},"responseTime":1,"msg":"request completed"}
{"level":30,"time":1791688257262,"pid":19372,"hostname":"Beast","req":{"id":42,"method":"GET","url":"/api/team"},"res":{"statusCode":200},"responseTime":0,"msg":"request completed"}
{"level":30,"time":1791688257263,"pid":19372,"hostname":"Beast","req":{"id":43,"method":"GET","url":"/api/seasons/current"},"res":{"statusCode":200},"responseTime":1,"msg":"request completed"}
{"level":30,"time":1791688257264,"pid":19372,"hostname":"Beast","req":{"id":44,"method":"GET","url":"/api/achievements"},"res":{"statusCode":304},"responseTime":1,"msg":"request completed"}
{"level":30,"time":1791688257268,"pid":19372,"hostname":"Beast","req":{"id":45,"method":"GET","url":"/api/calendar"},"res":{"statusCode":200},"responseTime":4,"msg":"request completed"}
{"level":30,"time":1791688257269,"pid":19372,"hostname":"Beast","req":{"id":46,"method":"GET","url":"/api/calendar/round-names"},"res":{"statusCode":304},"responseTime":1,"msg":"request completed"}
{"level":30,"time":1791688257272,"pid":19372,"hostname":"Beast","req":{"id":47,"method":"GET","url":"/api/attention-items"},"res":{"statusCode":200},"responseTime":3,"msg":"request completed"}
{"level":30,"time":1791688257276,"pid":19372,"hostname":"Beast","req":{"id":48,"method":"GET","url":"/api/dashboard"},"res":{"statusCode":200},"responseTime":4,"msg":"request completed"}
{"level":30,"time":1791688257278,"pid":19372,"hostname":"Beast","req":{"id":49,"method":"GET","url":"/api/seasons/1/ladder"},"res":{"statusCode":200},"responseTime":2,"msg":"request completed"}
{"level":30,"time":1791688257280,"pid":19372,"hostname":"Beast","req":{"id":50,"method":"GET","url":"/api/club-rating"},"res":{"statusCode":304},"responseTime":2,"msg":"request completed"}
{"level":30,"time":1791688257281,"pid":19372,"hostname":"Beast","req":{"id":51,"method":"GET","url":"/api/facilities"},"res":{"statusCode":304},"responseTime":1,"msg":"request completed"}
{"level":30,"time":1791688257283,"pid":19372,"hostname":"Beast","req":{"id":52,"method":"GET","url":"/api/news"},"res":{"statusCode":304},"responseTime":2,"msg":"request completed"}
{"level":30,"time":1791688257285,"pid":19372,"hostname":"Beast","req":{"id":53,"method":"GET","url":"/api/events/upcoming"},"res":{"statusCode":200},"responseTime":2,"msg":"request completed"}
{"level":30,"time":1791688257291,"pid":19372,"hostname":"Beast","req":{"id":54,"method":"GET","url":"/api/board-confidence"},"res":{"statusCode":200},"responseTime":6,"msg":"request completed"}
{"level":30,"time":1791688257458,"pid":19372,"hostname":"Beast","req":{"id":55,"method":"POST","url":"/api/matches/1/watch"},"res":{"statusCode":200},"responseTime":4,"msg":"request completed"}
{"level":30,"time":1791688257465,"pid":19372,"hostname":"Beast","req":{"id":56,"method":"GET","url":"/api/careers"},"res":{"statusCode":200},"responseTime":1,"msg":"request completed"}
{"level":30,"time":1791688257466,"pid":19372,"hostname":"Beast","req":{"id":57,"method":"HEAD","url":"/unity-build/index.html"},"res":{"statusCode":200},"responseTime":1,"msg":"request completed"}
{"level":30,"time":1791688257474,"pid":19372,"hostname":"Beast","req":{"id":58,"method":"GET","url":"/unity-build/index.html"},"res":{"statusCode":200},"responseTime":2,"msg":"request completed"}
{"level":30,"time":1791688257480,"pid":19372,"hostname":"Beast","req":{"id":59,"method":"GET","url":"/unity-build/Build/Volleyball_WebGL_Uncompressed_2.loader.js"},"res":{"statusCode":200},"responseTime":1,"msg":"request completed"}
{"level":30,"time":1791688257492,"pid":19372,"hostname":"Beast","req":{"id":60,"method":"GET","url":"/unity-build/Build/Volleyball_WebGL_Uncompressed_2.framework.js"},"res":{"statusCode":200},"responseTime":2,"msg":"request completed"}
{"level":30,"time":1791688257889,"pid":19372,"hostname":"Beast","req":{"id":61,"method":"GET","url":"/unity-build/Build/Volleyball_WebGL_Uncompressed_2.wasm"},"res":{"statusCode":200},"responseTime":373,"msg":"request completed"}
{"level":30,"time":1791688259666,"pid":19372,"hostname":"Beast","req":{"id":62,"method":"GET","url":"/unity-build/Build/Volleyball_WebGL_Uncompressed_2.data"},"res":{"statusCode":200},"responseTime":2148,"msg":"request completed"}
{"level":30,"time":1791688263231,"pid":19372,"hostname":"Beast","req":{"id":64,"method":"GET","url":"/api/unity/match-state"},"careerSaveId":1,"careerSource":"query","teamId":1,"msg":"unity/match-state career resolved"}
{"level":30,"time":1791688263234,"pid":19372,"hostname":"Beast","req":{"id":64,"method":"GET","url":"/api/unity/match-state"},"matchId":1,"status":"in_progress","playerCount":4,"msg":"unity/match-state served"}
{"level":30,"time":1791688263239,"pid":19372,"hostname":"Beast","req":{"id":64,"method":"GET","url":"/api/unity/match-state"},"res":{"statusCode":200},"responseTime":9,"msg":"request completed"}
{"level":30,"time":1791688263239,"pid":19372,"hostname":"Beast","req":{"id":63,"method":"GET","url":"/unity-build/StreamingAssets/commentary/A_serve_1.mp3"},"res":{"statusCode":200},"responseTime":10,"msg":"request completed"}
{"level":30,"time":1791688264313,"pid":19372,"hostname":"Beast","req":{"id":65,"method":"GET","url":"/unity-build/StreamingAssets/commentary/A_serve_2.mp3"},"res":{"statusCode":200},"responseTime":2,"msg":"request completed"}
{"level":30,"time":1791688264366,"pid":19372,"hostname":"Beast","req":{"id":66,"method":"GET","url":"/unity-build/StreamingAssets/commentary/A_serve_3.mp3"},"res":{"statusCode":200},"responseTime":3,"msg":"request completed"}
{"level":30,"time":1791688264472,"pid":19372,"hostname":"Beast","req":{"id":67,"method":"GET","url":"/unity-build/StreamingAssets/commentary/A_dig_1.mp3"},"res":{"statusCode":200},"responseTime":3,"msg":"request completed"}
{"level":30,"time":1791688264489,"pid":19372,"hostname":"Beast","req":{"id":68,"method":"GET","url":"/unity-build/StreamingAssets/commentary/A_dig_2.mp3"},"res":{"statusCode":200},"responseTime":2,"msg":"request completed"}
{"level":30,"time":1791688264505,"pid":19372,"hostname":"Beast","req":{"id":69,"method":"GET","url":"/unity-build/StreamingAssets/commentary/A_dig_3.mp3"},"res":{"statusCode":200},"responseTime":2,"msg":"request completed"}
{"level":30,"time":1791688264523,"pid":19372,"hostname":"Beast","req":{"id":70,"method":"GET","url":"/unity-build/StreamingAssets/commentary/A_set_1.mp3"},"res":{"statusCode":200},"responseTime":2,"msg":"request completed"}
{"level":30,"time":1791688264539,"pid":19372,"hostname":"Beast","req":{"id":71,"method":"GET","url":"/unity-build/StreamingAssets/commentary/A_set_2.mp3"},"res":{"statusCode":200},"responseTime":2,"msg":"request completed"}
{"level":30,"time":1791688264555,"pid":19372,"hostname":"Beast","req":{"id":72,"method":"GET","url":"/unity-build/StreamingAssets/commentary/A_set_3.mp3"},"res":{"statusCode":200},"responseTime":2,"msg":"request completed"}
{"level":30,"time":1791688264572,"pid":19372,"hostname":"Beast","req":{"id":73,"method":"GET","url":"/unity-build/StreamingAssets/commentary/A_spike_1.mp3"},"res":{"statusCode":200},"responseTime":3,"msg":"request completed"}
{"level":30,"time":1791688264588,"pid":19372,"hostname":"Beast","req":{"id":74,"method":"GET","url":"/unity-build/StreamingAssets/commentary/A_spike_2.mp3"},"res":{"statusCode":200},"responseTime":2,"msg":"request completed"}
{"level":30,"time":1791688264605,"pid":19372,"hostname":"Beast","req":{"id":75,"method":"GET","url":"/unity-build/StreamingAssets/commentary/A_spike_3.mp3"},"res":{"statusCode":200},"responseTime":2,"msg":"request completed"}
{"level":30,"time":1791688264622,"pid":19372,"hostname":"Beast","req":{"id":76,"method":"GET","url":"/unity-build/StreamingAssets/commentary/A_blockattempt_1.mp3"},"res":{"statusCode":200},"responseTime":2,"msg":"request completed"}
{"level":30,"time":1791688264638,"pid":19372,"hostname":"Beast","req":{"id":77,"method":"GET","url":"/unity-build/StreamingAssets/commentary/A_blockattempt_2.mp3"},"res":{"statusCode":200},"responseTime":2,"msg":"request completed"}
{"level":30,"time":1791688264655,"pid":19372,"hostname":"Beast","req":{"id":78,"method":"GET","url":"/unity-build/StreamingAssets/commentary/A_blockattempt_3.mp3"},"res":{"statusCode":200},"responseTime":2,"msg":"request completed"}
{"level":30,"time":1791688264671,"pid":19372,"hostname":"Beast","req":{"id":79,"method":"GET","url":"/unity-build/StreamingAssets/commentary/A_block_1.mp3"},"res":{"statusCode":200},"responseTime":2,"msg":"request completed"}
{"level":30,"time":1791688264689,"pid":19372,"hostname":"Beast","req":{"id":80,"method":"GET","url":"/unity-build/StreamingAssets/commentary/A_block_2.mp3"},"res":{"statusCode":200},"responseTime":2,"msg":"request completed"}
{"level":30,"time":1791688264704,"pid":19372,"hostname":"Beast","req":{"id":81,"method":"GET","url":"/unity-build/StreamingAssets/commentary/A_block_3.mp3"},"res":{"statusCode":200},"responseTime":2,"msg":"request completed"}
{"level":30,"time":1791688264722,"pid":19372,"hostname":"Beast","req":{"id":82,"method":"GET","url":"/unity-build/StreamingAssets/commentary/A_point_1.mp3"},"res":{"statusCode":200},"responseTime":3,"msg":"request completed"}
{"level":30,"time":1791688264740,"pid":19372,"hostname":"Beast","req":{"id":83,"method":"GET","url":"/unity-build/StreamingAssets/commentary/A_point_2.mp3"},"res":{"statusCode":200},"responseTime":3,"msg":"request completed"}
{"level":30,"time":1791688264755,"pid":19372,"hostname":"Beast","req":{"id":84,"method":"GET","url":"/unity-build/StreamingAssets/commentary/A_point_3.mp3"},"res":{"statusCode":200},"responseTime":2,"msg":"request completed"}
{"level":30,"time":1791688264771,"pid":19372,"hostname":"Beast","req":{"id":85,"method":"GET","url":"/unity-build/StreamingAssets/commentary/A_rally_1.mp3"},"res":{"statusCode":200},"responseTime":2,"msg":"request completed"}
{"level":30,"time":1791688264788,"pid":19372,"hostname":"Beast","req":{"id":86,"method":"GET","url":"/unity-build/StreamingAssets/commentary/A_rally_2.mp3"},"res":{"statusCode":200},"responseTime":2,"msg":"request completed"}
{"level":30,"time":1791688264804,"pid":19372,"hostname":"Beast","req":{"id":87,"method":"GET","url":"/unity-build/StreamingAssets/commentary/A_rally_3.mp3"},"res":{"statusCode":200},"responseTime":2,"msg":"request completed"}
{"level":30,"time":1791688264821,"pid":19372,"hostname":"Beast","req":{"id":88,"method":"GET","url":"/unity-build/StreamingAssets/commentary/B_serve_1.mp3"},"res":{"statusCode":200},"responseTime":2,"msg":"request completed"}
{"level":30,"time":1791688264838,"pid":19372,"hostname":"Beast","req":{"id":89,"method":"GET","url":"/unity-build/StreamingAssets/commentary/B_serve_2.mp3"},"res":{"statusCode":200},"responseTime":2,"msg":"request completed"}
{"level":30,"time":1791688264855,"pid":19372,"hostname":"Beast","req":{"id":90,"method":"GET","url":"/unity-build/StreamingAssets/commentary/B_serve_3.mp3"},"res":{"statusCode":200},"responseTime":2,"msg":"request completed"}
{"level":30,"time":1791688264871,"pid":19372,"hostname":"Beast","req":{"id":91,"method":"GET","url":"/unity-build/StreamingAssets/commentary/B_dig_1.mp3"},"res":{"statusCode":200},"responseTime":2,"msg":"request completed"}
{"level":30,"time":1791688264889,"pid":19372,"hostname":"Beast","req":{"id":92,"method":"GET","url":"/unity-build/StreamingAssets/commentary/B_dig_2.mp3"},"res":{"statusCode":200},"responseTime":2,"msg":"request completed"}
{"level":30,"time":1791688264905,"pid":19372,"hostname":"Beast","req":{"id":93,"method":"GET","url":"/unity-build/StreamingAssets/commentary/B_dig_3.mp3"},"res":{"statusCode":200},"responseTime":2,"msg":"request completed"}
{"level":30,"time":1791688264921,"pid":19372,"hostname":"Beast","req":{"id":94,"method":"GET","url":"/unity-build/StreamingAssets/commentary/B_set_1.mp3"},"res":{"statusCode":200},"responseTime":2,"msg":"request completed"}
{"level":30,"time":1791688264938,"pid":19372,"hostname":"Beast","req":{"id":95,"method":"GET","url":"/unity-build/StreamingAssets/commentary/B_set_2.mp3"},"res":{"statusCode":200},"responseTime":2,"msg":"request completed"}
{"level":30,"time":1791688264956,"pid":19372,"hostname":"Beast","req":{"id":96,"method":"GET","url":"/unity-build/StreamingAssets/commentary/B_set_3.mp3"},"res":{"statusCode":200},"responseTime":2,"msg":"request completed"}
{"level":30,"time":1791688264971,"pid":19372,"hostname":"Beast","req":{"id":97,"method":"GET","url":"/unity-build/StreamingAssets/commentary/B_spike_1.mp3"},"res":{"statusCode":200},"responseTime":2,"msg":"request completed"}
{"level":30,"time":1791688264988,"pid":19372,"hostname":"Beast","req":{"id":98,"method":"GET","url":"/unity-build/StreamingAssets/commentary/B_spike_2.mp3"},"res":{"statusCode":200},"responseTime":2,"msg":"request completed"}
{"level":30,"time":1791688265005,"pid":19372,"hostname":"Beast","req":{"id":99,"method":"GET","url":"/unity-build/StreamingAssets/commentary/B_spike_3.mp3"},"res":{"statusCode":200},"responseTime":2,"msg":"request completed"}
{"level":30,"time":1791688265021,"pid":19372,"hostname":"Beast","req":{"id":100,"method":"GET","url":"/unity-build/StreamingAssets/commentary/B_blockattempt_1.mp3"},"res":{"statusCode":200},"responseTime":2,"msg":"request completed"}
{"level":30,"time":1791688265038,"pid":19372,"hostname":"Beast","req":{"id":101,"method":"GET","url":"/unity-build/StreamingAssets/commentary/B_blockattempt_2.mp3"},"res":{"statusCode":200},"responseTime":2,"msg":"request completed"}
{"level":30,"time":1791688265055,"pid":19372,"hostname":"Beast","req":{"id":102,"method":"GET","url":"/unity-build/StreamingAssets/commentary/B_blockattempt_3.mp3"},"res":{"statusCode":200},"responseTime":2,"msg":"request completed"}
{"level":30,"time":1791688265072,"pid":19372,"hostname":"Beast","req":{"id":103,"method":"GET","url":"/unity-build/StreamingAssets/commentary/B_block_1.mp3"},"res":{"statusCode":200},"responseTime":3,"msg":"request completed"}
{"level":30,"time":1791688265089,"pid":19372,"hostname":"Beast","req":{"id":104,"method":"GET","url":"/unity-build/StreamingAssets/commentary/B_block_2.mp3"},"res":{"statusCode":200},"responseTime":2,"msg":"request completed"}
{"level":30,"time":1791688265105,"pid":19372,"hostname":"Beast","req":{"id":105,"method":"GET","url":"/unity-build/StreamingAssets/commentary/B_block_3.mp3"},"res":{"statusCode":200},"responseTime":2,"msg":"request completed"}
{"level":30,"time":1791688265122,"pid":19372,"hostname":"Beast","req":{"id":106,"method":"GET","url":"/unity-build/StreamingAssets/commentary/B_point_1.mp3"},"res":{"statusCode":200},"responseTime":2,"msg":"request completed"}
{"level":30,"time":1791688265138,"pid":19372,"hostname":"Beast","req":{"id":107,"method":"GET","url":"/unity-build/StreamingAssets/commentary/B_point_2.mp3"},"res":{"statusCode":200},"responseTime":2,"msg":"request completed"}
{"level":30,"time":1791688265155,"pid":19372,"hostname":"Beast","req":{"id":108,"method":"GET","url":"/unity-build/StreamingAssets/commentary/B_point_3.mp3"},"res":{"statusCode":200},"responseTime":2,"msg":"request completed"}
{"level":30,"time":1791688265172,"pid":19372,"hostname":"Beast","req":{"id":109,"method":"GET","url":"/unity-build/StreamingAssets/commentary/B_rally_1.mp3"},"res":{"statusCode":200},"responseTime":2,"msg":"request completed"}
{"level":30,"time":1791688265209,"pid":19372,"hostname":"Beast","req":{"id":110,"method":"GET","url":"/unity-build/StreamingAssets/commentary/B_rally_2.mp3"},"res":{"statusCode":200},"responseTime":2,"msg":"request completed"}
{"level":30,"time":1791688265245,"pid":19372,"hostname":"Beast","req":{"id":111,"method":"GET","url":"/unity-build/StreamingAssets/commentary/B_rally_3.mp3"},"res":{"statusCode":200},"responseTime":2,"msg":"request completed"}
{"level":30,"time":1791688271212,"pid":19372,"hostname":"Beast","req":{"id":112,"method":"POST","url":"/api/unity/match-progress"},"res":{"statusCode":200},"responseTime":3,"msg":"request completed"}
{"level":30,"time":1791688275125,"pid":19372,"hostname":"Beast","req":{"id":113,"method":"POST","url":"/api/unity/match-progress"},"res":{"statusCode":200},"responseTime":2,"msg":"request completed"}
{"level":30,"time":1791688286144,"pid":19372,"hostname":"Beast","req":{"id":114,"method":"POST","url":"/api/unity/match-progress"},"res":{"statusCode":200},"responseTime":3,"msg":"request completed"}
{"level":30,"time":1791688295384,"pid":19372,"hostname":"Beast","req":{"id":115,"method":"POST","url":"/api/unity/match-progress"},"res":{"statusCode":200},"responseTime":2,"msg":"request completed"}
{"level":30,"time":1791688299713,"pid":19372,"hostname":"Beast","req":{"id":116,"method":"POST","url":"/api/unity/match-progress"},"res":{"statusCode":200},"responseTime":2,"msg":"request completed"}
{"level":30,"time":1791688313052,"pid":19372,"hostname":"Beast","req":{"id":117,"method":"POST","url":"/api/unity/match-progress"},"res":{"statusCode":200},"responseTime":3,"msg":"request completed"}
{"level":30,"time":1791688321762,"pid":19372,"hostname":"Beast","req":{"id":118,"method":"POST","url":"/api/unity/match-progress"},"res":{"statusCode":200},"responseTime":3,"msg":"request completed"}
{"level":30,"time":1791688324225,"pid":19372,"hostname":"Beast","req":{"id":119,"method":"POST","url":"/api/unity/match-progress"},"res":{"statusCode":200},"responseTime":3,"msg":"request completed"}
{"level":30,"time":1791688328312,"pid":19372,"hostname":"Beast","req":{"id":120,"method":"POST","url":"/api/unity/match-progress"},"res":{"statusCode":200},"responseTime":3,"msg":"request completed"}
{"level":30,"time":1791688337185,"pid":19372,"hostname":"Beast","req":{"id":121,"method":"POST","url":"/api/unity/match-progress"},"res":{"statusCode":200},"responseTime":3,"msg":"request completed"}
{"level":30,"time":1791688349265,"pid":19372,"hostname":"Beast","req":{"id":122,"method":"POST","url":"/api/unity/match-progress"},"res":{"statusCode":200},"responseTime":3,"msg":"request completed"}
{"level":30,"time":1791688353466,"pid":19372,"hostname":"Beast","req":{"id":123,"method":"POST","url":"/api/unity/match-progress"},"res":{"statusCode":200},"responseTime":3,"msg":"request completed"}
{"level":30,"time":1791688356103,"pid":19372,"hostname":"Beast","req":{"id":124,"method":"POST","url":"/api/unity/match-progress"},"res":{"statusCode":200},"responseTime":2,"msg":"request completed"}
{"level":30,"time":1791688364475,"pid":19372,"hostname":"Beast","req":{"id":125,"method":"POST","url":"/api/unity/match-progress"},"res":{"statusCode":200},"responseTime":2,"msg":"request completed"}
{"level":30,"time":1791688368490,"pid":19372,"hostname":"Beast","req":{"id":126,"method":"POST","url":"/api/unity/match-progress"},"res":{"statusCode":200},"responseTime":3,"msg":"request completed"}
{"level":30,"time":1791688372367,"pid":19372,"hostname":"Beast","req":{"id":127,"method":"POST","url":"/api/unity/match-progress"},"res":{"statusCode":200},"responseTime":2,"msg":"request completed"}
{"level":30,"time":1791688395653,"pid":19372,"hostname":"Beast","req":{"id":128,"method":"POST","url":"/api/unity/match-progress"},"res":{"statusCode":200},"responseTime":2,"msg":"request completed"}
{"level":30,"time":1791688401702,"pid":19372,"hostname":"Beast","req":{"id":129,"method":"POST","url":"/api/unity/match-progress"},"res":{"statusCode":200},"responseTime":3,"msg":"request completed"}
{"level":30,"time":1791688407345,"pid":19372,"hostname":"Beast","req":{"id":130,"method":"POST","url":"/api/unity/match-progress"},"res":{"statusCode":200},"responseTime":3,"msg":"request completed"}
{"level":30,"time":1791688409835,"pid":19372,"hostname":"Beast","req":{"id":131,"method":"POST","url":"/api/unity/match-progress"},"res":{"statusCode":200},"responseTime":2,"msg":"request completed"}
{"level":30,"time":1791688420467,"pid":19372,"hostname":"Beast","req":{"id":132,"method":"POST","url":"/api/unity/match-progress"},"res":{"statusCode":200},"responseTime":2,"msg":"request completed"}
{"level":30,"time":1791688423031,"pid":19372,"hostname":"Beast","req":{"id":133,"method":"POST","url":"/api/unity/match-progress"},"res":{"statusCode":200},"responseTime":2,"msg":"request completed"}
{"level":30,"time":1791688425678,"pid":19372,"hostname":"Beast","req":{"id":134,"method":"POST","url":"/api/unity/match-progress"},"res":{"statusCode":200},"responseTime":2,"msg":"request completed"}
{"level":30,"time":1791688428182,"pid":19372,"hostname":"Beast","msg":"WAL checkpointed and database closed for shutdown"}
