[static-debug] PUBLIC_DIR=C:\vbe-final\artifacts\api-server\dist\public staticDir=C:\vbe-final\artifacts\api-server\dist\public exists=true
{"level":30,"time":1791688460414,"pid":26304,"hostname":"Beast","tablesChecked":57,"columnsChecked":730,"msg":"schema check: save is up to date, 0 missing columns"}
[migrate] could not drop players.outfit_id: Failed to run the query 'ALTER TABLE players DROP COLUMN outfit_id'
[migrate] could not drop staff.team_id: Failed to run the query 'ALTER TABLE staff DROP COLUMN team_id'
{"level":30,"time":1791688460415,"pid":26304,"hostname":"Beast","starterDbPath":null,"reason":"STARTER_DB_PATH not set","msg":"reference data backfill skipped"}
{"level":30,"time":1791688460432,"pid":26304,"hostname":"Beast","port":4235,"msg":"Server listening"}
{"level":30,"time":1791688460760,"pid":26304,"hostname":"Beast","req":{"id":1,"method":"GET","url":"/api/healthz"},"res":{"statusCode":200},"responseTime":4,"msg":"request completed"}
{"level":30,"time":1791688460780,"pid":26304,"hostname":"Beast","req":{"id":2,"method":"POST","url":"/api/profiles"},"res":{"statusCode":201},"responseTime":15,"msg":"request completed"}
{"level":30,"time":1791688460800,"pid":26304,"hostname":"Beast","req":{"id":3,"method":"POST","url":"/api/profiles/3dd78734-60f9-4115-ac4d-293bbdeb554a/select"},"res":{"statusCode":200},"responseTime":1,"msg":"request completed"}
{"level":30,"time":1791688460809,"pid":26304,"hostname":"Beast","req":{"id":4,"method":"GET","url":"/api/club-templates"},"res":{"statusCode":200},"responseTime":2,"msg":"request completed"}
{"level":30,"time":1791688460878,"pid":26304,"hostname":"Beast","req":{"id":5,"method":"POST","url":"/api/careers"},"res":{"statusCode":200},"responseTime":65,"msg":"request completed"}
{"level":30,"time":1791688462142,"pid":26304,"hostname":"Beast","req":{"id":6,"method":"GET","url":"/"},"res":{"statusCode":200},"responseTime":2,"msg":"request completed"}
{"level":30,"time":1791688462151,"pid":26304,"hostname":"Beast","req":{"id":7,"method":"GET","url":"/assets/index-BFTloZe0.css"},"res":{"statusCode":200},"responseTime":3,"msg":"request completed"}
{"level":30,"time":1791688462160,"pid":26304,"hostname":"Beast","req":{"id":8,"method":"GET","url":"/assets/index-DF3UacLk.js"},"res":{"statusCode":200},"responseTime":11,"msg":"request completed"}
{"level":30,"time":1791688462487,"pid":26304,"hostname":"Beast","req":{"id":9,"method":"GET","url":"/api/auth/user"},"res":{"statusCode":200},"responseTime":1,"msg":"request completed"}
{"level":30,"time":1791688462489,"pid":26304,"hostname":"Beast","req":{"id":10,"method":"GET","url":"/api/seasons/current"},"res":{"statusCode":200},"responseTime":1,"msg":"request completed"}
{"level":30,"time":1791688462493,"pid":26304,"hostname":"Beast","req":{"id":11,"method":"GET","url":"/images/brand/bve-title-large.png"},"res":{"statusCode":200},"responseTime":4,"msg":"request completed"}
{"level":30,"time":1791688462506,"pid":26304,"hostname":"Beast","req":{"id":13,"method":"GET","url":"/favicon.svg"},"res":{"statusCode":200},"responseTime":2,"msg":"request completed"}
{"level":30,"time":1791688462508,"pid":26304,"hostname":"Beast","req":{"id":14,"method":"GET","url":"/api/team"},"res":{"statusCode":200},"responseTime":1,"msg":"request completed"}
{"level":30,"time":1791688462522,"pid":26304,"hostname":"Beast","req":{"id":12,"method":"GET","url":"/audio/music/beach-volleyball-empire.mp3"},"res":{"statusCode":206},"responseTime":19,"msg":"request completed"}
{"level":30,"time":1791688462582,"pid":26304,"hostname":"Beast","req":{"id":15,"method":"GET","url":"/favicon.svg"},"res":{"statusCode":304},"responseTime":1,"msg":"request completed"}
{"level":30,"time":1791688464664,"pid":26304,"hostname":"Beast","req":{"id":16,"method":"GET","url":"/"},"res":{"statusCode":304},"responseTime":1,"msg":"request completed"}
{"level":30,"time":1791688464671,"pid":26304,"hostname":"Beast","req":{"id":17,"method":"GET","url":"/assets/index-BFTloZe0.css"},"res":{"statusCode":304},"responseTime":1,"msg":"request completed"}
{"level":30,"time":1791688464671,"pid":26304,"hostname":"Beast","req":{"id":18,"method":"GET","url":"/assets/index-DF3UacLk.js"},"res":{"statusCode":304},"responseTime":1,"msg":"request completed"}
{"level":30,"time":1791688464688,"pid":26304,"hostname":"Beast","req":{"id":19,"method":"GET","url":"/images/brand/bve-title-large.png"},"res":{"statusCode":304},"responseTime":1,"msg":"request completed"}
{"level":30,"time":1791688464690,"pid":26304,"hostname":"Beast","req":{"id":20,"method":"GET","url":"/api/auth/user"},"res":{"statusCode":304},"responseTime":1,"msg":"request completed"}
{"level":30,"time":1791688464691,"pid":26304,"hostname":"Beast","req":{"id":21,"method":"GET","url":"/api/seasons/current"},"res":{"statusCode":304},"responseTime":1,"msg":"request completed"}
{"level":30,"time":1791688464696,"pid":26304,"hostname":"Beast","req":{"id":22,"method":"GET","url":"/audio/music/beach-volleyball-empire.mp3"},"res":{"statusCode":304},"responseTime":1,"msg":"request completed"}
{"level":30,"time":1791688464696,"pid":26304,"hostname":"Beast","req":{"id":23,"method":"GET","url":"/favicon.svg"},"res":{"statusCode":304},"responseTime":1,"msg":"request completed"}
{"level":30,"time":1791688464698,"pid":26304,"hostname":"Beast","req":{"id":24,"method":"GET","url":"/api/team"},"res":{"statusCode":304},"responseTime":1,"msg":"request completed"}
{"level":30,"time":1791688464715,"pid":26304,"hostname":"Beast","req":{"id":25,"method":"GET","url":"/favicon.svg"},"res":{"statusCode":304},"responseTime":1,"msg":"request completed"}
{"level":30,"time":1791688467179,"pid":26304,"hostname":"Beast","req":{"id":26,"method":"GET","url":"/api/achievements"},"res":{"statusCode":200},"responseTime":3,"msg":"request completed"}
{"level":30,"time":1791688467183,"pid":26304,"hostname":"Beast","req":{"id":27,"method":"GET","url":"/api/calendar"},"res":{"statusCode":200},"responseTime":4,"msg":"request completed"}
{"level":30,"time":1791688467187,"pid":26304,"hostname":"Beast","req":{"id":28,"method":"GET","url":"/api/calendar/round-names"},"res":{"statusCode":200},"responseTime":2,"msg":"request completed"}
{"level":30,"time":1791688467190,"pid":26304,"hostname":"Beast","req":{"id":29,"method":"GET","url":"/api/attention-items"},"res":{"statusCode":200},"responseTime":3,"msg":"request completed"}
{"level":30,"time":1791688467196,"pid":26304,"hostname":"Beast","req":{"id":30,"method":"GET","url":"/api/dashboard"},"res":{"statusCode":200},"responseTime":6,"msg":"request completed"}
{"level":30,"time":1791688467197,"pid":26304,"hostname":"Beast","req":{"id":31,"method":"GET","url":"/api/auth/user"},"res":{"statusCode":304},"responseTime":1,"msg":"request completed"}
{"level":30,"time":1791688467197,"pid":26304,"hostname":"Beast","req":{"id":32,"method":"GET","url":"/api/seasons/current"},"res":{"statusCode":304},"responseTime":0,"msg":"request completed"}
{"level":30,"time":1791688467199,"pid":26304,"hostname":"Beast","req":{"id":33,"method":"GET","url":"/api/seasons/1/ladder"},"res":{"statusCode":200},"responseTime":1,"msg":"request completed"}
{"level":30,"time":1791688467203,"pid":26304,"hostname":"Beast","req":{"id":34,"method":"GET","url":"/api/club-rating"},"res":{"statusCode":200},"responseTime":3,"msg":"request completed"}
{"level":30,"time":1791688467204,"pid":26304,"hostname":"Beast","req":{"id":35,"method":"GET","url":"/api/facilities"},"res":{"statusCode":200},"responseTime":1,"msg":"request completed"}
{"level":30,"time":1791688467215,"pid":26304,"hostname":"Beast","req":{"id":36,"method":"GET","url":"/api/news"},"res":{"statusCode":200},"responseTime":11,"msg":"request completed"}
{"level":30,"time":1791688467218,"pid":26304,"hostname":"Beast","req":{"id":37,"method":"GET","url":"/api/events/upcoming"},"res":{"statusCode":200},"responseTime":3,"msg":"request completed"}
{"level":30,"time":1791688467221,"pid":26304,"hostname":"Beast","req":{"id":38,"method":"GET","url":"/api/board-confidence"},"res":{"statusCode":200},"responseTime":2,"msg":"request completed"}
{"level":30,"time":1791688467223,"pid":26304,"hostname":"Beast","req":{"id":39,"method":"GET","url":"/images/hero-women-volleyball.webp"},"res":{"statusCode":200},"responseTime":2,"msg":"request completed"}
{"level":30,"time":1791688469511,"pid":26304,"hostname":"Beast","req":{"id":40,"method":"POST","url":"/api/calendar/next-match"},"res":{"statusCode":200},"responseTime":1908,"msg":"request completed"}
{"level":30,"time":1791688469515,"pid":26304,"hostname":"Beast","req":{"id":41,"method":"GET","url":"/api/auth/user"},"res":{"statusCode":304},"responseTime":1,"msg":"request completed"}
{"level":30,"time":1791688469516,"pid":26304,"hostname":"Beast","req":{"id":42,"method":"GET","url":"/api/team"},"res":{"statusCode":200},"responseTime":1,"msg":"request completed"}
{"level":30,"time":1791688469516,"pid":26304,"hostname":"Beast","req":{"id":43,"method":"GET","url":"/api/seasons/current"},"res":{"statusCode":200},"responseTime":0,"msg":"request completed"}
{"level":30,"time":1791688469517,"pid":26304,"hostname":"Beast","req":{"id":44,"method":"GET","url":"/api/achievements"},"res":{"statusCode":304},"responseTime":1,"msg":"request completed"}
{"level":30,"time":1791688469522,"pid":26304,"hostname":"Beast","req":{"id":45,"method":"GET","url":"/api/calendar"},"res":{"statusCode":200},"responseTime":3,"msg":"request completed"}
{"level":30,"time":1791688469523,"pid":26304,"hostname":"Beast","req":{"id":46,"method":"GET","url":"/api/calendar/round-names"},"res":{"statusCode":304},"responseTime":1,"msg":"request completed"}
{"level":30,"time":1791688469525,"pid":26304,"hostname":"Beast","req":{"id":47,"method":"GET","url":"/api/attention-items"},"res":{"statusCode":200},"responseTime":2,"msg":"request completed"}
{"level":30,"time":1791688469529,"pid":26304,"hostname":"Beast","req":{"id":48,"method":"GET","url":"/api/dashboard"},"res":{"statusCode":200},"responseTime":4,"msg":"request completed"}
{"level":30,"time":1791688469531,"pid":26304,"hostname":"Beast","req":{"id":49,"method":"GET","url":"/api/seasons/1/ladder"},"res":{"statusCode":200},"responseTime":1,"msg":"request completed"}
{"level":30,"time":1791688469533,"pid":26304,"hostname":"Beast","req":{"id":50,"method":"GET","url":"/api/club-rating"},"res":{"statusCode":304},"responseTime":2,"msg":"request completed"}
{"level":30,"time":1791688469534,"pid":26304,"hostname":"Beast","req":{"id":51,"method":"GET","url":"/api/facilities"},"res":{"statusCode":304},"responseTime":1,"msg":"request completed"}
{"level":30,"time":1791688469536,"pid":26304,"hostname":"Beast","req":{"id":52,"method":"GET","url":"/api/news"},"res":{"statusCode":304},"responseTime":2,"msg":"request completed"}
{"level":30,"time":1791688469539,"pid":26304,"hostname":"Beast","req":{"id":53,"method":"GET","url":"/api/events/upcoming"},"res":{"statusCode":200},"responseTime":3,"msg":"request completed"}
{"level":30,"time":1791688469543,"pid":26304,"hostname":"Beast","req":{"id":54,"method":"GET","url":"/api/board-confidence"},"res":{"statusCode":200},"responseTime":4,"msg":"request completed"}
{"level":30,"time":1791688469665,"pid":26304,"hostname":"Beast","req":{"id":55,"method":"POST","url":"/api/matches/1/watch"},"res":{"statusCode":200},"responseTime":4,"msg":"request completed"}
{"level":30,"time":1791688469673,"pid":26304,"hostname":"Beast","req":{"id":56,"method":"GET","url":"/api/careers"},"res":{"statusCode":200},"responseTime":1,"msg":"request completed"}
{"level":30,"time":1791688469675,"pid":26304,"hostname":"Beast","req":{"id":57,"method":"HEAD","url":"/unity-build/index.html"},"res":{"statusCode":200},"responseTime":1,"msg":"request completed"}
{"level":30,"time":1791688469682,"pid":26304,"hostname":"Beast","req":{"id":58,"method":"GET","url":"/unity-build/index.html"},"res":{"statusCode":200},"responseTime":2,"msg":"request completed"}
{"level":30,"time":1791688469688,"pid":26304,"hostname":"Beast","req":{"id":59,"method":"GET","url":"/unity-build/Build/Volleyball_WebGL_Uncompressed_2.loader.js"},"res":{"statusCode":200},"responseTime":1,"msg":"request completed"}
{"level":30,"time":1791688469701,"pid":26304,"hostname":"Beast","req":{"id":60,"method":"GET","url":"/unity-build/Build/Volleyball_WebGL_Uncompressed_2.framework.js"},"res":{"statusCode":200},"responseTime":2,"msg":"request completed"}
{"level":30,"time":1791688470100,"pid":26304,"hostname":"Beast","req":{"id":61,"method":"GET","url":"/unity-build/Build/Volleyball_WebGL_Uncompressed_2.wasm"},"res":{"statusCode":200},"responseTime":376,"msg":"request completed"}
{"level":30,"time":1791688471897,"pid":26304,"hostname":"Beast","req":{"id":62,"method":"GET","url":"/unity-build/Build/Volleyball_WebGL_Uncompressed_2.data"},"res":{"statusCode":200},"responseTime":2172,"msg":"request completed"}
{"level":30,"time":1791688475502,"pid":26304,"hostname":"Beast","req":{"id":64,"method":"GET","url":"/api/unity/match-state"},"careerSaveId":1,"careerSource":"query","teamId":1,"msg":"unity/match-state career resolved"}
{"level":30,"time":1791688475505,"pid":26304,"hostname":"Beast","req":{"id":64,"method":"GET","url":"/api/unity/match-state"},"matchId":1,"status":"in_progress","playerCount":4,"msg":"unity/match-state served"}
{"level":30,"time":1791688475509,"pid":26304,"hostname":"Beast","req":{"id":64,"method":"GET","url":"/api/unity/match-state"},"res":{"statusCode":200},"responseTime":8,"msg":"request completed"}
{"level":30,"time":1791688475510,"pid":26304,"hostname":"Beast","req":{"id":63,"method":"GET","url":"/unity-build/StreamingAssets/commentary/A_serve_1.mp3"},"res":{"statusCode":200},"responseTime":10,"msg":"request completed"}
{"level":30,"time":1791688476603,"pid":26304,"hostname":"Beast","req":{"id":65,"method":"GET","url":"/unity-build/StreamingAssets/commentary/A_serve_2.mp3"},"res":{"statusCode":200},"responseTime":2,"msg":"request completed"}
{"level":30,"time":1791688476654,"pid":26304,"hostname":"Beast","req":{"id":66,"method":"GET","url":"/unity-build/StreamingAssets/commentary/A_serve_3.mp3"},"res":{"statusCode":200},"responseTime":3,"msg":"request completed"}
{"level":30,"time":1791688476703,"pid":26304,"hostname":"Beast","req":{"id":67,"method":"GET","url":"/unity-build/StreamingAssets/commentary/A_dig_1.mp3"},"res":{"statusCode":200},"responseTime":3,"msg":"request completed"}
{"level":30,"time":1791688476744,"pid":26304,"hostname":"Beast","req":{"id":68,"method":"GET","url":"/unity-build/StreamingAssets/commentary/A_dig_2.mp3"},"res":{"statusCode":200},"responseTime":2,"msg":"request completed"}
{"level":30,"time":1791688476785,"pid":26304,"hostname":"Beast","req":{"id":69,"method":"GET","url":"/unity-build/StreamingAssets/commentary/A_dig_3.mp3"},"res":{"statusCode":200},"responseTime":2,"msg":"request completed"}
{"level":30,"time":1791688476826,"pid":26304,"hostname":"Beast","req":{"id":70,"method":"GET","url":"/unity-build/StreamingAssets/commentary/A_set_1.mp3"},"res":{"statusCode":200},"responseTime":3,"msg":"request completed"}
{"level":30,"time":1791688476867,"pid":26304,"hostname":"Beast","req":{"id":71,"method":"GET","url":"/unity-build/StreamingAssets/commentary/A_set_2.mp3"},"res":{"statusCode":200},"responseTime":2,"msg":"request completed"}
{"level":30,"time":1791688476906,"pid":26304,"hostname":"Beast","req":{"id":72,"method":"GET","url":"/unity-build/StreamingAssets/commentary/A_set_3.mp3"},"res":{"statusCode":200},"responseTime":2,"msg":"request completed"}
{"level":30,"time":1791688476945,"pid":26304,"hostname":"Beast","req":{"id":73,"method":"GET","url":"/unity-build/StreamingAssets/commentary/A_spike_1.mp3"},"res":{"statusCode":200},"responseTime":2,"msg":"request completed"}
{"level":30,"time":1791688476983,"pid":26304,"hostname":"Beast","req":{"id":74,"method":"GET","url":"/unity-build/StreamingAssets/commentary/A_spike_2.mp3"},"res":{"statusCode":200},"responseTime":3,"msg":"request completed"}
{"level":30,"time":1791688477022,"pid":26304,"hostname":"Beast","req":{"id":75,"method":"GET","url":"/unity-build/StreamingAssets/commentary/A_spike_3.mp3"},"res":{"statusCode":200},"responseTime":3,"msg":"request completed"}
{"level":30,"time":1791688477061,"pid":26304,"hostname":"Beast","req":{"id":76,"method":"GET","url":"/unity-build/StreamingAssets/commentary/A_blockattempt_1.mp3"},"res":{"statusCode":200},"responseTime":2,"msg":"request completed"}
{"level":30,"time":1791688477105,"pid":26304,"hostname":"Beast","req":{"id":77,"method":"GET","url":"/unity-build/StreamingAssets/commentary/A_blockattempt_2.mp3"},"res":{"statusCode":200},"responseTime":2,"msg":"request completed"}
{"level":30,"time":1791688477148,"pid":26304,"hostname":"Beast","req":{"id":78,"method":"GET","url":"/unity-build/StreamingAssets/commentary/A_blockattempt_3.mp3"},"res":{"statusCode":200},"responseTime":2,"msg":"request completed"}
{"level":30,"time":1791688477196,"pid":26304,"hostname":"Beast","req":{"id":79,"method":"GET","url":"/unity-build/StreamingAssets/commentary/A_block_1.mp3"},"res":{"statusCode":200},"responseTime":2,"msg":"request completed"}
{"level":30,"time":1791688477241,"pid":26304,"hostname":"Beast","req":{"id":80,"method":"GET","url":"/unity-build/StreamingAssets/commentary/A_block_2.mp3"},"res":{"statusCode":200},"responseTime":2,"msg":"request completed"}
{"level":30,"time":1791688477284,"pid":26304,"hostname":"Beast","req":{"id":81,"method":"GET","url":"/unity-build/StreamingAssets/commentary/A_block_3.mp3"},"res":{"statusCode":200},"responseTime":2,"msg":"request completed"}
{"level":30,"time":1791688477331,"pid":26304,"hostname":"Beast","req":{"id":82,"method":"GET","url":"/unity-build/StreamingAssets/commentary/A_point_1.mp3"},"res":{"statusCode":200},"responseTime":2,"msg":"request completed"}
{"level":30,"time":1791688477378,"pid":26304,"hostname":"Beast","req":{"id":83,"method":"GET","url":"/unity-build/StreamingAssets/commentary/A_point_2.mp3"},"res":{"statusCode":200},"responseTime":3,"msg":"request completed"}
{"level":30,"time":1791688477421,"pid":26304,"hostname":"Beast","req":{"id":84,"method":"GET","url":"/unity-build/StreamingAssets/commentary/A_point_3.mp3"},"res":{"statusCode":200},"responseTime":3,"msg":"request completed"}
{"level":30,"time":1791688477469,"pid":26304,"hostname":"Beast","req":{"id":85,"method":"GET","url":"/unity-build/StreamingAssets/commentary/A_rally_1.mp3"},"res":{"statusCode":200},"responseTime":1,"msg":"request completed"}
{"level":30,"time":1791688477514,"pid":26304,"hostname":"Beast","req":{"id":86,"method":"GET","url":"/unity-build/StreamingAssets/commentary/A_rally_2.mp3"},"res":{"statusCode":200},"responseTime":3,"msg":"request completed"}
{"level":30,"time":1791688477557,"pid":26304,"hostname":"Beast","req":{"id":87,"method":"GET","url":"/unity-build/StreamingAssets/commentary/A_rally_3.mp3"},"res":{"statusCode":200},"responseTime":3,"msg":"request completed"}
{"level":30,"time":1791688477604,"pid":26304,"hostname":"Beast","req":{"id":88,"method":"GET","url":"/unity-build/StreamingAssets/commentary/B_serve_1.mp3"},"res":{"statusCode":200},"responseTime":2,"msg":"request completed"}
{"level":30,"time":1791688477651,"pid":26304,"hostname":"Beast","req":{"id":89,"method":"GET","url":"/unity-build/StreamingAssets/commentary/B_serve_2.mp3"},"res":{"statusCode":200},"responseTime":2,"msg":"request completed"}
{"level":30,"time":1791688477695,"pid":26304,"hostname":"Beast","req":{"id":90,"method":"GET","url":"/unity-build/StreamingAssets/commentary/B_serve_3.mp3"},"res":{"statusCode":200},"responseTime":2,"msg":"request completed"}
{"level":30,"time":1791688477745,"pid":26304,"hostname":"Beast","req":{"id":91,"method":"GET","url":"/unity-build/StreamingAssets/commentary/B_dig_1.mp3"},"res":{"statusCode":200},"responseTime":2,"msg":"request completed"}
{"level":30,"time":1791688477789,"pid":26304,"hostname":"Beast","req":{"id":92,"method":"GET","url":"/unity-build/StreamingAssets/commentary/B_dig_2.mp3"},"res":{"statusCode":200},"responseTime":3,"msg":"request completed"}
{"level":30,"time":1791688477833,"pid":26304,"hostname":"Beast","req":{"id":93,"method":"GET","url":"/unity-build/StreamingAssets/commentary/B_dig_3.mp3"},"res":{"statusCode":200},"responseTime":2,"msg":"request completed"}
{"level":30,"time":1791688477878,"pid":26304,"hostname":"Beast","req":{"id":94,"method":"GET","url":"/unity-build/StreamingAssets/commentary/B_set_1.mp3"},"res":{"statusCode":200},"responseTime":1,"msg":"request completed"}
{"level":30,"time":1791688477925,"pid":26304,"hostname":"Beast","req":{"id":95,"method":"GET","url":"/unity-build/StreamingAssets/commentary/B_set_2.mp3"},"res":{"statusCode":200},"responseTime":3,"msg":"request completed"}
{"level":30,"time":1791688477968,"pid":26304,"hostname":"Beast","req":{"id":96,"method":"GET","url":"/unity-build/StreamingAssets/commentary/B_set_3.mp3"},"res":{"statusCode":200},"responseTime":1,"msg":"request completed"}
{"level":30,"time":1791688478015,"pid":26304,"hostname":"Beast","req":{"id":97,"method":"GET","url":"/unity-build/StreamingAssets/commentary/B_spike_1.mp3"},"res":{"statusCode":200},"responseTime":2,"msg":"request completed"}
{"level":30,"time":1791688478062,"pid":26304,"hostname":"Beast","req":{"id":98,"method":"GET","url":"/unity-build/StreamingAssets/commentary/B_spike_2.mp3"},"res":{"statusCode":200},"responseTime":2,"msg":"request completed"}
{"level":30,"time":1791688478105,"pid":26304,"hostname":"Beast","req":{"id":99,"method":"GET","url":"/unity-build/StreamingAssets/commentary/B_spike_3.mp3"},"res":{"statusCode":200},"responseTime":2,"msg":"request completed"}
{"level":30,"time":1791688478153,"pid":26304,"hostname":"Beast","req":{"id":100,"method":"GET","url":"/unity-build/StreamingAssets/commentary/B_blockattempt_1.mp3"},"res":{"statusCode":200},"responseTime":2,"msg":"request completed"}
{"level":30,"time":1791688478198,"pid":26304,"hostname":"Beast","req":{"id":101,"method":"GET","url":"/unity-build/StreamingAssets/commentary/B_blockattempt_2.mp3"},"res":{"statusCode":200},"responseTime":2,"msg":"request completed"}
{"level":30,"time":1791688478242,"pid":26304,"hostname":"Beast","req":{"id":102,"method":"GET","url":"/unity-build/StreamingAssets/commentary/B_blockattempt_3.mp3"},"res":{"statusCode":200},"responseTime":2,"msg":"request completed"}
{"level":30,"time":1791688478289,"pid":26304,"hostname":"Beast","req":{"id":103,"method":"GET","url":"/unity-build/StreamingAssets/commentary/B_block_1.mp3"},"res":{"statusCode":200},"responseTime":2,"msg":"request completed"}
{"level":30,"time":1791688478335,"pid":26304,"hostname":"Beast","req":{"id":104,"method":"GET","url":"/unity-build/StreamingAssets/commentary/B_block_2.mp3"},"res":{"statusCode":200},"responseTime":2,"msg":"request completed"}
{"level":30,"time":1791688478380,"pid":26304,"hostname":"Beast","req":{"id":105,"method":"GET","url":"/unity-build/StreamingAssets/commentary/B_block_3.mp3"},"res":{"statusCode":200},"responseTime":2,"msg":"request completed"}
{"level":30,"time":1791688478427,"pid":26304,"hostname":"Beast","req":{"id":106,"method":"GET","url":"/unity-build/StreamingAssets/commentary/B_point_1.mp3"},"res":{"statusCode":200},"responseTime":2,"msg":"request completed"}
{"level":30,"time":1791688478475,"pid":26304,"hostname":"Beast","req":{"id":107,"method":"GET","url":"/unity-build/StreamingAssets/commentary/B_point_2.mp3"},"res":{"statusCode":200},"responseTime":2,"msg":"request completed"}
{"level":30,"time":1791688478521,"pid":26304,"hostname":"Beast","req":{"id":108,"method":"GET","url":"/unity-build/StreamingAssets/commentary/B_point_3.mp3"},"res":{"statusCode":200},"responseTime":1,"msg":"request completed"}
{"level":30,"time":1791688478565,"pid":26304,"hostname":"Beast","req":{"id":109,"method":"GET","url":"/unity-build/StreamingAssets/commentary/B_rally_1.mp3"},"res":{"statusCode":200},"responseTime":1,"msg":"request completed"}
{"level":30,"time":1791688478612,"pid":26304,"hostname":"Beast","req":{"id":110,"method":"GET","url":"/unity-build/StreamingAssets/commentary/B_rally_2.mp3"},"res":{"statusCode":200},"responseTime":2,"msg":"request completed"}
{"level":30,"time":1791688478658,"pid":26304,"hostname":"Beast","req":{"id":111,"method":"GET","url":"/unity-build/StreamingAssets/commentary/B_rally_3.mp3"},"res":{"statusCode":200},"responseTime":2,"msg":"request completed"}
{"level":30,"time":1791688490536,"pid":26304,"hostname":"Beast","req":{"id":112,"method":"POST","url":"/api/unity/match-progress"},"res":{"statusCode":200},"responseTime":3,"msg":"request completed"}
{"level":30,"time":1791688497584,"pid":26304,"hostname":"Beast","req":{"id":113,"method":"POST","url":"/api/unity/match-progress"},"res":{"statusCode":200},"responseTime":2,"msg":"request completed"}
{"level":30,"time":1791688500197,"pid":26304,"hostname":"Beast","req":{"id":114,"method":"POST","url":"/api/unity/match-progress"},"res":{"statusCode":200},"responseTime":2,"msg":"request completed"}
{"level":30,"time":1791688504450,"pid":26304,"hostname":"Beast","req":{"id":115,"method":"POST","url":"/api/unity/match-progress"},"res":{"statusCode":200},"responseTime":2,"msg":"request completed"}
{"level":30,"time":1791688508081,"pid":26304,"hostname":"Beast","msg":"WAL checkpointed and database closed for shutdown"}
